{"label": "tool-node", "exit": 0, "seconds": 0.023578, "stdout_bytes": 9, "fault": null}
{"label": "tool-tsc", "exit": 0, "seconds": 0.206917, "stdout_bytes": 14, "fault": null}
{"label": "tool-python3", "exit": 0, "seconds": 0.003582, "stdout_bytes": 15, "fault": null}
{"label": "tool-pyrefly", "exit": 0, "seconds": 0.004184, "stdout_bytes": 20, "fault": null}
{"label": "tool-go", "exit": 0, "seconds": 0.005508, "stdout_bytes": 32, "fault": null}
{"label": "fresh-health", "exit": 0, "seconds": 3.486531, "stdout_bytes": 802, "fault": null}
{"label": "fresh-add", "exit": 0, "seconds": 17.205292, "stdout_bytes": 356, "fault": null}
{"label": "post-add-health", "exit": 0, "seconds": 0.115438, "stdout_bytes": 805, "fault": null}
{"label": "post-add-packages", "exit": 0, "seconds": 0.011181, "stdout_bytes": 522, "fault": null}
{"label": "post-add-semantic-versions", "exit": 0, "seconds": 0.010679, "stdout_bytes": 1624, "fault": null}
{"label": "query-search-receive_data", "exit": 0, "seconds": 1.62054, "stdout_bytes": 4681, "fault": null}
{"label": "query-resolve", "exit": 0, "seconds": 0.011906, "stdout_bytes": 995, "fault": null}
{"label": "query-outline-bare", "exit": 0, "seconds": 0.039053, "stdout_bytes": 33416, "fault": null}
{"label": "query-outline-dot", "exit": 0, "seconds": 0.041406, "stdout_bytes": 33416, "fault": null}
{"label": "query-outline-absolute", "exit": 0, "seconds": 0.041897, "stdout_bytes": 33416, "fault": null}
{"label": "query-source-6b519f1f", "exit": 0, "seconds": 0.013212, "stdout_bytes": 4946, "fault": null}
{"label": "query-show-6b519f1f", "exit": 0, "seconds": 0.145467, "stdout_bytes": 5906, "fault": null}
{"label": "query-references-6b519f1f", "exit": 0, "seconds": 0.079223, "stdout_bytes": 333, "fault": null}
{"label": "query-graph-6b519f1f", "exit": 0, "seconds": 0.078844, "stdout_bytes": 1729, "fault": null}
{"label": "query-related-6b519f1f", "exit": 0, "seconds": 0.104502, "stdout_bytes": 1729, "fault": null}
{"label": "after-job-cancel-health", "exit": 0, "seconds": 0.11282, "stdout_bytes": 805, "fault": null}
{"label": "retry-add", "exit": 0, "seconds": 13.20852, "stdout_bytes": 356, "fault": null}
{"label": "retry-health", "exit": 0, "seconds": 0.111637, "stdout_bytes": 805, "fault": null}
{"label": "retry-search-receive_data", "exit": 0, "seconds": 1.424483, "stdout_bytes": 4681, "fault": null}
{"label": "retry-resolve", "exit": 0, "seconds": 0.012794, "stdout_bytes": 995, "fault": null}
{"label": "edit-add", "exit": 0, "seconds": 18.943244, "stdout_bytes": 356, "fault": null}
{"label": "edit-health", "exit": 0, "seconds": 0.106851, "stdout_bytes": 805, "fault": null}
{"label": "edit-resolve", "exit": 0, "seconds": 0.01165, "stdout_bytes": 995, "fault": null}
{"label": "edit-source-6b519f1f", "exit": 0, "seconds": 0.011987, "stdout_bytes": 4948, "fault": null}
{"label": "edit-document-6b519f1f", "exit": 0, "seconds": 0.143303, "stdout_bytes": 5908, "fault": null}
{"label": "remove-project", "exit": 0, "seconds": 4.754584, "stdout_bytes": 358, "fault": null}
{"label": "removed-health", "exit": 0, "seconds": 0.163203, "stdout_bytes": 802, "fault": null}
{"label": "removed-source-6b519f1f", "exit": 2, "seconds": 0.013497, "stdout_bytes": 371, "fault": {"answer": "fault", "cause": "unproven", "detail": "a frame, DTO, or identity proof failed admission: library record not found", "operand": "/root/nudox-corpus-20261006/runs/fresh-remote-runtime/20261006T130846Z-python-configured-f443a03b/project::semantic::334b7c973d0dcba555acd5aa66c6ef40a35e43922430c40f1d102dac0d898998::receive_data", "slug": "protocol"}}
{"label": "removed-show-6b519f1f", "exit": 2, "seconds": 0.012197, "stdout_bytes": 371, "fault": {"answer": "fault", "cause": "unproven", "detail": "a frame, DTO, or identity proof failed admission: library record not found", "operand": "/root/nudox-corpus-20261006/runs/fresh-remote-runtime/20261006T130846Z-python-configured-f443a03b/project::semantic::334b7c973d0dcba555acd5aa66c6ef40a35e43922430c40f1d102dac0d898998::receive_data", "slug": "protocol"}}
{"label": "removed-references-6b519f1f", "exit": 2, "seconds": 0.005741, "stdout_bytes": 158, "fault": {"answer": "fault", "cause": "malformed", "detail": "references target is absent from the selected view", "operand": "", "slug": "invalid-query"}}
{"label": "removed-graph-6b519f1f", "exit": 2, "seconds": 0.012119, "stdout_bytes": 427, "fault": {"answer": "fault", "cause": "unproven", "detail": "a frame, DTO, or identity proof failed admission: command execution failed: semantic graph source is absent from the selected view", "operand": "/root/nudox-corpus-20261006/runs/fresh-remote-runtime/20261006T130846Z-python-configured-f443a03b/project::semantic::334b7c973d0dcba555acd5aa66c6ef40a35e43922430c40f1d102dac0d898998::receive_data", "slug": "protocol"}}
{"label": "readd-project", "exit": 0, "seconds": 18.348965, "stdout_bytes": 356, "fault": null}
{"label": "readded-health", "exit": 0, "seconds": 0.121063, "stdout_bytes": 805, "fault": null}
{"label": "readded-source-6b519f1f", "exit": 0, "seconds": 0.013089, "stdout_bytes": 4948, "fault": null}
{"label": "readded-show-6b519f1f", "exit": 0, "seconds": 0.116736, "stdout_bytes": 5908, "fault": null}
{"label": "readded-references-6b519f1f", "exit": 0, "seconds": 0.081873, "stdout_bytes": 333, "fault": null}
{"label": "readded-graph-6b519f1f", "exit": 0, "seconds": 0.078284, "stdout_bytes": 1729, "fault": null}
{"label": "cold-health", "exit": 0, "seconds": 7.299629, "stdout_bytes": 805, "fault": null}
{"label": "cold-search-receive_data", "exit": 0, "seconds": 1.987754, "stdout_bytes": 4681, "fault": null}
{"label": "cold-source-6b519f1f", "exit": 0, "seconds": 0.011819, "stdout_bytes": 4948, "fault": null}
{"label": "cold-show-6b519f1f", "exit": 0, "seconds": 0.157361, "stdout_bytes": 5908, "fault": null}
{"label": "cold-references-6b519f1f", "exit": 0, "seconds": 0.068599, "stdout_bytes": 333, "fault": null}
{"label": "cold-graph-6b519f1f", "exit": 0, "seconds": 0.093047, "stdout_bytes": 1729, "fault": null}
{"root": "/root/nudox-corpus-20261006/runs/fresh-remote-runtime/20261006T130846Z-python-configured-f443a03b", "source_unchanged": false, "accepted_project_pass": false, "remaining_owned_daemons": [], "journey_error": null}
