---
source: workspace/compiler/tests/snap_csharp.rs
assertion_line: 458
expression: sorted
---
{
    "CSharpFixtures.AsyncAwait": Module(
        Symbol {
            name: "CSharpFixtures.AsyncAwait",
            path: Local(
                "CSharpFixtures.AsyncAwait",
            ),
            aliases: None,
            visibility: Public,
            documentation: None,
            deprecation: None,
            doc_links: None,
            inner: Module {
                members: Some(
                    [
                        Local(
                            "CSharpFixtures.AsyncAwait::DataClient",
                        ),
                        Local(
                            "CSharpFixtures.AsyncAwait::Sequences",
                        ),
                    ],
                ),
            },
        },
    ),
    "CSharpFixtures.AsyncAwait::DataClient": RecordType(
        Symbol {
            name: "DataClient",
            path: Local(
                "CSharpFixtures.AsyncAwait::DataClient",
            ),
            aliases: Some(
                {
                    [
                        "T:CSharpFixtures.AsyncAwait.DataClient",
                    ],
                },
            ),
            visibility: Internal,
            documentation: Some(
                "A minimal HTTP-style client that exercises `async`/`await`\npatterns and iterator methods with `yield`.\n\nDeclared: `class`\n\nDeclared: `internal`",
            ),
            deprecation: None,
            doc_links: None,
            inner: Record {
                name: Some(
                    "DataClient",
                ),
                generics: None,
                fields: [
                    Known(
                        KnownField {
                            key: Ident(
                                "_baseUrl",
                            ),
                            type: Some(
                                TypeOperator(
                                    TypeOperator {
                                        operator: "!",
                                        type: Primitive(
                                            String,
                                        ),
                                    },
                                ),
                            ),
                            default_value: None,
                            attributes: FieldAttributes {
                                decorators: [
                                    "readonly",
                                    "accessibility:private",
                                ],
                                is_mutable: false,
                                is_optional: false,
                                is_static: false,
                            },
                            visibility: Some(
                                Private,
                            ),
                            documentation: Some(
                                "Declared: `private`",
                            ),
                        },
                    ),
                ],
                call_signatures: None,
                constructors: Some(
                    [
                        Function {
                            input_parameters: Some(
                                [
                                    Literal(
                                        LiteralParameter {
                                            name: "baseUrl",
                                            type: Some(
                                                TypeOperator(
                                                    TypeOperator {
                                                        operator: "!",
                                                        type: Primitive(
                                                            String,
                                                        ),
                                                    },
                                                ),
                                            ),
                                            attributes: None,
                                            default_value: None,
                                            description: Some(
                                                "The base URL of the remote service.",
                                            ),
                                        },
                                    ),
                                ],
                            ),
                            output_parameters: None,
                            type_links: None,
                            attributes: None,
                            generics: None,
                            receiver: None,
                            overloads: None,
                            implemented: true,
                            members: None,
                            implemented_protocols: None,
                        },
                    ],
                ),
                methods: None,
                index_signatures: None,
                super_types: None,
                members: Some(
                    [
                        Local(
                            "CSharpFixtures.AsyncAwait::DataClient.FetchAsync",
                        ),
                        Local(
                            "CSharpFixtures.AsyncAwait::DataClient.PostAsync",
                        ),
                    ],
                ),
                implemented_protocols: None,
            },
        },
    ),
    "CSharpFixtures.AsyncAwait::DataClient.FetchAsync": Function(
        Symbol {
            name: "FetchAsync",
            path: Local(
                "CSharpFixtures.AsyncAwait::DataClient.FetchAsync",
            ),
            aliases: Some(
                {
                    [
                        "M:CSharpFixtures.AsyncAwait.DataClient.FetchAsync(System.String,CancellationToken)",
                    ],
                },
            ),
            visibility: Public,
            documentation: Some(
                "Fetches a resource by `id` asynchronously.\n\nDeclared: `public`",
            ),
            deprecation: None,
            doc_links: None,
            inner: Function {
                input_parameters: Some(
                    [
                        Literal(
                            LiteralParameter {
                                name: "id",
                                type: Some(
                                    TypeOperator(
                                        TypeOperator {
                                            operator: "!",
                                            type: Primitive(
                                                String,
                                            ),
                                        },
                                    ),
                                ),
                                attributes: None,
                                default_value: None,
                                description: Some(
                                    "The resource identifier.",
                                ),
                            },
                        ),
                        Literal(
                            LiteralParameter {
                                name: "cancellationToken",
                                type: Some(
                                    TypeReference(
                                        TypeReference {
                                            identifier: "CancellationToken",
                                            generic_args: None,
                                        },
                                    ),
                                ),
                                attributes: Some(
                                    [
                                        Optional,
                                    ],
                                ),
                                default_value: Some(
                                    Var(
                                        "null",
                                    ),
                                ),
                                description: Some(
                                    "A token that can be used to cancel the operation.",
                                ),
                            },
                        ),
                    ],
                ),
                output_parameters: Some(
                    [
                        Literal(
                            LiteralParameter {
                                name: "",
                                type: Some(
                                    TypeReference(
                                        TypeReference {
                                            identifier: "Task",
                                            generic_args: None,
                                        },
                                    ),
                                ),
                                attributes: None,
                                default_value: None,
                                description: Some(
                                    "A \"/> that resolves to the raw JSON string,\nor `null` when the resource is not found.",
                                ),
                            },
                        ),
                        Literal(
                            LiteralParameter {
                                name: "throws",
                                type: Some(
                                    TypeReference(
                                        TypeReference {
                                            identifier: "HttpRequestException",
                                            generic_args: None,
                                        },
                                    ),
                                ),
                                attributes: Some(
                                    [
                                        Optional,
                                    ],
                                ),
                                default_value: None,
                                description: Some(
                                    "Thrown on network failures.",
                                ),
                            },
                        ),
                    ],
                ),
                type_links: None,
                attributes: Some(
                    [
                        Async,
                    ],
                ),
                generics: None,
                receiver: Some(
                    SharedRef,
                ),
                overloads: None,
                implemented: true,
                members: None,
                implemented_protocols: None,
            },
        },
    ),
    "CSharpFixtures.AsyncAwait::DataClient.PostAsync": Function(
        Symbol {
            name: "PostAsync",
            path: Local(
                "CSharpFixtures.AsyncAwait::DataClient.PostAsync",
            ),
            aliases: Some(
                {
                    [
                        "M:CSharpFixtures.AsyncAwait.DataClient.PostAsync(System.String,CancellationToken)",
                    ],
                },
            ),
            visibility: Public,
            documentation: Some(
                "Posts `payload` to the service and returns the\ncreated resource's identifier.\n\nDeclared: `public`",
            ),
            deprecation: None,
            doc_links: None,
            inner: Function {
                input_parameters: Some(
                    [
                        Literal(
                            LiteralParameter {
                                name: "payload",
                                type: Some(
                                    TypeOperator(
                                        TypeOperator {
                                            operator: "!",
                                            type: Primitive(
                                                String,
                                            ),
                                        },
                                    ),
                                ),
                                attributes: None,
                                default_value: None,
                                description: Some(
                                    "The JSON body to send.",
                                ),
                            },
                        ),
                        Literal(
                            LiteralParameter {
                                name: "cancellationToken",
                                type: Some(
                                    TypeReference(
                                        TypeReference {
                                            identifier: "CancellationToken",
                                            generic_args: None,
                                        },
                                    ),
                                ),
                                attributes: Some(
                                    [
                                        Optional,
                                    ],
                                ),
                                default_value: Some(
                                    Var(
                                        "null",
                                    ),
                                ),
                                description: Some(
                                    "Cancellation token.",
                                ),
                            },
                        ),
                    ],
                ),
                output_parameters: Some(
                    [
                        Literal(
                            LiteralParameter {
                                name: "",
                                type: Some(
                                    TypeReference(
                                        TypeReference {
                                            identifier: "Task",
                                            generic_args: None,
                                        },
                                    ),
                                ),
                                attributes: None,
                                default_value: None,
                                description: Some(
                                    "The server-assigned ID of the created resource.",
                                ),
                            },
                        ),
                        Literal(
                            LiteralParameter {
                                name: "throws",
                                type: Some(
                                    TypeReference(
                                        TypeReference {
                                            identifier: "InvalidOperationException",
                                            generic_args: None,
                                        },
                                    ),
                                ),
                                attributes: Some(
                                    [
                                        Optional,
                                    ],
                                ),
                                default_value: None,
                                description: Some(
                                    "Thrown when the server response does not include a Location header.",
                                ),
                            },
                        ),
                    ],
                ),
                type_links: None,
                attributes: Some(
                    [
                        Async,
                    ],
                ),
                generics: None,
                receiver: Some(
                    SharedRef,
                ),
                overloads: None,
                implemented: true,
                members: None,
                implemented_protocols: None,
            },
        },
    ),
    "CSharpFixtures.AsyncAwait::Sequences": RecordType(
        Symbol {
            name: "Sequences",
            path: Local(
                "CSharpFixtures.AsyncAwait::Sequences",
            ),
            aliases: Some(
                {
                    [
                        "T:CSharpFixtures.AsyncAwait.Sequences",
                    ],
                },
            ),
            visibility: Internal,
            documentation: Some(
                "Utility methods that return iterator sequences via `yield return`.\n\nDeclared: `static class`\n\nDeclared: `internal`",
            ),
            deprecation: None,
            doc_links: None,
            inner: Record {
                name: Some(
                    "Sequences",
                ),
                generics: None,
                fields: [],
                call_signatures: None,
                constructors: None,
                methods: None,
                index_signatures: None,
                super_types: None,
                members: Some(
                    [
                        Local(
                            "CSharpFixtures.AsyncAwait::Sequences.Fibonacci",
                        ),
                        Local(
                            "CSharpFixtures.AsyncAwait::Sequences.Filter",
                        ),
                        Local(
                            "CSharpFixtures.AsyncAwait::Sequences.StreamAsync",
                        ),
                    ],
                ),
                implemented_protocols: None,
            },
        },
    ),
    "CSharpFixtures.AsyncAwait::Sequences.Fibonacci": Function(
        Symbol {
            name: "Fibonacci",
            path: Local(
                "CSharpFixtures.AsyncAwait::Sequences.Fibonacci",
            ),
            aliases: Some(
                {
                    [
                        "M:CSharpFixtures.AsyncAwait.Sequences.Fibonacci",
                    ],
                },
            ),
            visibility: Public,
            documentation: Some(
                "Generates an infinite Fibonacci sequence.\n\nBecause this is an iterator (`yield return`), the caller controls\nevaluation via LINQ operators such as \"/>.\n\nDeclared: `static`\n\nDeclared: `public`",
            ),
            deprecation: None,
            doc_links: Some(
                {
                    "T:System.Collections.Generic.IEnumerable`1": Local(
                        "T:System.Collections.Generic.IEnumerable`1",
                    ),
                },
            ),
            inner: Function {
                input_parameters: None,
                output_parameters: Some(
                    [
                        Literal(
                            LiteralParameter {
                                name: "",
                                type: Some(
                                    TypeOperator(
                                        TypeOperator {
                                            operator: "!",
                                            type: TypeReference(
                                                TypeReference {
                                                    identifier: "System.Collections.Generic.IEnumerable",
                                                    generic_args: Some(
                                                        [
                                                            Type(
                                                                TypeOperator(
                                                                    TypeOperator {
                                                                        operator: "!",
                                                                        type: Primitive(
                                                                            Int(
                                                                                W64,
                                                                            ),
                                                                        ),
                                                                    },
                                                                ),
                                                            ),
                                                        ],
                                                    ),
                                                },
                                            ),
                                        },
                                    ),
                                ),
                                attributes: None,
                                default_value: None,
                                description: Some(
                                    "An infinite `IEnumerable` of Fibonacci numbers.",
                                ),
                            },
                        ),
                    ],
                ),
                type_links: None,
                attributes: None,
                generics: None,
                receiver: Some(
                    Static,
                ),
                overloads: None,
                implemented: true,
                members: None,
                implemented_protocols: None,
            },
        },
    ),
    "CSharpFixtures.AsyncAwait::Sequences.Filter": Function(
        Symbol {
            name: "Filter",
            path: Local(
                "CSharpFixtures.AsyncAwait::Sequences.Filter",
            ),
            aliases: Some(
                {
                    [
                        "M:CSharpFixtures.AsyncAwait.Sequences.Filter(System.Int32,System.Int32,Func{System.Int32,System.Boolean})",
                    ],
                },
            ),
            visibility: Public,
            documentation: Some(
                "Yields integers in [`start`, `end`)\nthat satisfy `predicate`.\n\nDeclared: `static`\n\nDeclared: `public`",
            ),
            deprecation: None,
            doc_links: None,
            inner: Function {
                input_parameters: Some(
                    [
                        Literal(
                            LiteralParameter {
                                name: "start",
                                type: Some(
                                    TypeOperator(
                                        TypeOperator {
                                            operator: "!",
                                            type: Primitive(
                                                Int(
                                                    W32,
                                                ),
                                            ),
                                        },
                                    ),
                                ),
                                attributes: None,
                                default_value: None,
                                description: Some(
                                    "Inclusive lower bound.",
                                ),
                            },
                        ),
                        Literal(
                            LiteralParameter {
                                name: "end",
                                type: Some(
                                    TypeOperator(
                                        TypeOperator {
                                            operator: "!",
                                            type: Primitive(
                                                Int(
                                                    W32,
                                                ),
                                            ),
                                        },
                                    ),
                                ),
                                attributes: None,
                                default_value: None,
                                description: Some(
                                    "Exclusive upper bound.",
                                ),
                            },
                        ),
                        Literal(
                            LiteralParameter {
                                name: "predicate",
                                type: Some(
                                    TypeReference(
                                        TypeReference {
                                            identifier: "Func",
                                            generic_args: None,
                                        },
                                    ),
                                ),
                                attributes: None,
                                default_value: None,
                                description: Some(
                                    "The filter predicate.",
                                ),
                            },
                        ),
                    ],
                ),
                output_parameters: Some(
                    [
                        Literal(
                            LiteralParameter {
                                name: "",
                                type: Some(
                                    TypeOperator(
                                        TypeOperator {
                                            operator: "!",
                                            type: TypeReference(
                                                TypeReference {
                                                    identifier: "System.Collections.Generic.IEnumerable",
                                                    generic_args: Some(
                                                        [
                                                            Type(
                                                                TypeOperator(
                                                                    TypeOperator {
                                                                        operator: "!",
                                                                        type: Primitive(
                                                                            Int(
                                                                                W32,
                                                                            ),
                                                                        ),
                                                                    },
                                                                ),
                                                            ),
                                                        ],
                                                    ),
                                                },
                                            ),
                                        },
                                    ),
                                ),
                                attributes: None,
                                default_value: None,
                                description: Some(
                                    "Matching integers in ascending order.",
                                ),
                            },
                        ),
                    ],
                ),
                type_links: None,
                attributes: None,
                generics: None,
                receiver: Some(
                    Static,
                ),
                overloads: None,
                implemented: true,
                members: None,
                implemented_protocols: None,
            },
        },
    ),
    "CSharpFixtures.AsyncAwait::Sequences.StreamAsync": Function(
        Symbol {
            name: "StreamAsync",
            path: Local(
                "CSharpFixtures.AsyncAwait::Sequences.StreamAsync",
            ),
            aliases: Some(
                {
                    [
                        "M:CSharpFixtures.AsyncAwait.Sequences.StreamAsync(System.Int32,System.Int32,System.Int32,CancellationToken)",
                    ],
                },
            ),
            visibility: Public,
            documentation: Some(
                "Asynchronously streams integers from `start` to\n`end` exclusive, yielding after each with a small\nartificial delay (simulates I/O-paced streaming).\n\nDeclared: `static`\n\nDeclared: `public`",
            ),
            deprecation: None,
            doc_links: Some(
                {
                    "T:System.Collections.Generic.IAsyncEnumerable`1": Local(
                        "T:System.Collections.Generic.IAsyncEnumerable`1",
                    ),
                },
            ),
            inner: Function {
                input_parameters: Some(
                    [
                        Literal(
                            LiteralParameter {
                                name: "start",
                                type: Some(
                                    TypeOperator(
                                        TypeOperator {
                                            operator: "!",
                                            type: Primitive(
                                                Int(
                                                    W32,
                                                ),
                                            ),
                                        },
                                    ),
                                ),
                                attributes: None,
                                default_value: None,
                                description: Some(
                                    "Inclusive lower bound.",
                                ),
                            },
                        ),
                        Literal(
                            LiteralParameter {
                                name: "end",
                                type: Some(
                                    TypeOperator(
                                        TypeOperator {
                                            operator: "!",
                                            type: Primitive(
                                                Int(
                                                    W32,
                                                ),
                                            ),
                                        },
                                    ),
                                ),
                                attributes: None,
                                default_value: None,
                                description: Some(
                                    "Exclusive upper bound.",
                                ),
                            },
                        ),
                        Literal(
                            LiteralParameter {
                                name: "delayMs",
                                type: Some(
                                    TypeOperator(
                                        TypeOperator {
                                            operator: "!",
                                            type: Primitive(
                                                Int(
                                                    W32,
                                                ),
                                            ),
                                        },
                                    ),
                                ),
                                attributes: Some(
                                    [
                                        Optional,
                                    ],
                                ),
                                default_value: Some(
                                    Int(
                                        10,
                                    ),
                                ),
                                description: Some(
                                    "Milliseconds to wait between items.",
                                ),
                            },
                        ),
                        Literal(
                            LiteralParameter {
                                name: "cancellationToken",
                                type: Some(
                                    TypeReference(
                                        TypeReference {
                                            identifier: "CancellationToken",
                                            generic_args: None,
                                        },
                                    ),
                                ),
                                attributes: Some(
                                    [
                                        Optional,
                                    ],
                                ),
                                default_value: Some(
                                    Var(
                                        "null",
                                    ),
                                ),
                                description: Some(
                                    "Cancellation token.",
                                ),
                            },
                        ),
                    ],
                ),
                output_parameters: Some(
                    [
                        Literal(
                            LiteralParameter {
                                name: "",
                                type: Some(
                                    TypeOperator(
                                        TypeOperator {
                                            operator: "!",
                                            type: TypeReference(
                                                TypeReference {
                                                    identifier: "System.Collections.Generic.IAsyncEnumerable",
                                                    generic_args: Some(
                                                        [
                                                            Type(
                                                                TypeOperator(
                                                                    TypeOperator {
                                                                        operator: "!",
                                                                        type: Primitive(
                                                                            Int(
                                                                                W32,
                                                                            ),
                                                                        ),
                                                                    },
                                                                ),
                                                            ),
                                                        ],
                                                    ),
                                                },
                                            ),
                                        },
                                    ),
                                ),
                                attributes: None,
                                default_value: None,
                                description: Some(
                                    "An `IAsyncEnumerable` of integers.",
                                ),
                            },
                        ),
                    ],
                ),
                type_links: None,
                attributes: Some(
                    [
                        Async,
                    ],
                ),
                generics: None,
                receiver: Some(
                    Static,
                ),
                overloads: None,
                implemented: true,
                members: None,
                implemented_protocols: None,
            },
        },
    ),
}
