---
source: workspace/compiler/tests/snap_python.rs
assertion_line: 617
expression: rendered
---
"""
Module docstring.
"""
// <unrendered module>

# ---

"""
A well-documented class.
"""
@dataclass
class Documented:
    value: int

# ---

"""
Return a description.
"""
def describe(self, self: Self) -> str: ...

# ---

"""
Check if x converts to y.
"""
def documented_func(x: int, y: str) -> bool: ...
