---
source: workspace/compiler/tests/snap_csharp.rs
assertion_line: 700
expression: rendered
---
// <unrendered module>

// ---

/// Exercises all six C# accessibility levels in one class, plus an explicit
/// interface implementation (which is `private` at the declaration site
/// but callable via the interface).
/// 
/// Declared: `class`
/// 
/// Declared: `internal`
internal class AccessLevels : IFormattable {
    public int PublicField { get; set; }
    protected int ProtectedInternalField { get; set; }
    protected int ProtectedField { get; set; }
    internal int InternalField { get; set; }
    internal int PrivateProtectedField { get; set; }
    private int PrivateField { get; set; }
}

// ---

/// An internal method.
/// 
/// Declared: `internal`
internal void InternalMethod();

// ---

/// A private method.
/// 
/// Declared: `private`
private void PrivateMethod();

// ---

/// A private-protected method.
/// 
/// Declared: `privateProtected`
internal void PrivateProtectedMethod();

// ---

/// A protected-internal method.
/// 
/// Declared: `protectedInternal`
protected void ProtectedInternalMethod();

// ---

/// A protected method.
/// 
/// Declared: `virtual`
/// 
/// Declared: `protected`
protected void ProtectedMethod();

// ---

/// A public method.
/// 
/// Declared: `public`
public void PublicMethod();
