---
source: workspace/compiler/tests/snap_python.rs
assertion_line: 293
expression: sorted
---
{
    "snap_variadic_functions.py": Module(
        Symbol {
            name: "snap_variadic_functions",
            path: Local(
                "snap_variadic_functions.py",
            ),
            aliases: None,
            visibility: Public,
            documentation: None,
            deprecation: None,
            doc_links: None,
            inner: Module {
                members: Some(
                    [
                        Local(
                            "snap_variadic_functions::configure",
                        ),
                        Local(
                            "snap_variadic_functions::log",
                        ),
                        Local(
                            "snap_variadic_functions::mixed",
                        ),
                    ],
                ),
            },
        },
    ),
    "snap_variadic_functions::configure": Function(
        Symbol {
            name: "configure",
            path: Local(
                "snap_variadic_functions::configure",
            ),
            aliases: None,
            visibility: Public,
            documentation: None,
            deprecation: None,
            doc_links: None,
            inner: Function {
                input_parameters: Some(
                    [
                        Literal(
                            LiteralParameter {
                                name: "kwargs",
                                type: Some(
                                    TypeReference(
                                        TypeReference {
                                            identifier: "builtins.int",
                                            generic_args: None,
                                        },
                                    ),
                                ),
                                attributes: Some(
                                    [
                                        KwVariadic,
                                    ],
                                ),
                                default_value: None,
                                description: None,
                            },
                        ),
                    ],
                ),
                output_parameters: Some(
                    [
                        Literal(
                            LiteralParameter {
                                name: "",
                                type: Some(
                                    TypeReference(
                                        TypeReference {
                                            identifier: "builtins.NoneType",
                                            generic_args: None,
                                        },
                                    ),
                                ),
                                attributes: None,
                                default_value: None,
                                description: None,
                            },
                        ),
                    ],
                ),
                type_links: None,
                attributes: None,
                generics: None,
                receiver: None,
                overloads: None,
                implemented: true,
                members: None,
                implemented_protocols: None,
            },
        },
    ),
    "snap_variadic_functions::log": Function(
        Symbol {
            name: "log",
            path: Local(
                "snap_variadic_functions::log",
            ),
            aliases: None,
            visibility: Public,
            documentation: None,
            deprecation: None,
            doc_links: None,
            inner: Function {
                input_parameters: Some(
                    [
                        Literal(
                            LiteralParameter {
                                name: "messages",
                                type: Some(
                                    TypeReference(
                                        TypeReference {
                                            identifier: "builtins.str",
                                            generic_args: None,
                                        },
                                    ),
                                ),
                                attributes: Some(
                                    [
                                        Variadic,
                                    ],
                                ),
                                default_value: None,
                                description: None,
                            },
                        ),
                    ],
                ),
                output_parameters: Some(
                    [
                        Literal(
                            LiteralParameter {
                                name: "",
                                type: Some(
                                    TypeReference(
                                        TypeReference {
                                            identifier: "builtins.NoneType",
                                            generic_args: None,
                                        },
                                    ),
                                ),
                                attributes: None,
                                default_value: None,
                                description: None,
                            },
                        ),
                    ],
                ),
                type_links: None,
                attributes: None,
                generics: None,
                receiver: None,
                overloads: None,
                implemented: true,
                members: None,
                implemented_protocols: None,
            },
        },
    ),
    "snap_variadic_functions::mixed": Function(
        Symbol {
            name: "mixed",
            path: Local(
                "snap_variadic_functions::mixed",
            ),
            aliases: None,
            visibility: Public,
            documentation: None,
            deprecation: None,
            doc_links: None,
            inner: Function {
                input_parameters: Some(
                    [
                        Literal(
                            LiteralParameter {
                                name: "first",
                                type: Some(
                                    TypeReference(
                                        TypeReference {
                                            identifier: "builtins.int",
                                            generic_args: None,
                                        },
                                    ),
                                ),
                                attributes: None,
                                default_value: None,
                                description: None,
                            },
                        ),
                        Literal(
                            LiteralParameter {
                                name: "rest",
                                type: Some(
                                    TypeReference(
                                        TypeReference {
                                            identifier: "builtins.str",
                                            generic_args: None,
                                        },
                                    ),
                                ),
                                attributes: Some(
                                    [
                                        Variadic,
                                    ],
                                ),
                                default_value: None,
                                description: None,
                            },
                        ),
                        Literal(
                            LiteralParameter {
                                name: "options",
                                type: Some(
                                    TypeReference(
                                        TypeReference {
                                            identifier: "builtins.bool",
                                            generic_args: None,
                                        },
                                    ),
                                ),
                                attributes: Some(
                                    [
                                        KwVariadic,
                                    ],
                                ),
                                default_value: None,
                                description: None,
                            },
                        ),
                    ],
                ),
                output_parameters: Some(
                    [
                        Literal(
                            LiteralParameter {
                                name: "",
                                type: Some(
                                    TypeReference(
                                        TypeReference {
                                            identifier: "builtins.str",
                                            generic_args: None,
                                        },
                                    ),
                                ),
                                attributes: None,
                                default_value: None,
                                description: None,
                            },
                        ),
                    ],
                ),
                type_links: None,
                attributes: None,
                generics: None,
                receiver: None,
                overloads: None,
                implemented: true,
                members: None,
                implemented_protocols: None,
            },
        },
    ),
}
