---
source: workspace/compiler/tests/snap_go.rs
assertion_line: 175
expression: sorted
---
{
    "example.com/interfaces": Module(
        Symbol {
            name: "example.com/interfaces",
            path: Local(
                "example.com/interfaces",
            ),
            aliases: None,
            visibility: Public,
            documentation: Some(
                "Package interfaces exercises Go interface declarations, embedded interfaces, generics (Go 1.18+ type parameters), and constraint type sets.",
            ),
            deprecation: None,
            doc_links: None,
            inner: Module {
                members: Some(
                    [
                        Local(
                            "example.com/interfaces::Closer",
                        ),
                        Local(
                            "example.com/interfaces::Container",
                        ),
                        Local(
                            "example.com/interfaces::Map",
                        ),
                        Local(
                            "example.com/interfaces::Ordered",
                        ),
                        Local(
                            "example.com/interfaces::ReadWriteCloser",
                        ),
                        Local(
                            "example.com/interfaces::ReadWriter",
                        ),
                        Local(
                            "example.com/interfaces::Reader",
                        ),
                        Local(
                            "example.com/interfaces::Stack.Push",
                        ),
                        Local(
                            "example.com/interfaces::Stack.Pop",
                        ),
                        Local(
                            "example.com/interfaces::Stack",
                        ),
                        Local(
                            "example.com/interfaces::Stringer",
                        ),
                        Local(
                            "example.com/interfaces::Transform",
                        ),
                        Local(
                            "example.com/interfaces::Writer",
                        ),
                        Local(
                            "example.com/interfaces::unexportedHelper",
                        ),
                    ],
                ),
            },
        },
    ),
    "example.com/interfaces::Closer": TraitDef(
        Symbol {
            name: "Closer",
            path: Local(
                "example.com/interfaces::Closer",
            ),
            aliases: None,
            visibility: Public,
            documentation: Some(
                "Closer closes a resource.",
            ),
            deprecation: None,
            doc_links: None,
            inner: TraitDef {
                generics: None,
                super_traits: None,
                associated_types: None,
                properties: None,
                required_methods: Some(
                    [
                        TraitMethod {
                            name: "Close",
                            parameters: None,
                            return_type: Some(
                                TypeReference(
                                    TypeReference {
                                        identifier: "error",
                                        generic_args: None,
                                    },
                                ),
                            ),
                            generics: None,
                            attributes: None,
                            documentation: None,
                            receiver: None,
                            has_default_implementation: false,
                        },
                    ],
                ),
                provided_methods: None,
                required_constants: None,
                attributes: None,
                object_safe: None,
                sealed: None,
                cfg: None,
                members: None,
            },
        },
    ),
    "example.com/interfaces::Container": TraitDef(
        Symbol {
            name: "Container",
            path: Local(
                "example.com/interfaces::Container",
            ),
            aliases: None,
            visibility: Public,
            documentation: Some(
                "Container is a generic interface constrained to ordered types (Go 1.18+).\n\nT must satisfy the Ordered constraint.",
            ),
            deprecation: None,
            doc_links: None,
            inner: TraitDef {
                generics: Some(
                    Generics {
                        params: [
                            Type(
                                TypeParam {
                                    name: Some(
                                        "T",
                                    ),
                                    kind: Type,
                                    variance: Invariant,
                                    default_type: None,
                                    params: None,
                                    origin: Free,
                                },
                            ),
                        ],
                        constraints: [
                            TraitBound {
                                param: "T",
                                trait_ref: TraitRef {
                                    name: "example.com/interfaces.Ordered",
                                    args: [],
                                },
                            },
                        ],
                    },
                ),
                super_traits: None,
                associated_types: None,
                properties: None,
                required_methods: Some(
                    [
                        TraitMethod {
                            name: "Add",
                            parameters: Some(
                                [
                                    Literal(
                                        LiteralParameter {
                                            name: "item",
                                            type: Some(
                                                GenericParam(
                                                    GenericParam {
                                                        name: "T",
                                                        kind: None,
                                                    },
                                                ),
                                            ),
                                            attributes: None,
                                            default_value: None,
                                            description: None,
                                        },
                                    ),
                                ],
                            ),
                            return_type: None,
                            generics: None,
                            attributes: None,
                            documentation: None,
                            receiver: None,
                            has_default_implementation: false,
                        },
                        TraitMethod {
                            name: "Get",
                            parameters: Some(
                                [
                                    Literal(
                                        LiteralParameter {
                                            name: "i",
                                            type: Some(
                                                Primitive(
                                                    Int(
                                                        Arch,
                                                    ),
                                                ),
                                            ),
                                            attributes: None,
                                            default_value: None,
                                            description: None,
                                        },
                                    ),
                                ],
                            ),
                            return_type: Some(
                                GenericParam(
                                    GenericParam {
                                        name: "T",
                                        kind: None,
                                    },
                                ),
                            ),
                            generics: None,
                            attributes: None,
                            documentation: None,
                            receiver: None,
                            has_default_implementation: false,
                        },
                        TraitMethod {
                            name: "Len",
                            parameters: None,
                            return_type: Some(
                                Primitive(
                                    Int(
                                        Arch,
                                    ),
                                ),
                            ),
                            generics: None,
                            attributes: None,
                            documentation: None,
                            receiver: None,
                            has_default_implementation: false,
                        },
                    ],
                ),
                provided_methods: None,
                required_constants: None,
                attributes: None,
                object_safe: None,
                sealed: None,
                cfg: None,
                members: None,
            },
        },
    ),
    "example.com/interfaces::Map": RecordType(
        Symbol {
            name: "Map",
            path: Local(
                "example.com/interfaces::Map",
            ),
            aliases: None,
            visibility: Public,
            documentation: Some(
                "Map is a named type over a generic map, demonstrating type params on a named type.",
            ),
            deprecation: None,
            doc_links: None,
            inner: Record {
                name: Some(
                    "Map",
                ),
                generics: Some(
                    Generics {
                        params: [
                            Type(
                                TypeParam {
                                    name: Some(
                                        "K",
                                    ),
                                    kind: Type,
                                    variance: Invariant,
                                    default_type: None,
                                    params: None,
                                    origin: Free,
                                },
                            ),
                            Type(
                                TypeParam {
                                    name: Some(
                                        "V",
                                    ),
                                    kind: Type,
                                    variance: Invariant,
                                    default_type: None,
                                    params: None,
                                    origin: Free,
                                },
                            ),
                        ],
                        constraints: [
                            TraitBound {
                                param: "K",
                                trait_ref: TraitRef {
                                    name: "comparable",
                                    args: [],
                                },
                            },
                        ],
                    },
                ),
                fields: [
                    Known(
                        KnownField {
                            key: Index(
                                0,
                            ),
                            type: Some(
                                TypeOperator(
                                    TypeOperator {
                                        operator: "map",
                                        type: Tuple(
                                            [
                                                GenericParam(
                                                    GenericParam {
                                                        name: "K",
                                                        kind: None,
                                                    },
                                                ),
                                                GenericParam(
                                                    GenericParam {
                                                        name: "V",
                                                        kind: None,
                                                    },
                                                ),
                                            ],
                                        ),
                                    },
                                ),
                            ),
                            default_value: None,
                            attributes: FieldAttributes {
                                decorators: [
                                    "underlying",
                                ],
                                is_mutable: true,
                                is_optional: false,
                                is_static: false,
                            },
                            visibility: Some(
                                Public,
                            ),
                            documentation: None,
                        },
                    ),
                ],
                call_signatures: None,
                constructors: None,
                methods: None,
                index_signatures: None,
                super_types: None,
                members: None,
                implemented_protocols: None,
            },
        },
    ),
    "example.com/interfaces::Ordered": TraitDef(
        Symbol {
            name: "Ordered",
            path: Local(
                "example.com/interfaces::Ordered",
            ),
            aliases: None,
            visibility: Public,
            documentation: Some(
                "Ordered is a constraint type set: integers, floats, and strings.",
            ),
            deprecation: None,
            doc_links: None,
            inner: TraitDef {
                generics: None,
                super_traits: None,
                associated_types: None,
                properties: Some(
                    [
                        Known(
                            KnownField {
                                key: Ident(
                                    "type_set",
                                ),
                                type: Some(
                                    Union(
                                        [
                                            TypeOperator(
                                                TypeOperator {
                                                    operator: "~",
                                                    type: Primitive(
                                                        Int(
                                                            Arch,
                                                        ),
                                                    ),
                                                },
                                            ),
                                            TypeOperator(
                                                TypeOperator {
                                                    operator: "~",
                                                    type: Primitive(
                                                        Int(
                                                            W8,
                                                        ),
                                                    ),
                                                },
                                            ),
                                            TypeOperator(
                                                TypeOperator {
                                                    operator: "~",
                                                    type: Primitive(
                                                        Int(
                                                            W16,
                                                        ),
                                                    ),
                                                },
                                            ),
                                            TypeOperator(
                                                TypeOperator {
                                                    operator: "~",
                                                    type: Primitive(
                                                        Int(
                                                            W32,
                                                        ),
                                                    ),
                                                },
                                            ),
                                            TypeOperator(
                                                TypeOperator {
                                                    operator: "~",
                                                    type: Primitive(
                                                        Int(
                                                            W64,
                                                        ),
                                                    ),
                                                },
                                            ),
                                            TypeOperator(
                                                TypeOperator {
                                                    operator: "~",
                                                    type: Primitive(
                                                        UInt(
                                                            Arch,
                                                        ),
                                                    ),
                                                },
                                            ),
                                            TypeOperator(
                                                TypeOperator {
                                                    operator: "~",
                                                    type: Primitive(
                                                        UInt(
                                                            W8,
                                                        ),
                                                    ),
                                                },
                                            ),
                                            TypeOperator(
                                                TypeOperator {
                                                    operator: "~",
                                                    type: Primitive(
                                                        UInt(
                                                            W16,
                                                        ),
                                                    ),
                                                },
                                            ),
                                            TypeOperator(
                                                TypeOperator {
                                                    operator: "~",
                                                    type: Primitive(
                                                        UInt(
                                                            W32,
                                                        ),
                                                    ),
                                                },
                                            ),
                                            TypeOperator(
                                                TypeOperator {
                                                    operator: "~",
                                                    type: Primitive(
                                                        UInt(
                                                            W64,
                                                        ),
                                                    ),
                                                },
                                            ),
                                            TypeOperator(
                                                TypeOperator {
                                                    operator: "~",
                                                    type: Primitive(
                                                        Float(
                                                            W32,
                                                        ),
                                                    ),
                                                },
                                            ),
                                            TypeOperator(
                                                TypeOperator {
                                                    operator: "~",
                                                    type: Primitive(
                                                        Float(
                                                            W64,
                                                        ),
                                                    ),
                                                },
                                            ),
                                            TypeOperator(
                                                TypeOperator {
                                                    operator: "~",
                                                    type: Primitive(
                                                        String,
                                                    ),
                                                },
                                            ),
                                        ],
                                    ),
                                ),
                                default_value: None,
                                attributes: FieldAttributes {
                                    decorators: [
                                        "go:type_set",
                                    ],
                                    is_mutable: false,
                                    is_optional: false,
                                    is_static: true,
                                },
                                visibility: Some(
                                    Public,
                                ),
                                documentation: Some(
                                    "Constraint type set (structural Union / ~ terms).",
                                ),
                            },
                        ),
                    ],
                ),
                required_methods: None,
                provided_methods: None,
                required_constants: None,
                attributes: Some(
                    [
                        Custom {
                            name: "type_set",
                            args: Some(
                                [
                                    "~int",
                                    "~int8",
                                    "~int16",
                                    "~int32",
                                    "~int64",
                                    "~uint",
                                    "~uint8",
                                    "~uint16",
                                    "~uint32",
                                    "~uint64",
                                    "~float32",
                                    "~float64",
                                    "~string",
                                ],
                            ),
                        },
                        Custom {
                            name: "comparable",
                            args: None,
                        },
                    ],
                ),
                object_safe: None,
                sealed: None,
                cfg: None,
                members: None,
            },
        },
    ),
    "example.com/interfaces::ReadWriteCloser": TraitDef(
        Symbol {
            name: "ReadWriteCloser",
            path: Local(
                "example.com/interfaces::ReadWriteCloser",
            ),
            aliases: None,
            visibility: Public,
            documentation: Some(
                "ReadWriteCloser embeds all three.",
            ),
            deprecation: None,
            doc_links: None,
            inner: TraitDef {
                generics: None,
                super_traits: Some(
                    [
                        TraitRef {
                            name: "example.com/interfaces.ReadWriter",
                            args: [],
                        },
                        TraitRef {
                            name: "example.com/interfaces.Closer",
                            args: [],
                        },
                    ],
                ),
                associated_types: None,
                properties: None,
                required_methods: Some(
                    [
                        TraitMethod {
                            name: "Close",
                            parameters: None,
                            return_type: Some(
                                TypeReference(
                                    TypeReference {
                                        identifier: "error",
                                        generic_args: None,
                                    },
                                ),
                            ),
                            generics: None,
                            attributes: None,
                            documentation: Some(
                                "Inherited via an embedded interface (declared in `example.com/interfaces`).",
                            ),
                            receiver: None,
                            has_default_implementation: false,
                        },
                        TraitMethod {
                            name: "Read",
                            parameters: Some(
                                [
                                    Literal(
                                        LiteralParameter {
                                            name: "p",
                                            type: Some(
                                                Slice(
                                                    TypeReference(
                                                        TypeReference {
                                                            identifier: "byte",
                                                            generic_args: None,
                                                        },
                                                    ),
                                                ),
                                            ),
                                            attributes: None,
                                            default_value: None,
                                            description: None,
                                        },
                                    ),
                                ],
                            ),
                            return_type: Some(
                                NamedTuple(
                                    [
                                        TupleMember {
                                            label: Some(
                                                "n",
                                            ),
                                            type: Primitive(
                                                Int(
                                                    Arch,
                                                ),
                                            ),
                                        },
                                        TupleMember {
                                            label: Some(
                                                "err",
                                            ),
                                            type: TypeReference(
                                                TypeReference {
                                                    identifier: "error",
                                                    generic_args: None,
                                                },
                                            ),
                                        },
                                    ],
                                ),
                            ),
                            generics: None,
                            attributes: None,
                            documentation: Some(
                                "Inherited via an embedded interface (declared in `example.com/interfaces`).",
                            ),
                            receiver: None,
                            has_default_implementation: false,
                        },
                        TraitMethod {
                            name: "Write",
                            parameters: Some(
                                [
                                    Literal(
                                        LiteralParameter {
                                            name: "p",
                                            type: Some(
                                                Slice(
                                                    TypeReference(
                                                        TypeReference {
                                                            identifier: "byte",
                                                            generic_args: None,
                                                        },
                                                    ),
                                                ),
                                            ),
                                            attributes: None,
                                            default_value: None,
                                            description: None,
                                        },
                                    ),
                                ],
                            ),
                            return_type: Some(
                                NamedTuple(
                                    [
                                        TupleMember {
                                            label: Some(
                                                "n",
                                            ),
                                            type: Primitive(
                                                Int(
                                                    Arch,
                                                ),
                                            ),
                                        },
                                        TupleMember {
                                            label: Some(
                                                "err",
                                            ),
                                            type: TypeReference(
                                                TypeReference {
                                                    identifier: "error",
                                                    generic_args: None,
                                                },
                                            ),
                                        },
                                    ],
                                ),
                            ),
                            generics: None,
                            attributes: None,
                            documentation: Some(
                                "Inherited via an embedded interface (declared in `example.com/interfaces`).",
                            ),
                            receiver: None,
                            has_default_implementation: false,
                        },
                    ],
                ),
                provided_methods: None,
                required_constants: None,
                attributes: None,
                object_safe: None,
                sealed: None,
                cfg: None,
                members: None,
            },
        },
    ),
    "example.com/interfaces::ReadWriter": TraitDef(
        Symbol {
            name: "ReadWriter",
            path: Local(
                "example.com/interfaces::ReadWriter",
            ),
            aliases: None,
            visibility: Public,
            documentation: Some(
                "ReadWriter embeds both Reader and Writer (method-set union via embedding).",
            ),
            deprecation: None,
            doc_links: None,
            inner: TraitDef {
                generics: None,
                super_traits: Some(
                    [
                        TraitRef {
                            name: "example.com/interfaces.Reader",
                            args: [],
                        },
                        TraitRef {
                            name: "example.com/interfaces.Writer",
                            args: [],
                        },
                    ],
                ),
                associated_types: None,
                properties: None,
                required_methods: Some(
                    [
                        TraitMethod {
                            name: "Read",
                            parameters: Some(
                                [
                                    Literal(
                                        LiteralParameter {
                                            name: "p",
                                            type: Some(
                                                Slice(
                                                    TypeReference(
                                                        TypeReference {
                                                            identifier: "byte",
                                                            generic_args: None,
                                                        },
                                                    ),
                                                ),
                                            ),
                                            attributes: None,
                                            default_value: None,
                                            description: None,
                                        },
                                    ),
                                ],
                            ),
                            return_type: Some(
                                NamedTuple(
                                    [
                                        TupleMember {
                                            label: Some(
                                                "n",
                                            ),
                                            type: Primitive(
                                                Int(
                                                    Arch,
                                                ),
                                            ),
                                        },
                                        TupleMember {
                                            label: Some(
                                                "err",
                                            ),
                                            type: TypeReference(
                                                TypeReference {
                                                    identifier: "error",
                                                    generic_args: None,
                                                },
                                            ),
                                        },
                                    ],
                                ),
                            ),
                            generics: None,
                            attributes: None,
                            documentation: Some(
                                "Inherited via an embedded interface (declared in `example.com/interfaces`).",
                            ),
                            receiver: None,
                            has_default_implementation: false,
                        },
                        TraitMethod {
                            name: "Write",
                            parameters: Some(
                                [
                                    Literal(
                                        LiteralParameter {
                                            name: "p",
                                            type: Some(
                                                Slice(
                                                    TypeReference(
                                                        TypeReference {
                                                            identifier: "byte",
                                                            generic_args: None,
                                                        },
                                                    ),
                                                ),
                                            ),
                                            attributes: None,
                                            default_value: None,
                                            description: None,
                                        },
                                    ),
                                ],
                            ),
                            return_type: Some(
                                NamedTuple(
                                    [
                                        TupleMember {
                                            label: Some(
                                                "n",
                                            ),
                                            type: Primitive(
                                                Int(
                                                    Arch,
                                                ),
                                            ),
                                        },
                                        TupleMember {
                                            label: Some(
                                                "err",
                                            ),
                                            type: TypeReference(
                                                TypeReference {
                                                    identifier: "error",
                                                    generic_args: None,
                                                },
                                            ),
                                        },
                                    ],
                                ),
                            ),
                            generics: None,
                            attributes: None,
                            documentation: Some(
                                "Inherited via an embedded interface (declared in `example.com/interfaces`).",
                            ),
                            receiver: None,
                            has_default_implementation: false,
                        },
                    ],
                ),
                provided_methods: None,
                required_constants: None,
                attributes: None,
                object_safe: None,
                sealed: None,
                cfg: None,
                members: None,
            },
        },
    ),
    "example.com/interfaces::Reader": TraitDef(
        Symbol {
            name: "Reader",
            path: Local(
                "example.com/interfaces::Reader",
            ),
            aliases: None,
            visibility: Public,
            documentation: Some(
                "Reader is a simple exported interface.\n\nIt has one required method with a single parameter.",
            ),
            deprecation: None,
            doc_links: None,
            inner: TraitDef {
                generics: None,
                super_traits: None,
                associated_types: None,
                properties: None,
                required_methods: Some(
                    [
                        TraitMethod {
                            name: "Read",
                            parameters: Some(
                                [
                                    Literal(
                                        LiteralParameter {
                                            name: "p",
                                            type: Some(
                                                Slice(
                                                    TypeReference(
                                                        TypeReference {
                                                            identifier: "byte",
                                                            generic_args: None,
                                                        },
                                                    ),
                                                ),
                                            ),
                                            attributes: None,
                                            default_value: None,
                                            description: None,
                                        },
                                    ),
                                ],
                            ),
                            return_type: Some(
                                NamedTuple(
                                    [
                                        TupleMember {
                                            label: Some(
                                                "n",
                                            ),
                                            type: Primitive(
                                                Int(
                                                    Arch,
                                                ),
                                            ),
                                        },
                                        TupleMember {
                                            label: Some(
                                                "err",
                                            ),
                                            type: TypeReference(
                                                TypeReference {
                                                    identifier: "error",
                                                    generic_args: None,
                                                },
                                            ),
                                        },
                                    ],
                                ),
                            ),
                            generics: None,
                            attributes: None,
                            documentation: Some(
                                "Read fills p and returns the count and any error.",
                            ),
                            receiver: None,
                            has_default_implementation: false,
                        },
                    ],
                ),
                provided_methods: None,
                required_constants: None,
                attributes: None,
                object_safe: None,
                sealed: None,
                cfg: None,
                members: None,
            },
        },
    ),
    "example.com/interfaces::Stack": RecordType(
        Symbol {
            name: "Stack",
            path: Local(
                "example.com/interfaces::Stack",
            ),
            aliases: None,
            visibility: Public,
            documentation: Some(
                "Stack is a generic struct implementing a container pattern.\n\nItems are stored in a slice and the zero value is ready to use.",
            ),
            deprecation: None,
            doc_links: None,
            inner: Record {
                name: Some(
                    "Stack",
                ),
                generics: Some(
                    Generics {
                        params: [
                            Type(
                                TypeParam {
                                    name: Some(
                                        "T",
                                    ),
                                    kind: Type,
                                    variance: Invariant,
                                    default_type: None,
                                    params: None,
                                    origin: Free,
                                },
                            ),
                        ],
                        constraints: [],
                    },
                ),
                fields: [
                    Known(
                        KnownField {
                            key: Ident(
                                "items",
                            ),
                            type: Some(
                                Slice(
                                    GenericParam(
                                        GenericParam {
                                            name: "T",
                                            kind: None,
                                        },
                                    ),
                                ),
                            ),
                            default_value: None,
                            attributes: FieldAttributes {
                                decorators: [],
                                is_mutable: true,
                                is_optional: false,
                                is_static: false,
                            },
                            visibility: Some(
                                Package,
                            ),
                            documentation: None,
                        },
                    ),
                ],
                call_signatures: None,
                constructors: None,
                methods: None,
                index_signatures: None,
                super_types: None,
                members: Some(
                    [
                        Local(
                            "example.com/interfaces::Stack.Push",
                        ),
                        Local(
                            "example.com/interfaces::Stack.Pop",
                        ),
                    ],
                ),
                implemented_protocols: None,
            },
        },
    ),
    "example.com/interfaces::Stack.Pop": Function(
        Symbol {
            name: "Pop",
            path: Local(
                "example.com/interfaces::Stack.Pop",
            ),
            aliases: Some(
                {
                    [
                        "Stack.Pop",
                    ],
                    [
                        "example.com/interfaces",
                        "Stack.Pop",
                    ],
                    [
                        "example.com/interfaces",
                        "Stack",
                        "Pop",
                    ],
                    [
                        "Stack",
                        "Pop",
                    ],
                },
            ),
            visibility: Public,
            documentation: Some(
                "Pop removes and returns the top item, and whether it was present.",
            ),
            deprecation: None,
            doc_links: None,
            inner: Function {
                input_parameters: None,
                output_parameters: Some(
                    [
                        Literal(
                            LiteralParameter {
                                name: "",
                                type: Some(
                                    GenericParam(
                                        GenericParam {
                                            name: "T",
                                            kind: None,
                                        },
                                    ),
                                ),
                                attributes: None,
                                default_value: None,
                                description: None,
                            },
                        ),
                        Literal(
                            LiteralParameter {
                                name: "",
                                type: Some(
                                    Primitive(
                                        Bool,
                                    ),
                                ),
                                attributes: None,
                                default_value: None,
                                description: None,
                            },
                        ),
                    ],
                ),
                type_links: None,
                attributes: None,
                generics: Some(
                    Generics {
                        params: [
                            Type(
                                TypeParam {
                                    name: Some(
                                        "T",
                                    ),
                                    kind: Type,
                                    variance: Invariant,
                                    default_type: None,
                                    params: None,
                                    origin: Free,
                                },
                            ),
                        ],
                        constraints: [],
                    },
                ),
                receiver: Some(
                    MutRef,
                ),
                overloads: None,
                implemented: true,
                members: None,
                implemented_protocols: None,
            },
        },
    ),
    "example.com/interfaces::Stack.Push": Function(
        Symbol {
            name: "Push",
            path: Local(
                "example.com/interfaces::Stack.Push",
            ),
            aliases: Some(
                {
                    [
                        "Stack",
                        "Push",
                    ],
                    [
                        "example.com/interfaces",
                        "Stack",
                        "Push",
                    ],
                    [
                        "Stack.Push",
                    ],
                    [
                        "example.com/interfaces",
                        "Stack.Push",
                    ],
                },
            ),
            visibility: Public,
            documentation: Some(
                "Push adds an item to the top of the stack with a pointer receiver.",
            ),
            deprecation: None,
            doc_links: None,
            inner: Function {
                input_parameters: Some(
                    [
                        Literal(
                            LiteralParameter {
                                name: "item",
                                type: Some(
                                    GenericParam(
                                        GenericParam {
                                            name: "T",
                                            kind: None,
                                        },
                                    ),
                                ),
                                attributes: None,
                                default_value: None,
                                description: None,
                            },
                        ),
                    ],
                ),
                output_parameters: None,
                type_links: None,
                attributes: None,
                generics: Some(
                    Generics {
                        params: [
                            Type(
                                TypeParam {
                                    name: Some(
                                        "T",
                                    ),
                                    kind: Type,
                                    variance: Invariant,
                                    default_type: None,
                                    params: None,
                                    origin: Free,
                                },
                            ),
                        ],
                        constraints: [],
                    },
                ),
                receiver: Some(
                    MutRef,
                ),
                overloads: None,
                implemented: true,
                members: None,
                implemented_protocols: None,
            },
        },
    ),
    "example.com/interfaces::Stringer": TraitDef(
        Symbol {
            name: "Stringer",
            path: Local(
                "example.com/interfaces::Stringer",
            ),
            aliases: None,
            visibility: Public,
            documentation: Some(
                "Stringer is a common single-method interface with no parameters.",
            ),
            deprecation: None,
            doc_links: None,
            inner: TraitDef {
                generics: None,
                super_traits: None,
                associated_types: None,
                properties: None,
                required_methods: Some(
                    [
                        TraitMethod {
                            name: "String",
                            parameters: None,
                            return_type: Some(
                                Primitive(
                                    String,
                                ),
                            ),
                            generics: None,
                            attributes: None,
                            documentation: None,
                            receiver: None,
                            has_default_implementation: false,
                        },
                    ],
                ),
                provided_methods: None,
                required_constants: None,
                attributes: None,
                object_safe: None,
                sealed: None,
                cfg: None,
                members: None,
            },
        },
    ),
    "example.com/interfaces::Transform": Function(
        Symbol {
            name: "Transform",
            path: Local(
                "example.com/interfaces::Transform",
            ),
            aliases: None,
            visibility: Public,
            documentation: Some(
                "Transform applies a function to every item in a slice and returns results.\n\nThis exercises a top-level generic function with multiple type parameters.",
            ),
            deprecation: None,
            doc_links: None,
            inner: Function {
                input_parameters: Some(
                    [
                        Literal(
                            LiteralParameter {
                                name: "items",
                                type: Some(
                                    Slice(
                                        GenericParam(
                                            GenericParam {
                                                name: "In",
                                                kind: None,
                                            },
                                        ),
                                    ),
                                ),
                                attributes: None,
                                default_value: None,
                                description: None,
                            },
                        ),
                        Literal(
                            LiteralParameter {
                                name: "fn",
                                type: Some(
                                    FunctionPointer(
                                        FunctionPointer {
                                            inputs: Some(
                                                [
                                                    Literal(
                                                        LiteralParameter {
                                                            name: "",
                                                            type: Some(
                                                                GenericParam(
                                                                    GenericParam {
                                                                        name: "In",
                                                                        kind: None,
                                                                    },
                                                                ),
                                                            ),
                                                            attributes: None,
                                                            default_value: None,
                                                            description: None,
                                                        },
                                                    ),
                                                ],
                                            ),
                                            outputs: Some(
                                                [
                                                    Literal(
                                                        LiteralParameter {
                                                            name: "",
                                                            type: Some(
                                                                GenericParam(
                                                                    GenericParam {
                                                                        name: "Out",
                                                                        kind: None,
                                                                    },
                                                                ),
                                                            ),
                                                            attributes: None,
                                                            default_value: None,
                                                            description: None,
                                                        },
                                                    ),
                                                ],
                                            ),
                                            attributes: None,
                                        },
                                    ),
                                ),
                                attributes: None,
                                default_value: None,
                                description: None,
                            },
                        ),
                    ],
                ),
                output_parameters: Some(
                    [
                        Literal(
                            LiteralParameter {
                                name: "",
                                type: Some(
                                    Slice(
                                        GenericParam(
                                            GenericParam {
                                                name: "Out",
                                                kind: None,
                                            },
                                        ),
                                    ),
                                ),
                                attributes: None,
                                default_value: None,
                                description: None,
                            },
                        ),
                    ],
                ),
                type_links: None,
                attributes: None,
                generics: Some(
                    Generics {
                        params: [
                            Type(
                                TypeParam {
                                    name: Some(
                                        "In",
                                    ),
                                    kind: Type,
                                    variance: Invariant,
                                    default_type: None,
                                    params: None,
                                    origin: Free,
                                },
                            ),
                            Type(
                                TypeParam {
                                    name: Some(
                                        "Out",
                                    ),
                                    kind: Type,
                                    variance: Invariant,
                                    default_type: None,
                                    params: None,
                                    origin: Free,
                                },
                            ),
                        ],
                        constraints: [],
                    },
                ),
                receiver: None,
                overloads: None,
                implemented: true,
                members: None,
                implemented_protocols: None,
            },
        },
    ),
    "example.com/interfaces::Writer": TraitDef(
        Symbol {
            name: "Writer",
            path: Local(
                "example.com/interfaces::Writer",
            ),
            aliases: None,
            visibility: Public,
            documentation: Some(
                "Writer is a complementary interface.",
            ),
            deprecation: None,
            doc_links: None,
            inner: TraitDef {
                generics: None,
                super_traits: None,
                associated_types: None,
                properties: None,
                required_methods: Some(
                    [
                        TraitMethod {
                            name: "Write",
                            parameters: Some(
                                [
                                    Literal(
                                        LiteralParameter {
                                            name: "p",
                                            type: Some(
                                                Slice(
                                                    TypeReference(
                                                        TypeReference {
                                                            identifier: "byte",
                                                            generic_args: None,
                                                        },
                                                    ),
                                                ),
                                            ),
                                            attributes: None,
                                            default_value: None,
                                            description: None,
                                        },
                                    ),
                                ],
                            ),
                            return_type: Some(
                                NamedTuple(
                                    [
                                        TupleMember {
                                            label: Some(
                                                "n",
                                            ),
                                            type: Primitive(
                                                Int(
                                                    Arch,
                                                ),
                                            ),
                                        },
                                        TupleMember {
                                            label: Some(
                                                "err",
                                            ),
                                            type: TypeReference(
                                                TypeReference {
                                                    identifier: "error",
                                                    generic_args: None,
                                                },
                                            ),
                                        },
                                    ],
                                ),
                            ),
                            generics: None,
                            attributes: None,
                            documentation: None,
                            receiver: None,
                            has_default_implementation: false,
                        },
                    ],
                ),
                provided_methods: None,
                required_constants: None,
                attributes: None,
                object_safe: None,
                sealed: None,
                cfg: None,
                members: None,
            },
        },
    ),
    "example.com/interfaces::unexportedHelper": Function(
        Symbol {
            name: "unexportedHelper",
            path: Local(
                "example.com/interfaces::unexportedHelper",
            ),
            aliases: None,
            visibility: Package,
            documentation: Some(
                "unexportedHelper is private and should lower with unexported visibility.",
            ),
            deprecation: None,
            doc_links: None,
            inner: Function {
                input_parameters: Some(
                    [
                        Literal(
                            LiteralParameter {
                                name: "s",
                                type: Some(
                                    Primitive(
                                        String,
                                    ),
                                ),
                                attributes: None,
                                default_value: None,
                                description: None,
                            },
                        ),
                    ],
                ),
                output_parameters: Some(
                    [
                        Literal(
                            LiteralParameter {
                                name: "",
                                type: Some(
                                    Primitive(
                                        String,
                                    ),
                                ),
                                attributes: None,
                                default_value: None,
                                description: None,
                            },
                        ),
                    ],
                ),
                type_links: None,
                attributes: None,
                generics: None,
                receiver: None,
                overloads: None,
                implemented: true,
                members: None,
                implemented_protocols: None,
            },
        },
    ),
}
