---
source: workspace/compiler/tests/snap_csharp.rs
assertion_line: 686
expression: rendered
---
// <unrendered module>

// ---

/// A legacy API surface — the entire class is obsolete.
/// 
/// Use `ModernApi` instead. This class will be removed in a future major
/// version.
/// 
/// Declared: `class`
/// 
/// Declared: `internal`
/// 
/// Attributes: `[Obsolete]`
internal class LegacyApi {
    public int OldMaxItems { get; set; }
}

// ---

/// A replacement method — not deprecated.
/// 
/// Declared: `public`
public string NewProcess(string input);

// ---

/// A hard-error deprecation: calling this method is a compile error.
/// 
/// Attributes: [Obsolete]
/// 
/// Declared: `public`
public string OldProcess(string input);

// ---

/// A class whose individual members carry mixed deprecation states.
/// 
/// Declared: `class`
/// 
/// Declared: `internal`
internal class MixedDeprecation {
    public int LegacyField { get; set; }
    public int ModernField { get; set; }
}

// ---

/// Deprecated method with a diagnostic ID and URL.
/// 
/// Attributes: [Obsolete]
/// 
/// Declared: `public`
public int Double(int x);

// ---

/// The non-deprecated replacement.
/// 
/// Declared: `public`
public int Double2(int x);
