---
source: workspace/compiler/tests/snap_python.rs
expression: sorted
---
{
    "snap_subclassing.py": Module(
        Symbol {
            name: "snap_subclassing",
            path: Local(
                "snap_subclassing.py",
            ),
            aliases: None,
            visibility: Public,
            documentation: None,
            deprecation: None,
            doc_links: None,
            inner: Module {
                members: None,
            },
        },
    ),
    "snap_subclassing::Animal": RecordType(
        Symbol {
            name: "Animal",
            path: Local(
                "snap_subclassing::Animal",
            ),
            aliases: None,
            visibility: Public,
            documentation: None,
            deprecation: None,
            doc_links: None,
            inner: Record {
                name: Some(
                    "Animal",
                ),
                generics: None,
                fields: [
                    Known(
                        KnownField {
                            key: Ident(
                                "name",
                            ),
                            type: Some(
                                TypeReference(
                                    TypeReference {
                                        identifier: "builtins.str",
                                        generic_args: None,
                                    },
                                ),
                            ),
                            default_value: None,
                            attributes: FieldAttributes {
                                decorators: [],
                                is_mutable: true,
                                is_optional: false,
                                is_static: false,
                            },
                            visibility: Some(
                                Public,
                            ),
                            documentation: None,
                        },
                    ),
                ],
                call_signatures: None,
                constructors: None,
                methods: Some(
                    [
                        Function {
                            input_parameters: Some(
                                [
                                    Literal(
                                        LiteralParameter {
                                            name: "self",
                                            type: Some(
                                                SelfType,
                                            ),
                                            attributes: None,
                                            default_value: None,
                                            description: None,
                                        },
                                    ),
                                ],
                            ),
                            output_parameters: Some(
                                [
                                    Literal(
                                        LiteralParameter {
                                            name: "",
                                            type: Some(
                                                TypeReference(
                                                    TypeReference {
                                                        identifier: "builtins.str",
                                                        generic_args: None,
                                                    },
                                                ),
                                            ),
                                            attributes: None,
                                            default_value: None,
                                            description: None,
                                        },
                                    ),
                                ],
                            ),
                            type_links: None,
                            attributes: None,
                            generics: None,
                            receiver: Some(
                                SharedRef,
                            ),
                            overloads: None,
                            implemented: true,
                            members: None,
                            implemented_protocols: None,
                        },
                    ],
                ),
                index_signatures: None,
                super_types: None,
                members: None,
                implemented_protocols: None,
            },
        },
    ),
    "snap_subclassing::Cat": RecordType(
        Symbol {
            name: "Cat",
            path: Local(
                "snap_subclassing::Cat",
            ),
            aliases: None,
            visibility: Public,
            documentation: None,
            deprecation: None,
            doc_links: None,
            inner: Record {
                name: Some(
                    "Cat",
                ),
                generics: None,
                fields: [
                    Known(
                        KnownField {
                            key: Ident(
                                "indoor",
                            ),
                            type: Some(
                                TypeReference(
                                    TypeReference {
                                        identifier: "builtins.bool",
                                        generic_args: None,
                                    },
                                ),
                            ),
                            default_value: None,
                            attributes: FieldAttributes {
                                decorators: [],
                                is_mutable: true,
                                is_optional: false,
                                is_static: false,
                            },
                            visibility: Some(
                                Public,
                            ),
                            documentation: None,
                        },
                    ),
                ],
                call_signatures: None,
                constructors: None,
                methods: None,
                index_signatures: None,
                super_types: Some(
                    [
                        TypeReference(
                            TypeReference {
                                identifier: "snap_subclassing.Animal",
                                generic_args: None,
                            },
                        ),
                    ],
                ),
                members: None,
                implemented_protocols: None,
            },
        },
    ),
    "snap_subclassing::Dog": RecordType(
        Symbol {
            name: "Dog",
            path: Local(
                "snap_subclassing::Dog",
            ),
            aliases: None,
            visibility: Public,
            documentation: None,
            deprecation: None,
            doc_links: None,
            inner: Record {
                name: Some(
                    "Dog",
                ),
                generics: None,
                fields: [
                    Known(
                        KnownField {
                            key: Ident(
                                "breed",
                            ),
                            type: Some(
                                TypeReference(
                                    TypeReference {
                                        identifier: "builtins.str",
                                        generic_args: None,
                                    },
                                ),
                            ),
                            default_value: None,
                            attributes: FieldAttributes {
                                decorators: [],
                                is_mutable: true,
                                is_optional: false,
                                is_static: false,
                            },
                            visibility: Some(
                                Public,
                            ),
                            documentation: None,
                        },
                    ),
                ],
                call_signatures: None,
                constructors: None,
                methods: Some(
                    [
                        Function {
                            input_parameters: Some(
                                [
                                    Literal(
                                        LiteralParameter {
                                            name: "self",
                                            type: Some(
                                                SelfType,
                                            ),
                                            attributes: None,
                                            default_value: None,
                                            description: None,
                                        },
                                    ),
                                ],
                            ),
                            output_parameters: Some(
                                [
                                    Literal(
                                        LiteralParameter {
                                            name: "",
                                            type: Some(
                                                TypeReference(
                                                    TypeReference {
                                                        identifier: "builtins.str",
                                                        generic_args: None,
                                                    },
                                                ),
                                            ),
                                            attributes: None,
                                            default_value: None,
                                            description: None,
                                        },
                                    ),
                                ],
                            ),
                            type_links: None,
                            attributes: None,
                            generics: None,
                            receiver: Some(
                                SharedRef,
                            ),
                            overloads: None,
                            implemented: true,
                            members: None,
                            implemented_protocols: None,
                        },
                    ],
                ),
                index_signatures: None,
                super_types: Some(
                    [
                        TypeReference(
                            TypeReference {
                                identifier: "snap_subclassing.Animal",
                                generic_args: None,
                            },
                        ),
                    ],
                ),
                members: None,
                implemented_protocols: None,
            },
        },
    ),
}
