---
source: workspace/compiler/tests/snap_python.rs
assertion_line: 540
expression: rendered
---
// <unrendered module>

# ---

@dataclass
class NORTH:
    field0: Any

@dataclass
class SOUTH:
    field0: Any

@dataclass
class EAST:
    field0: Any

@dataclass
class WEST:
    field0: Any

Direction = NORTH | SOUTH | EAST | WEST

# ---

@dataclass
class PENDING:
    field0: Any

@dataclass
class ACTIVE:
    field0: Any

@dataclass
class INACTIVE:
    field0: Any

Status = PENDING | ACTIVE | INACTIVE
