{
  "advisory_allowed": true,
  "allow_local_over_cap_for_remote": true,
  "collector_elapsed_seconds": 3.186,
  "collector_started_at_utc": "2026-10-07T16:43:55.573353+00:00",
  "current_fleet_compiler_group_count": 8,
  "destination": "h16001mac",
  "evidence_path": "/Users/mileswirht/Downloads/nudox-active-20261005/authority-initializer-open-repair/evidence/authority-initializer-open-repair-20261007/receipts/admission-startup-reporter-focused-02/admission.json",
  "fleet_compiler_group_limit": 16,
  "host_compiler_group_limits": {
    "h16001mac": 8,
    "ilo": 8,
    "local": 5
  },
  "hosts": {
    "h16001mac": {
      "age_seconds": 1.521,
      "available_memory_bytes": 59836612608,
      "available_memory_source": "darwin-vm-stat-free-inactive-speculative",
      "cargo_entries": 1,
      "census_sha256": "4f8d535fc6e2799e71cbf0468499bbf793564c98722235dec84bbdc74e4c1980",
      "compiler_group_count": 3,
      "compiler_groups": [
        {
          "cargo_pids": [],
          "classification": "runtime-owner",
          "job_limit_known": false,
          "kind": "runtime-owner",
          "pgid": 4512,
          "pids": [
            4512
          ],
          "requested_cargo_jobs": null,
          "runtime_owner_pids": [
            4512
          ],
          "rustc_process_count": 0
        },
        {
          "cargo_pids": [],
          "classification": "runtime-owner",
          "job_limit_known": false,
          "kind": "runtime-owner",
          "pgid": 63153,
          "pids": [
            63164
          ],
          "requested_cargo_jobs": null,
          "runtime_owner_pids": [
            63164
          ],
          "rustc_process_count": 0
        },
        {
          "cargo_pids": [
            91323
          ],
          "classification": "build",
          "job_limit_known": true,
          "kind": "cargo",
          "pgid": 91172,
          "pids": [
            91323
          ],
          "requested_cargo_jobs": 4,
          "runtime_owner_pids": [],
          "rustc_process_count": 0
        }
      ],
      "complete": true,
      "host_limit": 8,
      "resource_sampled_at_utc": "2026-10-07T16:43:57.268617+00:00",
      "root_disk_available_bytes": 1285363191808,
      "sample_finished_at_utc": "2026-10-07T16:43:57.268459+00:00",
      "sample_started_at_utc": "2026-10-07T16:43:57.237712+00:00",
      "snapshot_issue_counts": {},
      "snapshot_race_counts": {
        "pid-exited-during-scan": 1
      },
      "visible_process_count": 923
    },
    "ilo": {
      "age_seconds": -0.027,
      "available_memory_bytes": 58306555904,
      "available_memory_source": "linux-proc-meminfo-MemAvailable",
      "cargo_entries": 2,
      "census_sha256": "ee02e3d76429664e9540c144b740f79b56833743239b285724882de88ec6ecb0",
      "compiler_group_count": 3,
      "compiler_groups": [
        {
          "cargo_pids": [],
          "classification": "runtime-owner",
          "job_limit_known": false,
          "kind": "runtime-owner",
          "pgid": 557079,
          "pids": [
            557079
          ],
          "requested_cargo_jobs": null,
          "runtime_owner_pids": [
            557079
          ],
          "rustc_process_count": 0
        },
        {
          "cargo_pids": [
            1263771
          ],
          "classification": "build",
          "job_limit_known": true,
          "kind": "cargo",
          "pgid": 1231742,
          "pids": [
            1263771,
            1296719,
            1298034,
            1298285,
            1298370
          ],
          "requested_cargo_jobs": 4,
          "runtime_owner_pids": [],
          "rustc_process_count": 4
        },
        {
          "cargo_pids": [
            1296994
          ],
          "classification": "build",
          "job_limit_known": true,
          "kind": "cargo",
          "pgid": 1263329,
          "pids": [
            1296994,
            1297982,
            1298019,
            1298317
          ],
          "requested_cargo_jobs": 4,
          "runtime_owner_pids": [],
          "rustc_process_count": 3
        }
      ],
      "complete": true,
      "host_limit": 8,
      "resource_sampled_at_utc": "2026-10-07T16:43:58.819718+00:00",
      "root_disk_available_bytes": 132119031808,
      "sample_finished_at_utc": "2026-10-07T16:43:58.819527+00:00",
      "sample_started_at_utc": "2026-10-07T16:43:58.785983+00:00",
      "snapshot_issue_counts": {},
      "snapshot_race_counts": {
        "pid-exited-during-scan": 275
      },
      "visible_process_count": 455
    },
    "local": {
      "age_seconds": 3.108,
      "available_memory_bytes": 13522501632,
      "available_memory_source": "darwin-vm-stat-free-inactive-speculative",
      "cargo_entries": 0,
      "census_sha256": "35a83c9ef8e2cdfdf67f7a58ed3020c15ccc796468bff3f2838c7b20668318a0",
      "compiler_group_count": 2,
      "compiler_groups": [
        {
          "cargo_pids": [],
          "classification": "runtime-owner",
          "job_limit_known": false,
          "kind": "runtime-owner",
          "pgid": 749,
          "pids": [
            749
          ],
          "requested_cargo_jobs": null,
          "runtime_owner_pids": [
            749
          ],
          "rustc_process_count": 0
        },
        {
          "cargo_pids": [],
          "classification": "runtime-owner",
          "job_limit_known": false,
          "kind": "runtime-owner",
          "pgid": 4707,
          "pids": [
            4707
          ],
          "requested_cargo_jobs": null,
          "runtime_owner_pids": [
            4707
          ],
          "rustc_process_count": 0
        }
      ],
      "complete": true,
      "host_limit": 5,
      "resource_sampled_at_utc": "2026-10-07T16:43:55.694585+00:00",
      "root_disk_available_bytes": 130726858752,
      "sample_finished_at_utc": "2026-10-07T16:43:55.694427+00:00",
      "sample_started_at_utc": "2026-10-07T16:43:55.650043+00:00",
      "snapshot_issue_counts": {},
      "snapshot_race_counts": {
        "pid-exited-during-scan": 16
      },
      "visible_process_count": 800
    }
  },
  "limitations": [],
  "managed_host_permit_required": true,
  "max_cargo_jobs_per_group": 4,
  "max_sample_age_seconds": 30,
  "minimum_available_memory_bytes_each_host": 8589934592,
  "minimum_destination_root_disk_bytes": 17179869184,
  "processes_signaled": [],
  "raw_samples": {
    "h16001mac": {
      "census": {
        "argv_budget_exhausted": false,
        "capacity": {
          "conservative_local_occupancy": 1,
          "decision_reason": "local-build-capacity-available",
          "exited_cargo_processes": 0,
          "introspection_processes": 0,
          "known_build_processes": 1,
          "local_build_capacity": 3,
          "reserved_remote_builds": 1,
          "snapshot_allows_new_local_build": true,
          "total_build_capacity": 4,
          "unknown_cargo_processes": 0
        },
        "captured_argv_bytes": 28332,
        "captured_argv_processes": 1,
        "compiler_groups": [
          {
            "cargo_pids": [],
            "classification": "runtime-owner",
            "job_limit_known": false,
            "kind": "runtime-owner",
            "pgid": 4512,
            "pids": [
              4512
            ],
            "requested_cargo_jobs": null,
            "runtime_owner_pids": [
              4512
            ],
            "rustc_process_count": 0
          },
          {
            "cargo_pids": [],
            "classification": "runtime-owner",
            "job_limit_known": false,
            "kind": "runtime-owner",
            "pgid": 63153,
            "pids": [
              63164
            ],
            "requested_cargo_jobs": null,
            "runtime_owner_pids": [
              63164
            ],
            "rustc_process_count": 0
          },
          {
            "cargo_pids": [
              91323
            ],
            "classification": "build",
            "job_limit_known": true,
            "kind": "cargo",
            "pgid": 91172,
            "pids": [
              91323
            ],
            "requested_cargo_jobs": 4,
            "runtime_owner_pids": [],
            "rustc_process_count": 0
          }
        ],
        "compiler_groups_omitted_count": 0,
        "complete": true,
        "effective_uid": 1893584017,
        "entries": [
          {
            "ancestry": [
              {
                "pid": 91172,
                "start_token": "darwin:1791390881:704476"
              },
              {
                "pid": 91159,
                "start_token": "darwin:1791390881:226401"
              },
              {
                "pid": 91152,
                "start_token": "darwin:1791390881:065791"
              }
            ],
            "ancestry_complete": false,
            "ancestry_error": "missing-parent",
            "argv": {
              "argc": 15,
              "status": "complete",
              "tokens": [
                "cargo",
                "test",
                "--locked",
                "--offline",
                "-j<redacted>",
                "--message-format=<redacted>",
                "-p",
                "<arg>",
                "--lib",
                "--",
                "--exact",
                "--test-threads=<redacted>",
                "--nocapture",
                "--ignored",
                "<arg>"
              ],
              "truncated": false
            },
            "argv_verb": "test",
            "classification": "build",
            "classification_reason": null,
            "executable": "cargo",
            "identity_validated": true,
            "pgid": 91172,
            "pid": 91323,
            "ppid": 91172,
            "requested_cargo_jobs": 4,
            "start_token": "darwin:1791390882:883859"
          }
        ],
        "entries_omitted_count": 0,
        "process_scope": "host-visible-process-table",
        "processes_signaled": [],
        "resource_snapshot": {
          "available_memory_bytes": 59836612608,
          "available_memory_source": "darwin-vm-stat-free-inactive-speculative",
          "root_disk_available_bytes": 1285363191808,
          "root_disk_total_bytes": 1995218165760,
          "root_disk_used_bytes": 709854973952,
          "sampled_at_utc": "2026-10-07T16:43:57.268617+00:00"
        },
        "resource_snapshot_complete": true,
        "sample_finished_at_utc": "2026-10-07T16:43:57.268459+00:00",
        "sample_started_at_utc": "2026-10-07T16:43:57.237712+00:00",
        "schema": "build-census.v1",
        "scope_note": "Foreign Cargo, rustc, and locald/backend-locald/backend-desktop-looking rows are inspected; inaccessible candidates count as occupied unknown process groups. Same-UID process executable paths are inspected. Cargo argv is read through native process APIs and redacted. Other foreign rows and processes hidden by OS namespaces or permissions are not validated, so this advisory cannot guarantee whole-machine capacity.",
        "slot_reserved": false,
        "snapshot_atomic": false,
        "snapshot_issue_counts": {},
        "snapshot_race_counts": {
          "pid-exited-during-scan": 1
        },
        "visible_process_count": 923
      },
      "census_sha256": "4f8d535fc6e2799e71cbf0468499bbf793564c98722235dec84bbdc74e4c1980",
      "collector_finished_at_utc": "2026-10-07T16:43:57.155948+00:00",
      "collector_started_at_utc": "2026-10-07T16:43:55.576920+00:00",
      "host": "h16001mac",
      "return_code": 0,
      "stderr_bytes": 0,
      "transport_complete": true
    },
    "ilo": {
      "census": {
        "argv_budget_exhausted": false,
        "capacity": {
          "conservative_local_occupancy": 2,
          "decision_reason": "local-build-capacity-available",
          "exited_cargo_processes": 0,
          "introspection_processes": 0,
          "known_build_processes": 2,
          "local_build_capacity": 3,
          "reserved_remote_builds": 1,
          "snapshot_allows_new_local_build": true,
          "total_build_capacity": 4,
          "unknown_cargo_processes": 0
        },
        "captured_argv_bytes": 296,
        "captured_argv_processes": 2,
        "compiler_groups": [
          {
            "cargo_pids": [],
            "classification": "runtime-owner",
            "job_limit_known": false,
            "kind": "runtime-owner",
            "pgid": 557079,
            "pids": [
              557079
            ],
            "requested_cargo_jobs": null,
            "runtime_owner_pids": [
              557079
            ],
            "rustc_process_count": 0
          },
          {
            "cargo_pids": [
              1263771
            ],
            "classification": "build",
            "job_limit_known": true,
            "kind": "cargo",
            "pgid": 1231742,
            "pids": [
              1263771,
              1296719,
              1298034,
              1298285,
              1298370
            ],
            "requested_cargo_jobs": 4,
            "runtime_owner_pids": [],
            "rustc_process_count": 4
          },
          {
            "cargo_pids": [
              1296994
            ],
            "classification": "build",
            "job_limit_known": true,
            "kind": "cargo",
            "pgid": 1263329,
            "pids": [
              1296994,
              1297982,
              1298019,
              1298317
            ],
            "requested_cargo_jobs": 4,
            "runtime_owner_pids": [],
            "rustc_process_count": 3
          }
        ],
        "compiler_groups_omitted_count": 0,
        "complete": true,
        "effective_uid": 0,
        "entries": [
          {
            "ancestry": [],
            "ancestry_complete": false,
            "ancestry_error": "missing-parent",
            "argv": {
              "argc": 9,
              "status": "complete",
              "tokens": [
                "cargo",
                "check",
                "--locked",
                "--workspace",
                "--all-targets",
                "--target",
                "<arg>",
                "--jobs",
                "<arg>"
              ],
              "truncated": false
            },
            "argv_verb": "check",
            "classification": "build",
            "classification_reason": null,
            "executable": "cargo",
            "identity_validated": true,
            "pgid": 1231742,
            "pid": 1263771,
            "ppid": 1231745,
            "requested_cargo_jobs": 4,
            "start_token": "linux:2ead60ad-39e1-4149-89bf-ffaca12e4235:73540304"
          },
          {
            "ancestry": [],
            "ancestry_complete": false,
            "ancestry_error": "missing-parent",
            "argv": {
              "argc": 9,
              "status": "complete",
              "tokens": [
                "cargo",
                "check",
                "--locked",
                "--workspace",
                "--all-targets",
                "--target",
                "<arg>",
                "--jobs",
                "<arg>"
              ],
              "truncated": false
            },
            "argv_verb": "check",
            "classification": "build",
            "classification_reason": null,
            "executable": "cargo",
            "identity_validated": true,
            "pgid": 1263329,
            "pid": 1296994,
            "ppid": 1263332,
            "requested_cargo_jobs": 4,
            "start_token": "linux:2ead60ad-39e1-4149-89bf-ffaca12e4235:73555376"
          }
        ],
        "entries_omitted_count": 0,
        "process_scope": "host-visible-process-table",
        "processes_signaled": [],
        "resource_snapshot": {
          "available_memory_bytes": 58306555904,
          "available_memory_source": "linux-proc-meminfo-MemAvailable",
          "root_disk_available_bytes": 132119031808,
          "root_disk_total_bytes": 501864161280,
          "root_disk_used_bytes": 344176603136,
          "sampled_at_utc": "2026-10-07T16:43:58.819718+00:00"
        },
        "resource_snapshot_complete": true,
        "sample_finished_at_utc": "2026-10-07T16:43:58.819527+00:00",
        "sample_started_at_utc": "2026-10-07T16:43:58.785983+00:00",
        "schema": "build-census.v1",
        "scope_note": "Foreign Cargo, rustc, and locald/backend-locald/backend-desktop-looking rows are inspected; inaccessible candidates count as occupied unknown process groups. Same-UID process executable paths are inspected. Cargo argv is read through native process APIs and redacted. Other foreign rows and processes hidden by OS namespaces or permissions are not validated, so this advisory cannot guarantee whole-machine capacity.",
        "slot_reserved": false,
        "snapshot_atomic": false,
        "snapshot_issue_counts": {},
        "snapshot_race_counts": {
          "pid-exited-during-scan": 275
        },
        "visible_process_count": 455
      },
      "census_sha256": "ee02e3d76429664e9540c144b740f79b56833743239b285724882de88ec6ecb0",
      "collector_finished_at_utc": "2026-10-07T16:43:58.758080+00:00",
      "collector_started_at_utc": "2026-10-07T16:43:55.576648+00:00",
      "host": "ilo",
      "return_code": 0,
      "stderr_bytes": 0,
      "transport_complete": true
    },
    "local": {
      "census": {
        "argv_budget_exhausted": false,
        "capacity": {
          "conservative_local_occupancy": 0,
          "decision_reason": "local-build-capacity-available",
          "exited_cargo_processes": 0,
          "introspection_processes": 0,
          "known_build_processes": 0,
          "local_build_capacity": 3,
          "reserved_remote_builds": 1,
          "snapshot_allows_new_local_build": true,
          "total_build_capacity": 4,
          "unknown_cargo_processes": 0
        },
        "captured_argv_bytes": 0,
        "captured_argv_processes": 0,
        "compiler_groups": [
          {
            "cargo_pids": [],
            "classification": "runtime-owner",
            "job_limit_known": false,
            "kind": "runtime-owner",
            "pgid": 749,
            "pids": [
              749
            ],
            "requested_cargo_jobs": null,
            "runtime_owner_pids": [
              749
            ],
            "rustc_process_count": 0
          },
          {
            "cargo_pids": [],
            "classification": "runtime-owner",
            "job_limit_known": false,
            "kind": "runtime-owner",
            "pgid": 4707,
            "pids": [
              4707
            ],
            "requested_cargo_jobs": null,
            "runtime_owner_pids": [
              4707
            ],
            "rustc_process_count": 0
          }
        ],
        "compiler_groups_omitted_count": 0,
        "complete": true,
        "effective_uid": 501,
        "entries": [],
        "entries_omitted_count": 0,
        "process_scope": "host-visible-process-table",
        "processes_signaled": [],
        "resource_snapshot": {
          "available_memory_bytes": 13522501632,
          "available_memory_source": "darwin-vm-stat-free-inactive-speculative",
          "root_disk_available_bytes": 130726858752,
          "root_disk_total_bytes": 994662584320,
          "root_disk_used_bytes": 863935725568,
          "sampled_at_utc": "2026-10-07T16:43:55.694585+00:00"
        },
        "resource_snapshot_complete": true,
        "sample_finished_at_utc": "2026-10-07T16:43:55.694427+00:00",
        "sample_started_at_utc": "2026-10-07T16:43:55.650043+00:00",
        "schema": "build-census.v1",
        "scope_note": "Foreign Cargo, rustc, and locald/backend-locald/backend-desktop-looking rows are inspected; inaccessible candidates count as occupied unknown process groups. Same-UID process executable paths are inspected. Cargo argv is read through native process APIs and redacted. Other foreign rows and processes hidden by OS namespaces or permissions are not validated, so this advisory cannot guarantee whole-machine capacity.",
        "slot_reserved": false,
        "snapshot_atomic": false,
        "snapshot_issue_counts": {},
        "snapshot_race_counts": {
          "pid-exited-during-scan": 16
        },
        "visible_process_count": 800
      },
      "census_sha256": "35a83c9ef8e2cdfdf67f7a58ed3020c15ccc796468bff3f2838c7b20668318a0",
      "collector_finished_at_utc": "2026-10-07T16:43:55.707245+00:00",
      "collector_started_at_utc": "2026-10-07T16:43:55.576072+00:00",
      "host": "local",
      "return_code": 0,
      "stderr_bytes": 0,
      "transport_complete": true
    }
  },
  "reasons": [],
  "requested_cargo_jobs": 4,
  "sampled_at_utc": "2026-10-07T16:43:58.758527+00:00",
  "sampler_path": "/Users/mileswirht/Downloads/nudox-active-20261005/corpus-control/.config/scripts/build-census.py",
  "sampler_sha256": "6c71148545544ff162de3063af0da328dc61097891324754e433e6cee1a3e060",
  "schema": "compiler-capacity-admission.v5",
  "slot_reserved": false
}
