connected duration_ns=50000000 read=Ok(()) write=Ok(())
connected duration_ns=1000000 read=Ok(()) write=Ok(())
connected duration_ns=1000 read=Ok(()) write=Ok(())
connected duration_ns=1 read=Ok(()) write=Ok(())
peer_closed_buffered duration_ns=50000000 read=Err(Os { code: 22, kind: InvalidInput, message: "Invalid argument" }) write=Err(Os { code: 22, kind: InvalidInput, message: "Invalid argument" })
peer_closed_buffered duration_ns=1000000 read=Err(Os { code: 22, kind: InvalidInput, message: "Invalid argument" }) write=Err(Os { code: 22, kind: InvalidInput, message: "Invalid argument" })
peer_closed_buffered duration_ns=1000 read=Err(Os { code: 22, kind: InvalidInput, message: "Invalid argument" }) write=Err(Os { code: 22, kind: InvalidInput, message: "Invalid argument" })
peer_closed_buffered duration_ns=1 read=Err(Os { code: 22, kind: InvalidInput, message: "Invalid argument" }) write=Err(Os { code: 22, kind: InvalidInput, message: "Invalid argument" })
header=Ok(())
peer_closed_body_pending duration_ns=50000000 read=Err(Os { code: 22, kind: InvalidInput, message: "Invalid argument" }) write=Err(Os { code: 22, kind: InvalidInput, message: "Invalid argument" })
peer_closed_body_pending duration_ns=1000000 read=Err(Os { code: 22, kind: InvalidInput, message: "Invalid argument" }) write=Err(Os { code: 22, kind: InvalidInput, message: "Invalid argument" })
peer_closed_body_pending duration_ns=1000 read=Err(Os { code: 22, kind: InvalidInput, message: "Invalid argument" }) write=Err(Os { code: 22, kind: InvalidInput, message: "Invalid argument" })
peer_closed_body_pending duration_ns=1 read=Err(Os { code: 22, kind: InvalidInput, message: "Invalid argument" }) write=Err(Os { code: 22, kind: InvalidInput, message: "Invalid argument" })
body=Ok(())
peer_closed_after_full_frame duration_ns=50000000 read=Err(Os { code: 22, kind: InvalidInput, message: "Invalid argument" }) write=Err(Os { code: 22, kind: InvalidInput, message: "Invalid argument" })
peer_closed_after_full_frame duration_ns=1000000 read=Err(Os { code: 22, kind: InvalidInput, message: "Invalid argument" }) write=Err(Os { code: 22, kind: InvalidInput, message: "Invalid argument" })
peer_closed_after_full_frame duration_ns=1000 read=Err(Os { code: 22, kind: InvalidInput, message: "Invalid argument" }) write=Err(Os { code: 22, kind: InvalidInput, message: "Invalid argument" })
peer_closed_after_full_frame duration_ns=1 read=Err(Os { code: 22, kind: InvalidInput, message: "Invalid argument" }) write=Err(Os { code: 22, kind: InvalidInput, message: "Invalid argument" })
eof=Ok(0)
peer_closed_eof duration_ns=50000000 read=Err(Os { code: 22, kind: InvalidInput, message: "Invalid argument" }) write=Err(Os { code: 22, kind: InvalidInput, message: "Invalid argument" })
peer_closed_eof duration_ns=1000000 read=Err(Os { code: 22, kind: InvalidInput, message: "Invalid argument" }) write=Err(Os { code: 22, kind: InvalidInput, message: "Invalid argument" })
peer_closed_eof duration_ns=1000 read=Err(Os { code: 22, kind: InvalidInput, message: "Invalid argument" }) write=Err(Os { code: 22, kind: InvalidInput, message: "Invalid argument" })
peer_closed_eof duration_ns=1 read=Err(Os { code: 22, kind: InvalidInput, message: "Invalid argument" }) write=Err(Os { code: 22, kind: InvalidInput, message: "Invalid argument" })
