
running 76 tests
test child_output::tests::a_descendant_holding_both_pipes_reaches_one_deadline ... ok
test child_output::tests::cancellation_retires_a_child_with_descendants ... ok
test child_output::tests::captures_both_streams_after_an_early_leader_exit ... ok
test child_output::tests::native_fixture ... ok
test child_output::tests::oversized_stdout_and_stderr_are_rejected_independently ... ok
test child_output::tests::successful_leader_exit_retires_a_descendant_that_closed_both_pipes ... ok
test directory::tests::concurrent_entries_use_independent_handles_for_large_listings ... ok
test directory::tests::created_child_cleanup_stays_with_a_renamed_parent_capability ... ok
test directory::tests::created_child_receipt_refuses_a_replacement_and_keeps_its_bytes ... ok
test directory::tests::exclusive_creation_refusal_carries_no_authority_over_existing_child ... ok
test directory::tests::mkdir_success_without_a_pinned_child_grants_no_cleanup_authority ... ok
test directory::tests::path_walk_uses_search_only_ancestor_handles ... ok
test directory::tests::pinned_child_operations_survive_ancestor_rename_and_replacement ... ok
test directory::tests::postcreate_setup_failure_cleans_only_the_receipted_child ... ok
test directory::tests::private_directory_creation_does_not_follow_symlinked_parent ... ok
test directory::tests::private_writable_open_refuses_unsafe_existing_children_unchanged ... ok
test directory::tests::rename_outcome_distinguishes_post_commit_directory_flush_failure ... ok
test directory::tests::simultaneous_private_writable_opens_share_one_file_in_a_pinned_directory ... ok
test directory::tests::source_capability_reads_checkout_without_granting_mutation ... ok
test directory::tests::unix_create_receipt_binds_the_private_occupant_observed_at_pin_time ... ok
test durability::tests::a_renamed_file_is_followed_by_a_directory_flush_that_succeeds ... ok
test durability::tests::no_follow_directory_opener_accepts_a_real_directory ... ok
test durability::tests::no_follow_opener_accepts_a_regular_file ... ok
test durability::tests::readonly_no_follow_directory_opener_accepts_a_real_directory ... ok
test durability::tests::readonly_no_follow_directory_opener_rejects_a_symlink ... ok
test durable::read::tests::borrowed_writer_counts_existing_bytes_and_rejects_whole_over_budget_chunks ... ok
test durable::read::tests::final_symlink_and_fifo_are_refused_without_waiting_for_a_writer ... ok
test durable::read::tests::growth_after_metadata_is_bounded_by_the_stream_limit ... ok
test durable::read::tests::ordinary_state_round_trips_at_the_exact_byte_limit ... ok
test durable::read::tests::oversized_sparse_file_is_refused_before_reading ... ok
test durable::tests::application_directory_creation_is_private_and_reopen_is_read_only ... ok
test durable::tests::application_directory_rejects_public_existing_child_and_symlink ... ok
test durable::tests::application_owned_repair_changes_only_the_pinned_leaf_and_rejects_links_or_unsafe_parent ... ok
test durable::tests::failed_replacement_removes_the_private_temporary ... ok
test durable::tests::missing_private_state_preserves_the_filesystem_error_kind ... ok
test durable::tests::private_directory_is_created_and_reopened_without_following_links ... ok
test durable::tests::private_directory_rejects_an_existing_directory_with_public_access ... ok
test durable::tests::private_open_rejects_a_symlink_and_a_nonprivate_parent ... ok
test durable::tests::private_state_is_restricted_and_survives_a_cold_reopen ... ok
test durable::tests::reading_private_state_while_it_is_replaced_always_yields_a_whole_generation ... ok
test durable::tests::repeated_publication_never_leaves_sibling_temporaries ... ok
test executable_identity::macos::tests::current_executable_file_matches_the_loaded_main_image ... ok
test executable_identity::macos::tests::held_image_stamp_rejects_change_before_the_digest_read_starts ... ok
test executable_identity::macos::tests::mach_o_word_readers_reject_truncated_fields ... ok
test executable_identity::macos::tests::parser_accepts_one_well_formed_uuid_command ... ok
test executable_identity::macos::tests::parser_rejects_duplicate_uuid_commands ... ok
test executable_identity::macos::tests::parser_rejects_invalid_and_trailing_command_bytes ... ok
test executable_identity::macos::tests::parser_rejects_truncated_load_command_prefix ... ok
test executable_identity::macos::tests::replacement_after_process_start_refuses_the_new_path_image ... ok
test executable_identity::macos::tests::replacement_child ... ok
test file_identity::tests::a_handle_and_its_path_share_one_identity ... ok
test file_identity::tests::a_hard_link_is_the_same_object ... ok
test file_identity::tests::a_missing_path_is_an_error_not_an_identity ... ok
test file_identity::tests::distinct_files_have_distinct_identities ... ok
test linkage::tests::a_reader_settles_on_the_first_open_however_often_the_name_is_replaced ... ok
test linkage::tests::a_refusal_that_is_not_a_lost_race_is_returned_at_once ... ok
test linkage::tests::a_writer_gives_up_busy_on_a_name_that_never_settles ... ok
test linkage::tests::a_writer_reopens_with_pauses_until_the_name_settles ... ok
test linkage::tests::linkage_admits_exactly_the_link_counts_its_policy_names ... ok
test local::tests::local_socket_connect_timeout_reaches_the_named_listener ... ok
test local::tests::reply_peer_probe_detects_full_close_with_unread_bytes ... ok
test local::tests::reply_peer_probe_does_not_charge_an_idle_connected_peer_as_closed ... ok
test local::tests::reply_peer_probe_preserves_half_close_and_buffered_request_bytes ... ok
test macos_process::tests::changed_membership_or_disappearing_pid_never_becomes_a_retirement_receipt ... ok
test macos_process::tests::darwin_session_group_retirement_observes_real_child_lifecycle ... ok
test macos_process::tests::darwin_zombie_only_group_is_retired_while_leader_remains_waitable ... ok
test macos_process::tests::killpg_success_with_a_live_member_does_not_confirm_retirement ... ok
test macos_process::tests::private_identity_flavor_layout_uses_unique_id_without_a_pid_version ... ok
test macos_process::tests::process_list_result_is_a_pid_count_and_saturation_fails_closed ... ok
test macos_process::tests::vanished_pid_is_a_changed_snapshot_but_other_info_errors_fail_closed ... ok
test macos_process::tests::zombie_only_group_can_retire_without_a_successful_killpg_result ... ok
test native_path::tests::unix_non_utf8_bytes_round_trip_without_loss ... ok
test native_path::tests::unix_refuses_a_wire_recorded_on_windows ... ok
test native_path::tests::utf8_path_round_trips_through_native_wire ... ok
test retry::tests::a_lost_race_is_retried_with_the_schedule_and_the_last_outcome_is_returned ... ok
test retry::tests::the_schedule_is_bounded ... ok

test result: ok. 76 passed; 0 failed; 0 ignored; 0 measured; 0 filtered out; finished in 6.85s

