{
  "advisory_allowed": true,
  "allow_local_over_cap_for_remote": true,
  "collector_elapsed_seconds": 2.636,
  "collector_started_at_utc": "2026-10-06T20:19:49.611916+00:00",
  "current_fleet_compiler_group_count": 6,
  "destination": "h16001mac",
  "evidence_path": "/private/tmp/sol61-native-membership-frontier-69e03e7155-fleet-20261006.json",
  "fleet_compiler_group_limit": 16,
  "host_compiler_group_limits": {
    "h16001mac": 8,
    "ilo": 8,
    "local": 5
  },
  "hosts": {
    "h16001mac": {
      "age_seconds": 1.225,
      "available_memory_bytes": 66579939328,
      "available_memory_source": "darwin-vm-stat-free-inactive-speculative",
      "cargo_entries": 0,
      "census_sha256": "448880998e842e53945ac3d078758fa2e8fa78c79fa2e344113f16ae6326a00c",
      "compiler_group_count": 1,
      "compiler_groups": [
        {
          "cargo_pids": [],
          "classification": "runtime-owner",
          "job_limit_known": false,
          "kind": "runtime-owner",
          "pgid": 63153,
          "pids": [
            63164
          ],
          "requested_cargo_jobs": null,
          "runtime_owner_pids": [
            63164
          ],
          "rustc_process_count": 0
        }
      ],
      "complete": true,
      "host_limit": 8,
      "resource_sampled_at_utc": "2026-10-06T20:19:51.055099+00:00",
      "root_disk_available_bytes": 1403579981824,
      "sample_finished_at_utc": "2026-10-06T20:19:51.054977+00:00",
      "sample_started_at_utc": "2026-10-06T20:19:51.023483+00:00",
      "snapshot_issue_counts": {},
      "snapshot_race_counts": {},
      "visible_process_count": 925
    },
    "ilo": {
      "age_seconds": 0.014,
      "available_memory_bytes": 61353799680,
      "available_memory_source": "linux-proc-meminfo-MemAvailable",
      "cargo_entries": 0,
      "census_sha256": "673f8138bf4409dc34e5973ed8533d2a249c0167f1b906f6449d31ab4bb9e9a5",
      "compiler_group_count": 1,
      "compiler_groups": [
        {
          "cargo_pids": [],
          "classification": "runtime-owner",
          "job_limit_known": false,
          "kind": "runtime-owner",
          "pgid": 557079,
          "pids": [
            557079
          ],
          "requested_cargo_jobs": null,
          "runtime_owner_pids": [
            557079
          ],
          "rustc_process_count": 0
        }
      ],
      "complete": true,
      "host_limit": 8,
      "resource_sampled_at_utc": "2026-10-06T20:19:52.253790+00:00",
      "root_disk_available_bytes": 180614672384,
      "sample_finished_at_utc": "2026-10-06T20:19:52.253736+00:00",
      "sample_started_at_utc": "2026-10-06T20:19:52.234039+00:00",
      "snapshot_issue_counts": {},
      "snapshot_race_counts": {
        "pid-exited-during-scan": 265
      },
      "visible_process_count": 423
    },
    "local": {
      "age_seconds": 2.506,
      "available_memory_bytes": 10890379264,
      "available_memory_source": "darwin-vm-stat-free-inactive-speculative",
      "cargo_entries": 1,
      "census_sha256": "75c3e5df413da34358c2ad997b57be33069860f9f5604f334f1bbee24bbfef64",
      "compiler_group_count": 4,
      "compiler_groups": [
        {
          "cargo_pids": [],
          "classification": "runtime-owner",
          "job_limit_known": false,
          "kind": "runtime-owner",
          "pgid": 749,
          "pids": [
            749
          ],
          "requested_cargo_jobs": null,
          "runtime_owner_pids": [
            749
          ],
          "rustc_process_count": 0
        },
        {
          "cargo_pids": [],
          "classification": "runtime-owner",
          "job_limit_known": false,
          "kind": "runtime-owner",
          "pgid": 4707,
          "pids": [
            4707
          ],
          "requested_cargo_jobs": null,
          "runtime_owner_pids": [
            4707
          ],
          "rustc_process_count": 0
        },
        {
          "cargo_pids": [],
          "classification": "runtime-owner",
          "job_limit_known": false,
          "kind": "runtime-owner",
          "pgid": 38788,
          "pids": [
            38788
          ],
          "requested_cargo_jobs": null,
          "runtime_owner_pids": [
            38788
          ],
          "rustc_process_count": 0
        },
        {
          "cargo_pids": [
            87611
          ],
          "classification": "build",
          "job_limit_known": false,
          "kind": "cargo",
          "pgid": 87611,
          "pids": [
            87611
          ],
          "requested_cargo_jobs": null,
          "runtime_owner_pids": [],
          "rustc_process_count": 0
        }
      ],
      "complete": true,
      "host_limit": 5,
      "resource_sampled_at_utc": "2026-10-06T20:19:49.829085+00:00",
      "root_disk_available_bytes": 189363634176,
      "sample_finished_at_utc": "2026-10-06T20:19:49.828495+00:00",
      "sample_started_at_utc": "2026-10-06T20:19:49.741844+00:00",
      "snapshot_issue_counts": {},
      "snapshot_race_counts": {
        "pid-exited-during-scan": 6
      },
      "visible_process_count": 847
    }
  },
  "limitations": [
    "local:active-cargo-jobs-unknown-group-counted-conservatively"
  ],
  "managed_host_permit_required": true,
  "max_cargo_jobs_per_group": 4,
  "max_sample_age_seconds": 60,
  "minimum_available_memory_bytes_each_host": 8589934592,
  "minimum_destination_root_disk_bytes": 17179869184,
  "processes_signaled": [],
  "raw_samples": {
    "h16001mac": {
      "census": {
        "argv_budget_exhausted": false,
        "capacity": {
          "conservative_local_occupancy": 0,
          "decision_reason": "local-build-capacity-available",
          "exited_cargo_processes": 0,
          "introspection_processes": 0,
          "known_build_processes": 0,
          "local_build_capacity": 3,
          "reserved_remote_builds": 1,
          "snapshot_allows_new_local_build": true,
          "total_build_capacity": 4,
          "unknown_cargo_processes": 0
        },
        "captured_argv_bytes": 0,
        "captured_argv_processes": 0,
        "compiler_groups": [
          {
            "cargo_pids": [],
            "classification": "runtime-owner",
            "job_limit_known": false,
            "kind": "runtime-owner",
            "pgid": 63153,
            "pids": [
              63164
            ],
            "requested_cargo_jobs": null,
            "runtime_owner_pids": [
              63164
            ],
            "rustc_process_count": 0
          }
        ],
        "compiler_groups_omitted_count": 0,
        "complete": true,
        "effective_uid": 1893584017,
        "entries": [],
        "entries_omitted_count": 0,
        "process_scope": "host-visible-process-table",
        "processes_signaled": [],
        "resource_snapshot": {
          "available_memory_bytes": 66579939328,
          "available_memory_source": "darwin-vm-stat-free-inactive-speculative",
          "root_disk_available_bytes": 1403579981824,
          "root_disk_total_bytes": 1995218165760,
          "root_disk_used_bytes": 591638183936,
          "sampled_at_utc": "2026-10-06T20:19:51.055099+00:00"
        },
        "resource_snapshot_complete": true,
        "sample_finished_at_utc": "2026-10-06T20:19:51.054977+00:00",
        "sample_started_at_utc": "2026-10-06T20:19:51.023483+00:00",
        "schema": "build-census.v1",
        "scope_note": "Foreign Cargo, rustc, and locald/backend-locald/backend-desktop-looking rows are inspected; inaccessible candidates count as occupied unknown process groups. Same-UID process executable paths are inspected. Cargo argv is read through native process APIs and redacted. Other foreign rows and processes hidden by OS namespaces or permissions are not validated, so this advisory cannot guarantee whole-machine capacity.",
        "slot_reserved": false,
        "snapshot_atomic": false,
        "snapshot_issue_counts": {},
        "snapshot_race_counts": {},
        "visible_process_count": 925
      },
      "census_sha256": "448880998e842e53945ac3d078758fa2e8fa78c79fa2e344113f16ae6326a00c",
      "collector_finished_at_utc": "2026-10-06T20:19:51.059016+00:00",
      "collector_started_at_utc": "2026-10-06T20:19:49.622168+00:00",
      "host": "h16001mac",
      "return_code": 0,
      "stderr_bytes": 0,
      "transport_complete": true
    },
    "ilo": {
      "census": {
        "argv_budget_exhausted": false,
        "capacity": {
          "conservative_local_occupancy": 0,
          "decision_reason": "local-build-capacity-available",
          "exited_cargo_processes": 0,
          "introspection_processes": 0,
          "known_build_processes": 0,
          "local_build_capacity": 3,
          "reserved_remote_builds": 1,
          "snapshot_allows_new_local_build": true,
          "total_build_capacity": 4,
          "unknown_cargo_processes": 0
        },
        "captured_argv_bytes": 0,
        "captured_argv_processes": 0,
        "compiler_groups": [
          {
            "cargo_pids": [],
            "classification": "runtime-owner",
            "job_limit_known": false,
            "kind": "runtime-owner",
            "pgid": 557079,
            "pids": [
              557079
            ],
            "requested_cargo_jobs": null,
            "runtime_owner_pids": [
              557079
            ],
            "rustc_process_count": 0
          }
        ],
        "compiler_groups_omitted_count": 0,
        "complete": true,
        "effective_uid": 0,
        "entries": [],
        "entries_omitted_count": 0,
        "process_scope": "host-visible-process-table",
        "processes_signaled": [],
        "resource_snapshot": {
          "available_memory_bytes": 61353799680,
          "available_memory_source": "linux-proc-meminfo-MemAvailable",
          "root_disk_available_bytes": 180614672384,
          "root_disk_total_bytes": 501864161280,
          "root_disk_used_bytes": 295680962560,
          "sampled_at_utc": "2026-10-06T20:19:52.253790+00:00"
        },
        "resource_snapshot_complete": true,
        "sample_finished_at_utc": "2026-10-06T20:19:52.253736+00:00",
        "sample_started_at_utc": "2026-10-06T20:19:52.234039+00:00",
        "schema": "build-census.v1",
        "scope_note": "Foreign Cargo, rustc, and locald/backend-locald/backend-desktop-looking rows are inspected; inaccessible candidates count as occupied unknown process groups. Same-UID process executable paths are inspected. Cargo argv is read through native process APIs and redacted. Other foreign rows and processes hidden by OS namespaces or permissions are not validated, so this advisory cannot guarantee whole-machine capacity.",
        "slot_reserved": false,
        "snapshot_atomic": false,
        "snapshot_issue_counts": {},
        "snapshot_race_counts": {
          "pid-exited-during-scan": 265
        },
        "visible_process_count": 423
      },
      "census_sha256": "673f8138bf4409dc34e5973ed8533d2a249c0167f1b906f6449d31ab4bb9e9a5",
      "collector_finished_at_utc": "2026-10-06T20:19:52.247646+00:00",
      "collector_started_at_utc": "2026-10-06T20:19:49.618263+00:00",
      "host": "ilo",
      "return_code": 0,
      "stderr_bytes": 0,
      "transport_complete": true
    },
    "local": {
      "census": {
        "argv_budget_exhausted": false,
        "capacity": {
          "conservative_local_occupancy": 1,
          "decision_reason": "local-build-capacity-available",
          "exited_cargo_processes": 0,
          "introspection_processes": 0,
          "known_build_processes": 1,
          "local_build_capacity": 3,
          "reserved_remote_builds": 1,
          "snapshot_allows_new_local_build": true,
          "total_build_capacity": 4,
          "unknown_cargo_processes": 0
        },
        "captured_argv_bytes": 4772,
        "captured_argv_processes": 1,
        "compiler_groups": [
          {
            "cargo_pids": [],
            "classification": "runtime-owner",
            "job_limit_known": false,
            "kind": "runtime-owner",
            "pgid": 749,
            "pids": [
              749
            ],
            "requested_cargo_jobs": null,
            "runtime_owner_pids": [
              749
            ],
            "rustc_process_count": 0
          },
          {
            "cargo_pids": [],
            "classification": "runtime-owner",
            "job_limit_known": false,
            "kind": "runtime-owner",
            "pgid": 4707,
            "pids": [
              4707
            ],
            "requested_cargo_jobs": null,
            "runtime_owner_pids": [
              4707
            ],
            "rustc_process_count": 0
          },
          {
            "cargo_pids": [],
            "classification": "runtime-owner",
            "job_limit_known": false,
            "kind": "runtime-owner",
            "pgid": 38788,
            "pids": [
              38788
            ],
            "requested_cargo_jobs": null,
            "runtime_owner_pids": [
              38788
            ],
            "rustc_process_count": 0
          },
          {
            "cargo_pids": [
              87611
            ],
            "classification": "build",
            "job_limit_known": false,
            "kind": "cargo",
            "pgid": 87611,
            "pids": [
              87611
            ],
            "requested_cargo_jobs": null,
            "runtime_owner_pids": [],
            "rustc_process_count": 0
          }
        ],
        "compiler_groups_omitted_count": 0,
        "complete": true,
        "effective_uid": 501,
        "entries": [
          {
            "ancestry": [
              {
                "pid": 26289,
                "start_token": "darwin:1791317634:037323"
              },
              {
                "pid": 1448,
                "start_token": "darwin:1791242454:044804"
              },
              {
                "pid": 751,
                "start_token": "darwin:1791242438:216673"
              }
            ],
            "ancestry_complete": false,
            "ancestry_error": "missing-parent",
            "argv": {
              "argc": 11,
              "status": "complete",
              "tokens": [
                "cargo",
                "test",
                "--quiet",
                "--offline",
                "-p",
                "<arg>",
                "--features",
                "<arg>",
                "--test",
                "<arg>",
                "<arg>"
              ],
              "truncated": false
            },
            "argv_verb": "test",
            "classification": "build",
            "classification_reason": null,
            "executable": "cargo",
            "identity_validated": true,
            "pgid": 87611,
            "pid": 87611,
            "ppid": 26289,
            "requested_cargo_jobs": null,
            "start_token": "darwin:1791317981:688606"
          }
        ],
        "entries_omitted_count": 0,
        "process_scope": "host-visible-process-table",
        "processes_signaled": [],
        "resource_snapshot": {
          "available_memory_bytes": 10890379264,
          "available_memory_source": "darwin-vm-stat-free-inactive-speculative",
          "root_disk_available_bytes": 189363634176,
          "root_disk_total_bytes": 994662584320,
          "root_disk_used_bytes": 805298950144,
          "sampled_at_utc": "2026-10-06T20:19:49.829085+00:00"
        },
        "resource_snapshot_complete": true,
        "sample_finished_at_utc": "2026-10-06T20:19:49.828495+00:00",
        "sample_started_at_utc": "2026-10-06T20:19:49.741844+00:00",
        "schema": "build-census.v1",
        "scope_note": "Foreign Cargo, rustc, and locald/backend-locald/backend-desktop-looking rows are inspected; inaccessible candidates count as occupied unknown process groups. Same-UID process executable paths are inspected. Cargo argv is read through native process APIs and redacted. Other foreign rows and processes hidden by OS namespaces or permissions are not validated, so this advisory cannot guarantee whole-machine capacity.",
        "slot_reserved": false,
        "snapshot_atomic": false,
        "snapshot_issue_counts": {},
        "snapshot_race_counts": {
          "pid-exited-during-scan": 6
        },
        "visible_process_count": 847
      },
      "census_sha256": "75c3e5df413da34358c2ad997b57be33069860f9f5604f334f1bbee24bbfef64",
      "collector_finished_at_utc": "2026-10-06T20:19:49.866991+00:00",
      "collector_started_at_utc": "2026-10-06T20:19:49.616435+00:00",
      "host": "local",
      "return_code": 0,
      "stderr_bytes": 0,
      "transport_complete": true
    }
  },
  "reasons": [],
  "requested_cargo_jobs": 4,
  "sampled_at_utc": "2026-10-06T20:19:52.247995+00:00",
  "sampler_path": "/Users/mileswirht/Downloads/nudox-active-20261005/corpus-control/.config/scripts/build-census.py",
  "sampler_sha256": "6c71148545544ff162de3063af0da328dc61097891324754e433e6cee1a3e060",
  "schema": "compiler-capacity-admission.v5",
  "slot_reserved": false
}
