
running 22 tests
test cargo_aliases::tests::aliases_are_bound_to_each_exact_profile_observation ... ok
test cargo_aliases::tests::alias_bounds_report_truncation_and_reject_orphaned_wire_names ... ok
test cargo_aliases::tests::evidence_merge_stops_before_expanding_more_than_four_profiles ... ok
test cargo_aliases::tests::profile_merge_stops_at_the_fixed_observation_bound ... ok
test cargo_aliases::tests::virtual_workspace_root_does_not_guess_a_member_alias ... ok
test cargo_source::tests::external_path_sources_use_opaque_display_labels ... ok
test cargo_aliases::tests::selected_member_is_not_reused_for_a_different_requested_manifest ... ok
test cargo_source::tests::malformed_or_noncanonical_authorities_fail_closed ... ok
test browse::cargo::source_tests::pinned_cargo_197_metadata_uses_resolve_reachability_for_target_inventory ... ok
test cargo_source::tests::package_source_paths_reject_ambiguous_or_traversing_spellings ... ok
test cargo_source::tests::qualified_package_reference_round_trips_the_exact_authority_digest ... ok
test cargo_source::tests::readme_link_resolution_is_relative_bounded_and_root_scoped ... ok
test cargo_source::tests::registry_sparse_git_query_commit_and_path_root_are_distinct ... ok
test cargo_source::tests::readme_result_binds_exact_package_authority_path_and_content_digest ... ok
test cargo_source::tests::source_qualified_reference_rejects_uncommitted_extra_qualifiers ... ok
test cargo_source::tests::serde_rejects_a_tampered_authority_digest ... ok
test registry_native::tests::cargo_features_must_be_lexically_sorted ... ok
test interface::compiler_go::tests::public_go_failure_contract_has_exact_closed_names_and_guidance ... ok
test registry_native::tests::cargo_native_admission_rejects_impossible_publication_date ... ok
test registry_native::tests::cargo_publish_time_requires_exact_valid_utc_calendar ... ok
test surface::tests::go_authority_failures_round_trip_and_refuse_contradictory_markers ... ok
test browse::cargo::source_tests::cargo_generated_lockfile_unqualified_edge_uses_unique_registry_authority ... ok

test result: ok. 22 passed; 0 failed; 0 ignored; 0 measured; 302 filtered out; finished in 0.02s

