warning: resolver for the non root package will be ignored, specify resolver at the workspace root:
package:   /root/nudox-corpus-20261006/sol-store-immutable-read-exact/vendor/gpui_ce_components/Cargo.toml
workspace: /root/nudox-corpus-20261006/sol-store-immutable-read-exact/Cargo.toml
   Compiling proc-macro2 v1.0.107
   Compiling unicode-ident v1.0.24
   Compiling quote v1.0.47
   Compiling libc v0.2.189
   Compiling serde_core v1.0.229
   Compiling syn v2.0.119
   Compiling cfg-if v1.0.4
   Compiling getrandom v0.3.4
   Compiling syn v3.0.4
   Compiling zerocopy v0.8.56
   Compiling zerocopy-derive v0.8.56
   Compiling hashbrown v0.17.1
   Compiling equivalent v1.0.2
   Compiling rand_core v0.9.5
   Compiling indexmap v2.14.2
   Compiling toml_datetime v0.6.11
   Compiling serde v1.0.229
   Compiling winnow v0.5.40
   Compiling toml_edit v0.20.7
   Compiling serde_derive v1.0.229
   Compiling memchr v2.8.3
   Compiling semver v1.0.28
   Compiling shlex v2.0.1
   Compiling find-msvc-tools v0.1.12
   Compiling cc v1.2.67
   Compiling rustc_version v0.4.1
   Compiling aho-corasick v1.1.5
   Compiling proc-macro-crate v2.0.0
   Compiling ppv-lite86 v0.2.21
   Compiling regex-syntax v0.8.11
   Compiling anyhow v1.0.104
   Compiling zmij v1.0.23
   Compiling rand_chacha v0.9.0
   Compiling bolero-generator-derive v0.13.4
   Compiling blake3 v1.8.7
   Compiling regex-automata v0.4.18
   Compiling rstest_macros v0.26.1
   Compiling rand_xoshiro v0.7.0
   Compiling thiserror v2.0.20
   Compiling unicode-xid v0.2.6
   Compiling heck v0.5.0
   Compiling libm v0.2.16
   Compiling target-tuple v1.0.2
   Compiling winnow v1.0.4
   Compiling serde_json v1.0.151
   Compiling rustix v1.1.4
   Compiling either v1.18.0
   Compiling regex v1.13.1
   Compiling bolero-generator v0.13.5
   Compiling toml_parser v1.1.3+spec-1.1.0
   Compiling strum_macros v0.28.0
   Compiling derive_more-impl v2.1.1
   Compiling rand v0.9.5
   Compiling thiserror-impl v2.0.20
   Compiling serde_spanned v1.1.1
   Compiling toml_datetime v1.1.1+spec-1.1.0
   Compiling constant_time_eq v0.4.2
   Compiling itoa v1.0.18
   Compiling lazy_static v1.5.0
   Compiling bitflags v2.13.1
   Compiling cpufeatures v0.3.1
   Compiling linux-raw-sys v0.12.1
   Compiling pretty-hex v0.4.2
   Compiling arrayvec v0.7.8
   Compiling relative-path v1.9.3
   Compiling toml_writer v1.1.2+spec-1.1.0
   Compiling glob v0.3.4
   Compiling toml v1.1.5+spec-1.1.0
   Compiling bolero-engine v0.13.4
   Compiling derive_more v2.1.1
   Compiling strum v0.28.0
   Compiling smallvec v1.16.0
   Compiling socket2 v0.6.5
   Compiling termcolor v1.4.1
   Compiling fearless_simd v0.7.0
   Compiling trybuild v1.0.121
   Compiling backend-platform v0.2.0 (/root/nudox-corpus-20261006/sol-store-immutable-read-exact/crates/platform)
   Compiling backend-version v0.2.0 (/root/nudox-corpus-20261006/sol-store-immutable-read-exact/crates/version)
   Compiling bolero v0.13.4
   Compiling rstest v0.26.1
   Compiling allocation-counter v0.8.1
   Compiling backend-store v0.2.0 (/root/nudox-corpus-20261006/sol-store-immutable-read-exact/crates/store)
warning: unnecessary qualification
   --> crates/store/src/durable/gc/sweep.rs:339:8
    |
339 |     if super::take_test_fault(2) {
    |        ^^^^^^^^^^^^^^^^^^^^^^
    |
    = note: requested on the command line with `-W unused-qualifications`
help: remove the unnecessary path segments
    |
339 -     if super::take_test_fault(2) {
339 +     if take_test_fault(2) {
    |

warning: unnecessary qualification
   --> crates/store/src/durable/gc/sweep.rs:347:8
    |
347 |     if super::take_test_fault(3) {
    |        ^^^^^^^^^^^^^^^^^^^^^^
    |
help: remove the unnecessary path segments
    |
347 -     if super::take_test_fault(3) {
347 +     if take_test_fault(3) {
    |

warning: unnecessary qualification
  --> crates/store/src/durable/gc/tests.rs:52:40
   |
52 | fn physical_pack_path(root: &Path, id: super::super::super::PackId) -> PathBuf {
   |                                        ^^^^^^^^^^^^^^^^^^^^^^^^^^^
   |
help: remove the unnecessary path segments
   |
52 - fn physical_pack_path(root: &Path, id: super::super::super::PackId) -> PathBuf {
52 + fn physical_pack_path(root: &Path, id: PackId) -> PathBuf {
   |

warning: unnecessary qualification
  --> crates/store/src/durable/gc/tests.rs:66:43
   |
66 | fn physical_closure_path(root: &Path, id: super::super::super::ClosureId) -> PathBuf {
   |                                           ^^^^^^^^^^^^^^^^^^^^^^^^^^^^^^
   |
help: remove the unnecessary path segments
   |
66 - fn physical_closure_path(root: &Path, id: super::super::super::ClosureId) -> PathBuf {
66 + fn physical_closure_path(root: &Path, id: ClosureId) -> PathBuf {
   |

warning: unnecessary qualification
   --> crates/store/src/durable/gc/tests.rs:622:13
    |
622 |             super::super::super::StoredValue::new(Vec::new(), 1, vec![*target.as_bytes()]),
    |             ^^^^^^^^^^^^^^^^^^^^^^^^^^^^^^^^^^^^^
    |
help: remove the unnecessary path segments
    |
622 -             super::super::super::StoredValue::new(Vec::new(), 1, vec![*target.as_bytes()]),
622 +             StoredValue::new(Vec::new(), 1, vec![*target.as_bytes()]),
    |

warning: unnecessary qualification
   --> crates/store/src/durable/objects.rs:626:39
    |
626 |         let nonce = NEXT.fetch_add(1, std::sync::atomic::Ordering::Relaxed);
    |                                       ^^^^^^^^^^^^^^^^^^^^^^^^^^^^^^^^^^^^
    |
help: remove the unnecessary path segments
    |
626 -         let nonce = NEXT.fetch_add(1, std::sync::atomic::Ordering::Relaxed);
626 +         let nonce = NEXT.fetch_add(1, Ordering::Relaxed);
    |

warning: unnecessary qualification
   --> crates/store/src/durable/streaming_closure.rs:965:21
    |
965 |                     super::super::ArtifactClosureClaim::from_id(expected),
    |                     ^^^^^^^^^^^^^^^^^^^^^^^^^^^^^^^^^^^^^^^^^^^
    |
help: remove the unnecessary path segments
    |
965 -                     super::super::ArtifactClosureClaim::from_id(expected),
965 +                     ArtifactClosureClaim::from_id(expected),
    |

warning: unnecessary qualification
   --> crates/store/src/durable/streaming_closure.rs:999:17
    |
999 |                 super::super::ArtifactClosureClaim::from_id(expected),
    |                 ^^^^^^^^^^^^^^^^^^^^^^^^^^^^^^^^^^^^^^^^^^^
    |
help: remove the unnecessary path segments
    |
999 -                 super::super::ArtifactClosureClaim::from_id(expected),
999 +                 ArtifactClosureClaim::from_id(expected),
    |

warning: unnecessary qualification
    --> crates/store/src/durable/streaming_closure.rs:1092:21
     |
1092 |                     super::super::ArtifactClosureClaim::from_id(expected),
     |                     ^^^^^^^^^^^^^^^^^^^^^^^^^^^^^^^^^^^^^^^^^^^
     |
help: remove the unnecessary path segments
     |
1092 -                     super::super::ArtifactClosureClaim::from_id(expected),
1092 +                     ArtifactClosureClaim::from_id(expected),
     |

warning: unnecessary qualification
    --> crates/store/src/durable/streaming_closure.rs:1160:25
     |
1160 |                         super::super::ArtifactClosureClaim::from_id(expected),
     |                         ^^^^^^^^^^^^^^^^^^^^^^^^^^^^^^^^^^^^^^^^^^^
     |
help: remove the unnecessary path segments
     |
1160 -                         super::super::ArtifactClosureClaim::from_id(expected),
1160 +                         ArtifactClosureClaim::from_id(expected),
     |

warning: unnecessary qualification
    --> crates/store/src/durable/streaming_closure.rs:1175:21
     |
1175 |                     super::super::ArtifactClosureClaim::from_id(expected),
     |                     ^^^^^^^^^^^^^^^^^^^^^^^^^^^^^^^^^^^^^^^^^^^
     |
help: remove the unnecessary path segments
     |
1175 -                     super::super::ArtifactClosureClaim::from_id(expected),
1175 +                     ArtifactClosureClaim::from_id(expected),
     |

warning: unnecessary qualification
   --> crates/store/src/journal/journal/tests.rs:175:16
    |
175 |     assert_eq!(core::mem::align_of::<HeaderRecord>(), 1);
    |                ^^^^^^^^^^^^^^^^^^^^^^^^^^^^^^^^^^^
    |
help: remove the unnecessary path segments
    |
175 -     assert_eq!(core::mem::align_of::<HeaderRecord>(), 1);
175 +     assert_eq!(align_of::<HeaderRecord>(), 1);
    |

warning: unnecessary qualification
   --> crates/store/src/journal/journal/tests.rs:176:16
    |
176 |     assert_eq!(core::mem::align_of::<FrameRecord>(), 1);
    |                ^^^^^^^^^^^^^^^^^^^^^^^^^^^^^^^^^^
    |
help: remove the unnecessary path segments
    |
176 -     assert_eq!(core::mem::align_of::<FrameRecord>(), 1);
176 +     assert_eq!(align_of::<FrameRecord>(), 1);
    |

warning: unnecessary qualification
   --> crates/store/src/journal/journal/tests.rs:411:24
    |
411 |     let event_offset = core::mem::size_of::<WorkflowVersion>() + core::mem::size_of::<StageKey>();
    |                        ^^^^^^^^^^^^^^^^^^^^^^^^^^^^^^^^^^^^^
    |
help: remove the unnecessary path segments
    |
411 -     let event_offset = core::mem::size_of::<WorkflowVersion>() + core::mem::size_of::<StageKey>();
411 +     let event_offset = size_of::<WorkflowVersion>() + core::mem::size_of::<StageKey>();
    |

warning: unnecessary qualification
   --> crates/store/src/journal/journal/tests.rs:411:66
    |
411 |     let event_offset = core::mem::size_of::<WorkflowVersion>() + core::mem::size_of::<StageKey>();
    |                                                                  ^^^^^^^^^^^^^^^^^^^^^^^^^^^^^^
    |
help: remove the unnecessary path segments
    |
411 -     let event_offset = core::mem::size_of::<WorkflowVersion>() + core::mem::size_of::<StageKey>();
411 +     let event_offset = core::mem::size_of::<WorkflowVersion>() + size_of::<StageKey>();
    |

warning: unnecessary qualification
   --> crates/store/src/journal/publication/owner/tests.rs:146:9
    |
146 |         super::super::format::ChainLink {
    |         ^^^^^^^^^^^^^^^^^^^^^^^^^^^^^^^
    |
help: remove the unnecessary path segments
    |
146 -         super::super::format::ChainLink {
146 +         ChainLink {
    |

warning: unnecessary qualification
  --> crates/store/src/journal/publication/service/tests.rs:78:17
   |
78 |         latest: super::LatestPublication::empty(),
   |                 ^^^^^^^^^^^^^^^^^^^^^^^^^^^^^^^
   |
help: remove the unnecessary path segments
   |
78 -         latest: super::LatestPublication::empty(),
78 +         latest: LatestPublication::empty(),
   |

warning: unnecessary qualification
   --> crates/store/src/journal/publication/service/tests.rs:120:17
    |
120 |         latest: super::LatestPublication::empty(),
    |                 ^^^^^^^^^^^^^^^^^^^^^^^^^^^^^^^
    |
help: remove the unnecessary path segments
    |
120 -         latest: super::LatestPublication::empty(),
120 +         latest: LatestPublication::empty(),
    |

warning: unnecessary qualification
   --> crates/store/src/journal/publication/service/tests.rs:140:17
    |
140 |         latest: super::LatestPublication::empty(),
    |                 ^^^^^^^^^^^^^^^^^^^^^^^^^^^^^^^
    |
help: remove the unnecessary path segments
    |
140 -         latest: super::LatestPublication::empty(),
140 +         latest: LatestPublication::empty(),
    |

warning: `backend-store` (lib test) generated 19 warnings (run `cargo fix --lib -p backend-store --tests` to apply 19 suggestions)
    Finished `release` profile [optimized] target(s) in 1m 02s
     Running unittests src/lib.rs (/root/.cache/nudox/cargo-1.97/build/slot-0/release/deps/backend_store-5984db85ebd99ef3)

running 4 tests
SEALED_READ_BEGIN
SEALED_READ_END
test durable::artifact_fs::imp::immutable_read_tests::already_sealed_read_preserves_inode_ctime ... ok
test durable::artifact_fs::imp::immutable_read_tests::sealed_object_admission_survives_concurrent_pinned_reopen_and_rejects_corruption ... ok
test durable::artifact_fs::imp::immutable_read_tests::legacy_read_tightens_all_permission_bits_once ... ok
test durable::artifact_fs::imp::immutable_read_tests::sealed_read_still_refuses_symlink_and_hardlink ... ok

test result: ok. 4 passed; 0 failed; 0 ignored; 0 measured; 265 filtered out; finished in 0.11s

