{
  "advisory_allowed": true,
  "allow_local_over_cap_for_remote": true,
  "collector_elapsed_seconds": 2.826,
  "collector_started_at_utc": "2026-10-08T10:04:54.844592+00:00",
  "current_fleet_compiler_group_count": 10,
  "destination": "h16001mac",
  "destination_memory_only_for_remote": true,
  "evidence_path": "/private/tmp/luna-index-projection-fence7382-v5-gate2.json",
  "fleet_compiler_group_limit": 16,
  "host_compiler_group_limits": {
    "h16001mac": 8,
    "ilo": 8,
    "local": 5
  },
  "hosts": {
    "h16001mac": {
      "age_seconds": 1.393,
      "available_memory_bytes": 60878471168,
      "available_memory_source": "darwin-vm-stat-free-inactive-speculative",
      "cargo_entries": 1,
      "census_sha256": "7ed51a874c98f729ace39e53a7aa6dbe08176ed8e85f6ba25eb4fabf1a0864bf",
      "compiler_group_count": 3,
      "compiler_groups": [
        {
          "cargo_pids": [
            26135
          ],
          "classification": "build",
          "job_limit_known": true,
          "kind": "cargo",
          "pgid": 25965,
          "pids": [
            26135,
            26981
          ],
          "requested_cargo_jobs": 2,
          "runtime_owner_pids": [],
          "rustc_process_count": 1
        },
        {
          "cargo_pids": [],
          "classification": "orphan-rustc",
          "job_limit_known": false,
          "kind": "orphan-rustc",
          "pgid": 27562,
          "pids": [
            27599
          ],
          "requested_cargo_jobs": null,
          "runtime_owner_pids": [],
          "rustc_process_count": 1
        },
        {
          "cargo_pids": [],
          "classification": "runtime-owner",
          "job_limit_known": false,
          "kind": "runtime-owner",
          "pgid": 63153,
          "pids": [
            63164
          ],
          "requested_cargo_jobs": null,
          "runtime_owner_pids": [
            63164
          ],
          "rustc_process_count": 0
        }
      ],
      "complete": true,
      "host_limit": 8,
      "memory_floor_applies": true,
      "resource_sampled_at_utc": "2026-10-08T10:04:56.306592+00:00",
      "root_disk_available_bytes": 1154693267456,
      "sample_finished_at_utc": "2026-10-08T10:04:56.306426+00:00",
      "sample_started_at_utc": "2026-10-08T10:04:56.275628+00:00",
      "snapshot_issue_counts": {},
      "snapshot_race_counts": {
        "pid-exited-during-scan": 1
      },
      "visible_process_count": 914
    },
    "ilo": {
      "age_seconds": 0.154,
      "available_memory_bytes": 52257542144,
      "available_memory_source": "linux-proc-meminfo-MemAvailable",
      "cargo_entries": 1,
      "census_sha256": "69c028e829d60829308caa5a1ac14ceb69d16301bd8f8ae361be355c9ab6e7ee",
      "compiler_group_count": 2,
      "compiler_groups": [
        {
          "cargo_pids": [],
          "classification": "runtime-owner",
          "job_limit_known": false,
          "kind": "runtime-owner",
          "pgid": 557079,
          "pids": [
            557079
          ],
          "requested_cargo_jobs": null,
          "runtime_owner_pids": [
            557079
          ],
          "rustc_process_count": 0
        },
        {
          "cargo_pids": [
            3184224
          ],
          "classification": "build",
          "job_limit_known": true,
          "kind": "cargo",
          "pgid": 3183991,
          "pids": [
            3184224,
            3188843,
            3192575
          ],
          "requested_cargo_jobs": 2,
          "runtime_owner_pids": [],
          "rustc_process_count": 2
        }
      ],
      "complete": true,
      "host_limit": 8,
      "memory_floor_applies": false,
      "resource_sampled_at_utc": "2026-10-08T10:04:57.559494+00:00",
      "root_disk_available_bytes": 44958842880,
      "sample_finished_at_utc": "2026-10-08T10:04:57.559371+00:00",
      "sample_started_at_utc": "2026-10-08T10:04:57.515275+00:00",
      "snapshot_issue_counts": {},
      "snapshot_race_counts": {
        "pid-exited-during-scan": 265
      },
      "visible_process_count": 497
    },
    "local": {
      "age_seconds": 2.662,
      "available_memory_bytes": 11145068544,
      "available_memory_source": "darwin-vm-stat-free-inactive-speculative",
      "cargo_entries": 1,
      "census_sha256": "9ebacac983de0c33c76d7aca0b57e742f127992964a2d1072db6c413a1f1ee51",
      "compiler_group_count": 5,
      "compiler_groups": [
        {
          "cargo_pids": [],
          "classification": "runtime-owner",
          "job_limit_known": false,
          "kind": "runtime-owner",
          "pgid": 749,
          "pids": [
            749
          ],
          "requested_cargo_jobs": null,
          "runtime_owner_pids": [
            749
          ],
          "rustc_process_count": 0
        },
        {
          "cargo_pids": [],
          "classification": "runtime-owner",
          "job_limit_known": false,
          "kind": "runtime-owner",
          "pgid": 4707,
          "pids": [
            4707
          ],
          "requested_cargo_jobs": null,
          "runtime_owner_pids": [
            4707
          ],
          "rustc_process_count": 0
        },
        {
          "cargo_pids": [],
          "classification": "unknown",
          "job_limit_known": false,
          "kind": "unknown",
          "pgid": 11935,
          "pids": [
            11939
          ],
          "requested_cargo_jobs": null,
          "runtime_owner_pids": [],
          "rustc_process_count": 0
        },
        {
          "cargo_pids": [],
          "classification": "unknown",
          "job_limit_known": false,
          "kind": "unknown",
          "pgid": 11950,
          "pids": [
            11955
          ],
          "requested_cargo_jobs": null,
          "runtime_owner_pids": [],
          "rustc_process_count": 0
        },
        {
          "cargo_pids": [
            79387
          ],
          "classification": "build",
          "job_limit_known": false,
          "kind": "cargo",
          "pgid": 71074,
          "pids": [
            35622,
            79387
          ],
          "requested_cargo_jobs": null,
          "runtime_owner_pids": [],
          "rustc_process_count": 1
        }
      ],
      "complete": true,
      "host_limit": 5,
      "memory_floor_applies": false,
      "resource_sampled_at_utc": "2026-10-08T10:04:55.098373+00:00",
      "root_disk_available_bytes": 33221402624,
      "sample_finished_at_utc": "2026-10-08T10:04:55.097872+00:00",
      "sample_started_at_utc": "2026-10-08T10:04:55.007339+00:00",
      "snapshot_issue_counts": {},
      "snapshot_race_counts": {
        "pid-exited-during-scan": 4
      },
      "visible_process_count": 784
    }
  },
  "limitations": [
    "local:unresolved-compiler-group-counted-conservatively",
    "local:active-cargo-jobs-unknown-group-counted-conservatively"
  ],
  "managed_host_permit_required": true,
  "max_cargo_jobs_per_group": 4,
  "max_sample_age_seconds": 30,
  "memory_guard_scope": "destination",
  "minimum_available_memory_bytes_destination": 8589934592,
  "minimum_available_memory_bytes_each_host": null,
  "minimum_destination_root_disk_bytes": 17179869184,
  "processes_signaled": [],
  "raw_samples": {
    "h16001mac": {
      "census": {
        "argv_budget_exhausted": false,
        "capacity": {
          "conservative_local_occupancy": 1,
          "decision_reason": "local-build-capacity-available",
          "exited_cargo_processes": 0,
          "introspection_processes": 0,
          "known_build_processes": 1,
          "local_build_capacity": 3,
          "reserved_remote_builds": 1,
          "snapshot_allows_new_local_build": true,
          "total_build_capacity": 4,
          "unknown_cargo_processes": 0
        },
        "captured_argv_bytes": 19212,
        "captured_argv_processes": 1,
        "compiler_groups": [
          {
            "cargo_pids": [
              26135
            ],
            "classification": "build",
            "job_limit_known": true,
            "kind": "cargo",
            "pgid": 25965,
            "pids": [
              26135,
              26981
            ],
            "requested_cargo_jobs": 2,
            "runtime_owner_pids": [],
            "rustc_process_count": 1
          },
          {
            "cargo_pids": [],
            "classification": "orphan-rustc",
            "job_limit_known": false,
            "kind": "orphan-rustc",
            "pgid": 27562,
            "pids": [
              27599
            ],
            "requested_cargo_jobs": null,
            "runtime_owner_pids": [],
            "rustc_process_count": 1
          },
          {
            "cargo_pids": [],
            "classification": "runtime-owner",
            "job_limit_known": false,
            "kind": "runtime-owner",
            "pgid": 63153,
            "pids": [
              63164
            ],
            "requested_cargo_jobs": null,
            "runtime_owner_pids": [
              63164
            ],
            "rustc_process_count": 0
          }
        ],
        "compiler_groups_omitted_count": 0,
        "complete": true,
        "effective_uid": 1893584017,
        "entries": [
          {
            "ancestry": [
              {
                "pid": 25965,
                "start_token": "darwin:1791453829:445685"
              },
              {
                "pid": 25650,
                "start_token": "darwin:1791453795:776598"
              },
              {
                "pid": 25639,
                "start_token": "darwin:1791453795:606662"
              }
            ],
            "ancestry_complete": false,
            "ancestry_error": "missing-parent",
            "argv": {
              "argc": 19,
              "status": "complete",
              "tokens": [
                "cargo",
                "build",
                "--locked",
                "--offline",
                "-j<redacted>",
                "-p",
                "<arg>",
                "-p",
                "<arg>",
                "-p",
                "<arg>",
                "--bin",
                "<arg>",
                "--bin",
                "<arg>",
                "--bin",
                "<arg>",
                "-v<redacted>",
                "--message-format=<redacted>"
              ],
              "truncated": false
            },
            "argv_verb": "build",
            "classification": "build",
            "classification_reason": null,
            "executable": "cargo",
            "identity_validated": true,
            "pgid": 25965,
            "pid": 26135,
            "ppid": 25965,
            "requested_cargo_jobs": 2,
            "start_token": "darwin:1791453830:671922"
          }
        ],
        "entries_omitted_count": 0,
        "process_scope": "host-visible-process-table",
        "processes_signaled": [],
        "resource_snapshot": {
          "available_memory_bytes": 60878471168,
          "available_memory_source": "darwin-vm-stat-free-inactive-speculative",
          "root_disk_available_bytes": 1154693267456,
          "root_disk_total_bytes": 1995218165760,
          "root_disk_used_bytes": 840524898304,
          "sampled_at_utc": "2026-10-08T10:04:56.306592+00:00"
        },
        "resource_snapshot_complete": true,
        "sample_finished_at_utc": "2026-10-08T10:04:56.306426+00:00",
        "sample_started_at_utc": "2026-10-08T10:04:56.275628+00:00",
        "schema": "build-census.v1",
        "scope_note": "Foreign Cargo, rustc, and locald/backend-locald/backend-desktop-looking rows are inspected; inaccessible candidates count as occupied unknown process groups. Same-UID process executable paths are inspected, and paths that remain unavailable count as unknown occupied process groups. Cargo argv is read through native process APIs and redacted. Other foreign rows and processes hidden by OS namespaces or permissions are not validated, so this advisory cannot guarantee whole-machine capacity.",
        "slot_reserved": false,
        "snapshot_atomic": false,
        "snapshot_issue_counts": {},
        "snapshot_race_counts": {
          "pid-exited-during-scan": 1
        },
        "visible_process_count": 914
      },
      "census_sha256": "7ed51a874c98f729ace39e53a7aa6dbe08176ed8e85f6ba25eb4fabf1a0864bf",
      "collector_finished_at_utc": "2026-10-08T10:04:56.418258+00:00",
      "collector_started_at_utc": "2026-10-08T10:04:54.865632+00:00",
      "host": "h16001mac",
      "return_code": 0,
      "stderr_bytes": 0,
      "transport_complete": true
    },
    "ilo": {
      "census": {
        "argv_budget_exhausted": false,
        "capacity": {
          "conservative_local_occupancy": 1,
          "decision_reason": "local-build-capacity-available",
          "exited_cargo_processes": 0,
          "introspection_processes": 0,
          "known_build_processes": 1,
          "local_build_capacity": 3,
          "reserved_remote_builds": 1,
          "snapshot_allows_new_local_build": true,
          "total_build_capacity": 4,
          "unknown_cargo_processes": 0
        },
        "captured_argv_bytes": 187,
        "captured_argv_processes": 1,
        "compiler_groups": [
          {
            "cargo_pids": [],
            "classification": "runtime-owner",
            "job_limit_known": false,
            "kind": "runtime-owner",
            "pgid": 557079,
            "pids": [
              557079
            ],
            "requested_cargo_jobs": null,
            "runtime_owner_pids": [
              557079
            ],
            "rustc_process_count": 0
          },
          {
            "cargo_pids": [
              3184224
            ],
            "classification": "build",
            "job_limit_known": true,
            "kind": "cargo",
            "pgid": 3183991,
            "pids": [
              3184224,
              3188843,
              3192575
            ],
            "requested_cargo_jobs": 2,
            "runtime_owner_pids": [],
            "rustc_process_count": 2
          }
        ],
        "compiler_groups_omitted_count": 0,
        "complete": true,
        "effective_uid": 0,
        "entries": [
          {
            "ancestry": [
              {
                "pid": 3184036,
                "start_token": "linux:2ead60ad-39e1-4149-89bf-ffaca12e4235:79784657"
              },
              {
                "pid": 3183991,
                "start_token": "linux:2ead60ad-39e1-4149-89bf-ffaca12e4235:79784650"
              },
              {
                "pid": 3183987,
                "start_token": "linux:2ead60ad-39e1-4149-89bf-ffaca12e4235:79784611"
              },
              {
                "pid": 3183964,
                "start_token": "linux:2ead60ad-39e1-4149-89bf-ffaca12e4235:79784446"
              },
              {
                "pid": 276742,
                "start_token": "linux:2ead60ad-39e1-4149-89bf-ffaca12e4235:16525242"
              },
              {
                "pid": 1,
                "start_token": "linux:2ead60ad-39e1-4149-89bf-ffaca12e4235:22"
              }
            ],
            "ancestry_complete": true,
            "argv": {
              "argc": 11,
              "status": "complete",
              "tokens": [
                "cargo",
                "test",
                "--locked",
                "--offline",
                "-j<redacted>",
                "--message-format=<redacted>",
                "-p",
                "<arg>",
                "--lib",
                "--",
                "--test-threads=<redacted>"
              ],
              "truncated": false
            },
            "argv_verb": "test",
            "classification": "build",
            "classification_reason": null,
            "executable": "cargo",
            "identity_validated": true,
            "pgid": 3183991,
            "pid": 3184224,
            "ppid": 3184036,
            "requested_cargo_jobs": 2,
            "start_token": "linux:2ead60ad-39e1-4149-89bf-ffaca12e4235:79784711"
          }
        ],
        "entries_omitted_count": 0,
        "process_scope": "host-visible-process-table",
        "processes_signaled": [],
        "resource_snapshot": {
          "available_memory_bytes": 52257542144,
          "available_memory_source": "linux-proc-meminfo-MemAvailable",
          "root_disk_available_bytes": 44958842880,
          "root_disk_total_bytes": 501864161280,
          "root_disk_used_bytes": 431336792064,
          "sampled_at_utc": "2026-10-08T10:04:57.559494+00:00"
        },
        "resource_snapshot_complete": true,
        "sample_finished_at_utc": "2026-10-08T10:04:57.559371+00:00",
        "sample_started_at_utc": "2026-10-08T10:04:57.515275+00:00",
        "schema": "build-census.v1",
        "scope_note": "Foreign Cargo, rustc, and locald/backend-locald/backend-desktop-looking rows are inspected; inaccessible candidates count as occupied unknown process groups. Same-UID process executable paths are inspected, and paths that remain unavailable count as unknown occupied process groups. Cargo argv is read through native process APIs and redacted. Other foreign rows and processes hidden by OS namespaces or permissions are not validated, so this advisory cannot guarantee whole-machine capacity.",
        "slot_reserved": false,
        "snapshot_atomic": false,
        "snapshot_issue_counts": {},
        "snapshot_race_counts": {
          "pid-exited-during-scan": 265
        },
        "visible_process_count": 497
      },
      "census_sha256": "69c028e829d60829308caa5a1ac14ceb69d16301bd8f8ae361be355c9ab6e7ee",
      "collector_finished_at_utc": "2026-10-08T10:04:57.668645+00:00",
      "collector_started_at_utc": "2026-10-08T10:04:54.861102+00:00",
      "host": "ilo",
      "return_code": 0,
      "stderr_bytes": 0,
      "transport_complete": true
    },
    "local": {
      "census": {
        "argv_budget_exhausted": false,
        "capacity": {
          "conservative_local_occupancy": 1,
          "decision_reason": "local-build-capacity-available",
          "exited_cargo_processes": 0,
          "introspection_processes": 0,
          "known_build_processes": 1,
          "local_build_capacity": 3,
          "reserved_remote_builds": 1,
          "snapshot_allows_new_local_build": true,
          "total_build_capacity": 4,
          "unknown_cargo_processes": 0
        },
        "captured_argv_bytes": 7364,
        "captured_argv_processes": 1,
        "compiler_groups": [
          {
            "cargo_pids": [],
            "classification": "runtime-owner",
            "job_limit_known": false,
            "kind": "runtime-owner",
            "pgid": 749,
            "pids": [
              749
            ],
            "requested_cargo_jobs": null,
            "runtime_owner_pids": [
              749
            ],
            "rustc_process_count": 0
          },
          {
            "cargo_pids": [],
            "classification": "runtime-owner",
            "job_limit_known": false,
            "kind": "runtime-owner",
            "pgid": 4707,
            "pids": [
              4707
            ],
            "requested_cargo_jobs": null,
            "runtime_owner_pids": [
              4707
            ],
            "rustc_process_count": 0
          },
          {
            "cargo_pids": [],
            "classification": "unknown",
            "job_limit_known": false,
            "kind": "unknown",
            "pgid": 11935,
            "pids": [
              11939
            ],
            "requested_cargo_jobs": null,
            "runtime_owner_pids": [],
            "rustc_process_count": 0
          },
          {
            "cargo_pids": [],
            "classification": "unknown",
            "job_limit_known": false,
            "kind": "unknown",
            "pgid": 11950,
            "pids": [
              11955
            ],
            "requested_cargo_jobs": null,
            "runtime_owner_pids": [],
            "rustc_process_count": 0
          },
          {
            "cargo_pids": [
              79387
            ],
            "classification": "build",
            "job_limit_known": false,
            "kind": "cargo",
            "pgid": 71074,
            "pids": [
              35622,
              79387
            ],
            "requested_cargo_jobs": null,
            "runtime_owner_pids": [],
            "rustc_process_count": 1
          }
        ],
        "compiler_groups_omitted_count": 0,
        "complete": true,
        "effective_uid": 501,
        "entries": [
          {
            "ancestry": [
              {
                "pid": 71074,
                "start_token": "darwin:1791452953:366699"
              },
              {
                "pid": 579,
                "start_token": "darwin:1791436081:666692"
              },
              {
                "pid": 97086,
                "start_token": "darwin:1791436078:791675"
              }
            ],
            "ancestry_complete": false,
            "ancestry_error": "missing-parent",
            "argv": {
              "argc": 14,
              "status": "complete",
              "tokens": [
                "cargo",
                "build",
                "-Z<redacted>",
                "--locked",
                "--manifest-path",
                "<arg>",
                "-p",
                "<arg>",
                "--target",
                "<arg>",
                "--release",
                "--no-default-features",
                "--features",
                "<arg>"
              ],
              "truncated": false
            },
            "argv_verb": "build",
            "classification": "build",
            "classification_reason": null,
            "executable": "cargo",
            "identity_validated": true,
            "pgid": 71074,
            "pid": 79387,
            "ppid": 71074,
            "requested_cargo_jobs": null,
            "start_token": "darwin:1791452961:493188"
          }
        ],
        "entries_omitted_count": 0,
        "process_scope": "host-visible-process-table",
        "processes_signaled": [],
        "resource_snapshot": {
          "available_memory_bytes": 11145068544,
          "available_memory_source": "darwin-vm-stat-free-inactive-speculative",
          "root_disk_available_bytes": 33221402624,
          "root_disk_total_bytes": 994662584320,
          "root_disk_used_bytes": 961441181696,
          "sampled_at_utc": "2026-10-08T10:04:55.098373+00:00"
        },
        "resource_snapshot_complete": true,
        "sample_finished_at_utc": "2026-10-08T10:04:55.097872+00:00",
        "sample_started_at_utc": "2026-10-08T10:04:55.007339+00:00",
        "schema": "build-census.v1",
        "scope_note": "Foreign Cargo, rustc, and locald/backend-locald/backend-desktop-looking rows are inspected; inaccessible candidates count as occupied unknown process groups. Same-UID process executable paths are inspected, and paths that remain unavailable count as unknown occupied process groups. Cargo argv is read through native process APIs and redacted. Other foreign rows and processes hidden by OS namespaces or permissions are not validated, so this advisory cannot guarantee whole-machine capacity.",
        "slot_reserved": false,
        "snapshot_atomic": false,
        "snapshot_issue_counts": {},
        "snapshot_race_counts": {
          "pid-exited-during-scan": 4
        },
        "visible_process_count": 784
      },
      "census_sha256": "9ebacac983de0c33c76d7aca0b57e742f127992964a2d1072db6c413a1f1ee51",
      "collector_finished_at_utc": "2026-10-08T10:04:55.128449+00:00",
      "collector_started_at_utc": "2026-10-08T10:04:54.856678+00:00",
      "host": "local",
      "return_code": 0,
      "stderr_bytes": 0,
      "transport_complete": true
    }
  },
  "reasons": [],
  "requested_cargo_jobs": 2,
  "sampled_at_utc": "2026-10-08T10:04:57.669113+00:00",
  "sampler_path": "/Users/mileswirht/Downloads/nudox-active-20261005/root-quality-integration-20261007/.config/scripts/build-census.py",
  "sampler_sha256": "95895b8959d2803a0e01f1b05c9462a46ed1b2e9976382bcae6ee9744f4cfea4",
  "schema": "compiler-capacity-admission.v5",
  "slot_reserved": false
}
