
running 43 tests
test server::async_admission::tests::cancellation_reclaims_a_waiter_slot_and_returns_its_exact_work ... ok
test server::async_admission::tests::full_waiter_table_never_blocks_an_immediately_admissible_work_item ... ok
test server::async_admission::tests::multi_waiter_register_arm_recheck_wakes_every_fitting_byte_request ... ok
test server::async_admission::tests::pending_admission_future_is_send_and_sync_when_its_work_is ... ok
test server::runtime_tests::accounting_policy_is_static_and_default_runtime_carries_no_counter_storage ... ok
test server::runtime_tests::callback_unwind_commits_executor_unwound_before_the_original_panic_continues ... ok
test server::runtime_tests::destructor_panic_after_normal_callback_keeps_the_committed_terminal ... ok
test server::runtime_tests::exhausted_slot_is_retired_while_a_healthy_slot_keeps_progressing ... ok
test server::runtime_tests::payload_cell_lifecycle_covers_cancel_terminal_reuse_and_drop ... ok
test server::runtime_tests::runtime_identity_rejects_cross_runtime_handles_and_one_work_can_reserve_many_credits ... ok
test server::runtime_tests::scoped_concurrent_admission_cancellation_and_owner_drain_conserve_every_credit ... ok
test server::runtime_tests::terminal_retention_is_in_place_and_inline_or_local_storage_needs_no_heap_owner ... ok
test server::runtime_tests::typed_callback_failure_is_retained_without_panic ... ok
test server::runtime_tests::wrong_readiness_lanes_restore_payload_and_exact_terminal ... ok
test server::storage::tests::local_payload_prefix_guard_drops_partial_initialization_during_unwind ... ok
test startup::tests::diagnostic_channel_does_not_create_a_missing_or_unrelated_file ... ok
test startup::tests::diagnostic_channel_refuses_symlinks_and_unprintable_control_sequences ... ok
test startup::tests::duplicate_reporters_serialize_on_the_admitted_file ... ok
test startup::tests::incomplete_terminal_record_is_never_reported_as_a_cause ... ok
test startup::tests::original_startup_cause_is_private_bounded_and_removed_with_the_attempt ... ok
test startup::tests::reporting_after_attempt_removal_does_not_recreate_the_path ... ok
test startup::tests::reporting_after_path_replacement_does_not_modify_the_replacement ... ok
test tests::a_dead_endpoint_is_unlinked_and_a_live_one_is_left_alone ... ok
test tests::an_owner_contender_keeps_the_cold_open_budget_without_extending_it ... ok
test tests::an_uncreated_workspace_still_agrees_with_its_created_identity ... ok
test tests::authority_secret_admission_rejects_symlinks_without_replacing_them ... ok
test tests::concurrent_initializers_publish_one_complete_authority_secret ... ok
test tests::default_project_state_is_stable_and_isolated_under_app_data ... ok
test tests::derived_endpoints_are_short_stable_and_workspace_specific ... ok
test tests::discover_accepts_an_endpoint_within_sun_path ... ok
test tests::discover_rejects_an_endpoint_that_overflows_sun_path ... ok
test tests::discover_rejects_state_from_a_different_checkout ... ok
test tests::git_root_unifies_nested_language_packages ... ok
test tests::locald_sibling_resolves_installed_cli_symlink_to_matched_bundle ... ok
test tests::missing_locald_error_names_the_companion_build_and_override ... ok
test tests::nearest_manifest_is_the_non_git_project_boundary ... ok
test tests::one_workspace_derives_one_endpoint_however_it_is_spelled ... ok
test tests::passive_connect_preserves_missing_endpoint_cause_without_creating_state ... ok
test tests::passive_connect_preserves_refused_stale_socket_cause ... ok
test tests::public_derive_endpoint_matches_the_internal_scheme ... ok
test tests::real_private_owner_launch ... ignored, requires an owned matched runtime fixture and executable
test tests::remote_client_data_initialization_does_not_create_owner_authority ... ok
test tests::unix_detached_owner_survives_launcher_group_cancellation ... ok

test result: ok. 42 passed; 0 failed; 1 ignored; 0 measured; 0 filtered out; finished in 0.21s

