{
  "advisory_allowed": true,
  "allow_local_over_cap_for_remote": true,
  "collector_elapsed_seconds": 9.769,
  "collector_started_at_utc": "2026-10-07T01:12:41.872431+00:00",
  "current_fleet_compiler_group_count": 5,
  "destination": "h16001mac",
  "evidence_path": "/Users/mileswirht/Downloads/nudox-active-20261005/sol61-public-tantivy/evidence/sol61-public-tantivy-20261006/fe26-native-acceptance/readded-cold-fleet.json",
  "fleet_compiler_group_limit": 16,
  "host_compiler_group_limits": {
    "h16001mac": 8,
    "ilo": 8,
    "local": 5
  },
  "hosts": {
    "h16001mac": {
      "age_seconds": 7.098,
      "available_memory_bytes": 66516811776,
      "available_memory_source": "darwin-vm-stat-free-inactive-speculative",
      "cargo_entries": 1,
      "census_sha256": "03e44e60b9391ae2b15aa17d85f98683881d07a5423028b83291ff370aa504fc",
      "compiler_group_count": 2,
      "compiler_groups": [
        {
          "cargo_pids": [],
          "classification": "runtime-owner",
          "job_limit_known": false,
          "kind": "runtime-owner",
          "pgid": 63153,
          "pids": [
            63164
          ],
          "requested_cargo_jobs": null,
          "runtime_owner_pids": [
            63164
          ],
          "rustc_process_count": 0
        },
        {
          "cargo_pids": [
            72928
          ],
          "classification": "build",
          "job_limit_known": false,
          "kind": "cargo",
          "pgid": 72781,
          "pids": [
            72928
          ],
          "requested_cargo_jobs": null,
          "runtime_owner_pids": [],
          "rustc_process_count": 0
        }
      ],
      "complete": true,
      "host_limit": 8,
      "resource_sampled_at_utc": "2026-10-07T01:12:44.626842+00:00",
      "root_disk_available_bytes": 1323791605760,
      "sample_finished_at_utc": "2026-10-07T01:12:44.626632+00:00",
      "sample_started_at_utc": "2026-10-07T01:12:44.587837+00:00",
      "snapshot_issue_counts": {},
      "snapshot_race_counts": {},
      "visible_process_count": 914
    },
    "ilo": {
      "age_seconds": 5.938,
      "available_memory_bytes": 61690892288,
      "available_memory_source": "linux-proc-meminfo-MemAvailable",
      "cargo_entries": 0,
      "census_sha256": "2805ee6d20d0233ade27e1e7aa51d5f86569e96b1185fd8f9c9582423200eac1",
      "compiler_group_count": 1,
      "compiler_groups": [
        {
          "cargo_pids": [],
          "classification": "runtime-owner",
          "job_limit_known": false,
          "kind": "runtime-owner",
          "pgid": 557079,
          "pids": [
            557079
          ],
          "requested_cargo_jobs": null,
          "runtime_owner_pids": [
            557079
          ],
          "rustc_process_count": 0
        }
      ],
      "complete": true,
      "host_limit": 8,
      "resource_sampled_at_utc": "2026-10-07T01:12:45.767163+00:00",
      "root_disk_available_bytes": 222950387712,
      "sample_finished_at_utc": "2026-10-07T01:12:45.767109+00:00",
      "sample_started_at_utc": "2026-10-07T01:12:45.748220+00:00",
      "snapshot_issue_counts": {},
      "snapshot_race_counts": {
        "pid-exited-during-scan": 265
      },
      "visible_process_count": 404
    },
    "local": {
      "age_seconds": 5.646,
      "available_memory_bytes": 11304435712,
      "available_memory_source": "darwin-vm-stat-free-inactive-speculative",
      "cargo_entries": 0,
      "census_sha256": "97195a5ea8875604cb4632f29a80d1c869f8af7761155c1c01afca260ec101f4",
      "compiler_group_count": 2,
      "compiler_groups": [
        {
          "cargo_pids": [],
          "classification": "runtime-owner",
          "job_limit_known": false,
          "kind": "runtime-owner",
          "pgid": 749,
          "pids": [
            749
          ],
          "requested_cargo_jobs": null,
          "runtime_owner_pids": [
            749
          ],
          "rustc_process_count": 0
        },
        {
          "cargo_pids": [],
          "classification": "runtime-owner",
          "job_limit_known": false,
          "kind": "runtime-owner",
          "pgid": 4707,
          "pids": [
            4707
          ],
          "requested_cargo_jobs": null,
          "runtime_owner_pids": [
            4707
          ],
          "rustc_process_count": 0
        }
      ],
      "complete": true,
      "host_limit": 5,
      "resource_sampled_at_utc": "2026-10-07T01:12:50.374837+00:00",
      "root_disk_available_bytes": 167830982656,
      "sample_finished_at_utc": "2026-10-07T01:12:50.370048+00:00",
      "sample_started_at_utc": "2026-10-07T01:12:46.040685+00:00",
      "snapshot_issue_counts": {},
      "snapshot_race_counts": {
        "pid-exited-during-scan": 14
      },
      "visible_process_count": 900
    }
  },
  "limitations": [
    "h16001mac:active-cargo-jobs-unknown-group-counted-conservatively"
  ],
  "managed_host_permit_required": true,
  "max_cargo_jobs_per_group": 4,
  "max_sample_age_seconds": 60,
  "minimum_available_memory_bytes_each_host": 8589934592,
  "minimum_destination_root_disk_bytes": 17179869184,
  "processes_signaled": [],
  "raw_samples": {
    "h16001mac": {
      "census": {
        "argv_budget_exhausted": false,
        "capacity": {
          "conservative_local_occupancy": 1,
          "decision_reason": "local-build-capacity-available",
          "exited_cargo_processes": 0,
          "introspection_processes": 0,
          "known_build_processes": 1,
          "local_build_capacity": 3,
          "reserved_remote_builds": 1,
          "snapshot_allows_new_local_build": true,
          "total_build_capacity": 4,
          "unknown_cargo_processes": 0
        },
        "captured_argv_bytes": 68356,
        "captured_argv_processes": 1,
        "compiler_groups": [
          {
            "cargo_pids": [],
            "classification": "runtime-owner",
            "job_limit_known": false,
            "kind": "runtime-owner",
            "pgid": 63153,
            "pids": [
              63164
            ],
            "requested_cargo_jobs": null,
            "runtime_owner_pids": [
              63164
            ],
            "rustc_process_count": 0
          },
          {
            "cargo_pids": [
              72928
            ],
            "classification": "build",
            "job_limit_known": false,
            "kind": "cargo",
            "pgid": 72781,
            "pids": [
              72928
            ],
            "requested_cargo_jobs": null,
            "runtime_owner_pids": [],
            "rustc_process_count": 0
          }
        ],
        "compiler_groups_omitted_count": 0,
        "complete": true,
        "effective_uid": 1893584017,
        "entries": [
          {
            "ancestry": [
              {
                "pid": 72894,
                "start_token": "darwin:1791335547:497075"
              },
              {
                "pid": 72781,
                "start_token": "darwin:1791335532:474770"
              }
            ],
            "ancestry_complete": false,
            "ancestry_error": "missing-parent",
            "argv": {
              "argc": 10,
              "status": "complete",
              "tokens": [
                "cargo",
                "test",
                "-p",
                "<arg>",
                "--test",
                "<arg>",
                "<arg>",
                "--",
                "--nocapture",
                "--test-threads=<redacted>"
              ],
              "truncated": false
            },
            "argv_verb": "test",
            "classification": "build",
            "classification_reason": null,
            "executable": "cargo",
            "identity_validated": true,
            "pgid": 72781,
            "pid": 72928,
            "ppid": 72894,
            "requested_cargo_jobs": null,
            "start_token": "darwin:1791335548:049274"
          }
        ],
        "entries_omitted_count": 0,
        "process_scope": "host-visible-process-table",
        "processes_signaled": [],
        "resource_snapshot": {
          "available_memory_bytes": 66516811776,
          "available_memory_source": "darwin-vm-stat-free-inactive-speculative",
          "root_disk_available_bytes": 1323791605760,
          "root_disk_total_bytes": 1995218165760,
          "root_disk_used_bytes": 671426560000,
          "sampled_at_utc": "2026-10-07T01:12:44.626842+00:00"
        },
        "resource_snapshot_complete": true,
        "sample_finished_at_utc": "2026-10-07T01:12:44.626632+00:00",
        "sample_started_at_utc": "2026-10-07T01:12:44.587837+00:00",
        "schema": "build-census.v1",
        "scope_note": "Foreign Cargo, rustc, and locald/backend-locald/backend-desktop-looking rows are inspected; inaccessible candidates count as occupied unknown process groups. Same-UID process executable paths are inspected. Cargo argv is read through native process APIs and redacted. Other foreign rows and processes hidden by OS namespaces or permissions are not validated, so this advisory cannot guarantee whole-machine capacity.",
        "slot_reserved": false,
        "snapshot_atomic": false,
        "snapshot_issue_counts": {},
        "snapshot_race_counts": {},
        "visible_process_count": 914
      },
      "census_sha256": "03e44e60b9391ae2b15aa17d85f98683881d07a5423028b83291ff370aa504fc",
      "collector_finished_at_utc": "2026-10-07T01:12:44.674470+00:00",
      "collector_started_at_utc": "2026-10-07T01:12:42.345102+00:00",
      "host": "h16001mac",
      "return_code": 0,
      "stderr_bytes": 0,
      "transport_complete": true
    },
    "ilo": {
      "census": {
        "argv_budget_exhausted": false,
        "capacity": {
          "conservative_local_occupancy": 0,
          "decision_reason": "local-build-capacity-available",
          "exited_cargo_processes": 0,
          "introspection_processes": 0,
          "known_build_processes": 0,
          "local_build_capacity": 3,
          "reserved_remote_builds": 1,
          "snapshot_allows_new_local_build": true,
          "total_build_capacity": 4,
          "unknown_cargo_processes": 0
        },
        "captured_argv_bytes": 0,
        "captured_argv_processes": 0,
        "compiler_groups": [
          {
            "cargo_pids": [],
            "classification": "runtime-owner",
            "job_limit_known": false,
            "kind": "runtime-owner",
            "pgid": 557079,
            "pids": [
              557079
            ],
            "requested_cargo_jobs": null,
            "runtime_owner_pids": [
              557079
            ],
            "rustc_process_count": 0
          }
        ],
        "compiler_groups_omitted_count": 0,
        "complete": true,
        "effective_uid": 0,
        "entries": [],
        "entries_omitted_count": 0,
        "process_scope": "host-visible-process-table",
        "processes_signaled": [],
        "resource_snapshot": {
          "available_memory_bytes": 61690892288,
          "available_memory_source": "linux-proc-meminfo-MemAvailable",
          "root_disk_available_bytes": 222950387712,
          "root_disk_total_bytes": 501864161280,
          "root_disk_used_bytes": 253345247232,
          "sampled_at_utc": "2026-10-07T01:12:45.767163+00:00"
        },
        "resource_snapshot_complete": true,
        "sample_finished_at_utc": "2026-10-07T01:12:45.767109+00:00",
        "sample_started_at_utc": "2026-10-07T01:12:45.748220+00:00",
        "schema": "build-census.v1",
        "scope_note": "Foreign Cargo, rustc, and locald/backend-locald/backend-desktop-looking rows are inspected; inaccessible candidates count as occupied unknown process groups. Same-UID process executable paths are inspected. Cargo argv is read through native process APIs and redacted. Other foreign rows and processes hidden by OS namespaces or permissions are not validated, so this advisory cannot guarantee whole-machine capacity.",
        "slot_reserved": false,
        "snapshot_atomic": false,
        "snapshot_issue_counts": {},
        "snapshot_race_counts": {
          "pid-exited-during-scan": 265
        },
        "visible_process_count": 404
      },
      "census_sha256": "2805ee6d20d0233ade27e1e7aa51d5f86569e96b1185fd8f9c9582423200eac1",
      "collector_finished_at_utc": "2026-10-07T01:12:45.792304+00:00",
      "collector_started_at_utc": "2026-10-07T01:12:42.280801+00:00",
      "host": "ilo",
      "return_code": 0,
      "stderr_bytes": 0,
      "transport_complete": true
    },
    "local": {
      "census": {
        "argv_budget_exhausted": false,
        "capacity": {
          "conservative_local_occupancy": 0,
          "decision_reason": "local-build-capacity-available",
          "exited_cargo_processes": 0,
          "introspection_processes": 0,
          "known_build_processes": 0,
          "local_build_capacity": 3,
          "reserved_remote_builds": 1,
          "snapshot_allows_new_local_build": true,
          "total_build_capacity": 4,
          "unknown_cargo_processes": 0
        },
        "captured_argv_bytes": 0,
        "captured_argv_processes": 0,
        "compiler_groups": [
          {
            "cargo_pids": [],
            "classification": "runtime-owner",
            "job_limit_known": false,
            "kind": "runtime-owner",
            "pgid": 749,
            "pids": [
              749
            ],
            "requested_cargo_jobs": null,
            "runtime_owner_pids": [
              749
            ],
            "rustc_process_count": 0
          },
          {
            "cargo_pids": [],
            "classification": "runtime-owner",
            "job_limit_known": false,
            "kind": "runtime-owner",
            "pgid": 4707,
            "pids": [
              4707
            ],
            "requested_cargo_jobs": null,
            "runtime_owner_pids": [
              4707
            ],
            "rustc_process_count": 0
          }
        ],
        "compiler_groups_omitted_count": 0,
        "complete": true,
        "effective_uid": 501,
        "entries": [],
        "entries_omitted_count": 0,
        "process_scope": "host-visible-process-table",
        "processes_signaled": [],
        "resource_snapshot": {
          "available_memory_bytes": 11304435712,
          "available_memory_source": "darwin-vm-stat-free-inactive-speculative",
          "root_disk_available_bytes": 167830982656,
          "root_disk_total_bytes": 994662584320,
          "root_disk_used_bytes": 826831601664,
          "sampled_at_utc": "2026-10-07T01:12:50.374837+00:00"
        },
        "resource_snapshot_complete": true,
        "sample_finished_at_utc": "2026-10-07T01:12:50.370048+00:00",
        "sample_started_at_utc": "2026-10-07T01:12:46.040685+00:00",
        "schema": "build-census.v1",
        "scope_note": "Foreign Cargo, rustc, and locald/backend-locald/backend-desktop-looking rows are inspected; inaccessible candidates count as occupied unknown process groups. Same-UID process executable paths are inspected. Cargo argv is read through native process APIs and redacted. Other foreign rows and processes hidden by OS namespaces or permissions are not validated, so this advisory cannot guarantee whole-machine capacity.",
        "slot_reserved": false,
        "snapshot_atomic": false,
        "snapshot_issue_counts": {},
        "snapshot_race_counts": {
          "pid-exited-during-scan": 14
        },
        "visible_process_count": 900
      },
      "census_sha256": "97195a5ea8875604cb4632f29a80d1c869f8af7761155c1c01afca260ec101f4",
      "collector_finished_at_utc": "2026-10-07T01:12:51.674082+00:00",
      "collector_started_at_utc": "2026-10-07T01:12:42.190346+00:00",
      "host": "local",
      "return_code": 0,
      "stderr_bytes": 0,
      "transport_complete": true
    }
  },
  "reasons": [],
  "requested_cargo_jobs": 1,
  "sampled_at_utc": "2026-10-07T01:12:51.686277+00:00",
  "sampler_path": "/Users/mileswirht/Downloads/nudox-active-20261005/corpus-control/.config/scripts/build-census.py",
  "sampler_sha256": "6c71148545544ff162de3063af0da328dc61097891324754e433e6cee1a3e060",
  "schema": "compiler-capacity-admission.v5",
  "slot_reserved": false
}
