{
  "advisory_allowed": true,
  "allow_local_over_cap_for_remote": true,
  "collector_elapsed_seconds": 2.339,
  "collector_started_at_utc": "2026-10-07T00:57:25.986844+00:00",
  "current_fleet_compiler_group_count": 8,
  "destination": "h16001mac",
  "evidence_path": "/Users/mileswirht/Downloads/nudox-active-20261005/sol61-public-tantivy/evidence/sol61-public-tantivy-20261006/fe26-native-acceptance/removed-fleet.json",
  "fleet_compiler_group_limit": 16,
  "host_compiler_group_limits": {
    "h16001mac": 8,
    "ilo": 8,
    "local": 5
  },
  "hosts": {
    "h16001mac": {
      "age_seconds": 1.028,
      "available_memory_bytes": 61824778240,
      "available_memory_source": "darwin-vm-stat-free-inactive-speculative",
      "cargo_entries": 2,
      "census_sha256": "e80788b806c13ab55071684405b12b889db4ce36ba978dc64b034652d2a7362c",
      "compiler_group_count": 4,
      "compiler_groups": [
        {
          "cargo_pids": [
            9194
          ],
          "classification": "build",
          "job_limit_known": true,
          "kind": "cargo",
          "pgid": 8987,
          "pids": [
            9194
          ],
          "requested_cargo_jobs": 4,
          "runtime_owner_pids": [],
          "rustc_process_count": 0
        },
        {
          "cargo_pids": [],
          "classification": "unknown",
          "job_limit_known": false,
          "kind": "orphan-rustc",
          "pgid": 9326,
          "pids": [
            13532,
            18083,
            18319
          ],
          "requested_cargo_jobs": null,
          "runtime_owner_pids": [],
          "rustc_process_count": 3
        },
        {
          "cargo_pids": [
            16699
          ],
          "classification": "build",
          "job_limit_known": false,
          "kind": "cargo",
          "pgid": 10244,
          "pids": [
            16699
          ],
          "requested_cargo_jobs": null,
          "runtime_owner_pids": [],
          "rustc_process_count": 0
        },
        {
          "cargo_pids": [],
          "classification": "runtime-owner",
          "job_limit_known": false,
          "kind": "runtime-owner",
          "pgid": 63153,
          "pids": [
            63164
          ],
          "requested_cargo_jobs": null,
          "runtime_owner_pids": [
            63164
          ],
          "rustc_process_count": 0
        }
      ],
      "complete": true,
      "host_limit": 8,
      "resource_sampled_at_utc": "2026-10-07T00:57:27.332506+00:00",
      "root_disk_available_bytes": 1334513381376,
      "sample_finished_at_utc": "2026-10-07T00:57:27.332303+00:00",
      "sample_started_at_utc": "2026-10-07T00:57:27.297961+00:00",
      "snapshot_issue_counts": {},
      "snapshot_race_counts": {
        "pid-exited-during-scan": 1
      },
      "visible_process_count": 937
    },
    "ilo": {
      "age_seconds": 0.047,
      "available_memory_bytes": 56094892032,
      "available_memory_source": "linux-proc-meminfo-MemAvailable",
      "cargo_entries": 1,
      "census_sha256": "5dd19e8e70e459c3ca43769032f6d180a5cda1575b842eabc0a29bfdf63fafe0",
      "compiler_group_count": 2,
      "compiler_groups": [
        {
          "cargo_pids": [],
          "classification": "runtime-owner",
          "job_limit_known": false,
          "kind": "runtime-owner",
          "pgid": 557079,
          "pids": [
            557079
          ],
          "requested_cargo_jobs": null,
          "runtime_owner_pids": [
            557079
          ],
          "rustc_process_count": 0
        },
        {
          "cargo_pids": [
            3973724
          ],
          "classification": "build",
          "job_limit_known": true,
          "kind": "cargo",
          "pgid": 3973552,
          "pids": [
            3973724,
            3974395,
            3974814,
            3975094
          ],
          "requested_cargo_jobs": 4,
          "runtime_owner_pids": [],
          "rustc_process_count": 3
        }
      ],
      "complete": true,
      "host_limit": 8,
      "resource_sampled_at_utc": "2026-10-07T00:57:28.304895+00:00",
      "root_disk_available_bytes": 225188630528,
      "sample_finished_at_utc": "2026-10-07T00:57:28.304784+00:00",
      "sample_started_at_utc": "2026-10-07T00:57:28.279812+00:00",
      "snapshot_issue_counts": {},
      "snapshot_race_counts": {
        "pid-exited-during-scan": 271
      },
      "visible_process_count": 417
    },
    "local": {
      "age_seconds": 2.259,
      "available_memory_bytes": 10849927168,
      "available_memory_source": "darwin-vm-stat-free-inactive-speculative",
      "cargo_entries": 0,
      "census_sha256": "19f3445776f39cb5b2dbf252a8e52a54cead0dec5e4f5272cd8e31c808f53d3e",
      "compiler_group_count": 2,
      "compiler_groups": [
        {
          "cargo_pids": [],
          "classification": "runtime-owner",
          "job_limit_known": false,
          "kind": "runtime-owner",
          "pgid": 749,
          "pids": [
            749
          ],
          "requested_cargo_jobs": null,
          "runtime_owner_pids": [
            749
          ],
          "rustc_process_count": 0
        },
        {
          "cargo_pids": [],
          "classification": "runtime-owner",
          "job_limit_known": false,
          "kind": "runtime-owner",
          "pgid": 4707,
          "pids": [
            4707
          ],
          "requested_cargo_jobs": null,
          "runtime_owner_pids": [
            4707
          ],
          "rustc_process_count": 0
        }
      ],
      "complete": true,
      "host_limit": 5,
      "resource_sampled_at_utc": "2026-10-07T00:57:26.118226+00:00",
      "root_disk_available_bytes": 168800432128,
      "sample_finished_at_utc": "2026-10-07T00:57:26.118036+00:00",
      "sample_started_at_utc": "2026-10-07T00:57:26.066965+00:00",
      "snapshot_issue_counts": {},
      "snapshot_race_counts": {
        "pid-exited-during-scan": 6
      },
      "visible_process_count": 901
    }
  },
  "limitations": [
    "h16001mac:unresolved-compiler-group-counted-conservatively",
    "h16001mac:active-cargo-jobs-unknown-group-counted-conservatively"
  ],
  "managed_host_permit_required": true,
  "max_cargo_jobs_per_group": 4,
  "max_sample_age_seconds": 60,
  "minimum_available_memory_bytes_each_host": 8589934592,
  "minimum_destination_root_disk_bytes": 17179869184,
  "processes_signaled": [],
  "raw_samples": {
    "h16001mac": {
      "census": {
        "argv_budget_exhausted": false,
        "capacity": {
          "conservative_local_occupancy": 2,
          "decision_reason": "local-build-capacity-available",
          "exited_cargo_processes": 0,
          "introspection_processes": 0,
          "known_build_processes": 2,
          "local_build_capacity": 3,
          "reserved_remote_builds": 1,
          "snapshot_allows_new_local_build": true,
          "total_build_capacity": 4,
          "unknown_cargo_processes": 0
        },
        "captured_argv_bytes": 87536,
        "captured_argv_processes": 2,
        "compiler_groups": [
          {
            "cargo_pids": [
              9194
            ],
            "classification": "build",
            "job_limit_known": true,
            "kind": "cargo",
            "pgid": 8987,
            "pids": [
              9194
            ],
            "requested_cargo_jobs": 4,
            "runtime_owner_pids": [],
            "rustc_process_count": 0
          },
          {
            "cargo_pids": [],
            "classification": "unknown",
            "job_limit_known": false,
            "kind": "orphan-rustc",
            "pgid": 9326,
            "pids": [
              13532,
              18083,
              18319
            ],
            "requested_cargo_jobs": null,
            "runtime_owner_pids": [],
            "rustc_process_count": 3
          },
          {
            "cargo_pids": [
              16699
            ],
            "classification": "build",
            "job_limit_known": false,
            "kind": "cargo",
            "pgid": 10244,
            "pids": [
              16699
            ],
            "requested_cargo_jobs": null,
            "runtime_owner_pids": [],
            "rustc_process_count": 0
          },
          {
            "cargo_pids": [],
            "classification": "runtime-owner",
            "job_limit_known": false,
            "kind": "runtime-owner",
            "pgid": 63153,
            "pids": [
              63164
            ],
            "requested_cargo_jobs": null,
            "runtime_owner_pids": [
              63164
            ],
            "rustc_process_count": 0
          }
        ],
        "compiler_groups_omitted_count": 0,
        "complete": true,
        "effective_uid": 1893584017,
        "entries": [
          {
            "ancestry": [
              {
                "pid": 8987,
                "start_token": "darwin:1791334558:465077"
              },
              {
                "pid": 8966,
                "start_token": "darwin:1791334557:885735"
              },
              {
                "pid": 8963,
                "start_token": "darwin:1791334557:753153"
              }
            ],
            "ancestry_complete": false,
            "ancestry_error": "missing-parent",
            "argv": {
              "argc": 13,
              "status": "complete",
              "tokens": [
                "cargo",
                "test",
                "--release",
                "--locked",
                "--offline",
                "-j<redacted>",
                "--message-format=<redacted>",
                "-p",
                "<arg>",
                "--lib",
                "<arg>",
                "--",
                "--test-threads=<redacted>"
              ],
              "truncated": false
            },
            "argv_verb": "test",
            "classification": "build",
            "classification_reason": null,
            "executable": "cargo",
            "identity_validated": true,
            "pgid": 8987,
            "pid": 9194,
            "ppid": 8987,
            "requested_cargo_jobs": 4,
            "start_token": "darwin:1791334559:586962"
          },
          {
            "ancestry": [
              {
                "pid": 11762,
                "start_token": "darwin:1791334590:260872"
              },
              {
                "pid": 10244,
                "start_token": "darwin:1791334571:780217"
              }
            ],
            "ancestry_complete": false,
            "ancestry_error": "missing-parent",
            "argv": {
              "argc": 10,
              "status": "complete",
              "tokens": [
                "cargo",
                "test",
                "-p",
                "<arg>",
                "--test",
                "<arg>",
                "<arg>",
                "--",
                "--nocapture",
                "--test-threads=<redacted>"
              ],
              "truncated": false
            },
            "argv_verb": "test",
            "classification": "build",
            "classification_reason": null,
            "executable": "cargo",
            "identity_validated": true,
            "pgid": 10244,
            "pid": 16699,
            "ppid": 11762,
            "requested_cargo_jobs": null,
            "start_token": "darwin:1791334621:407415"
          }
        ],
        "entries_omitted_count": 0,
        "process_scope": "host-visible-process-table",
        "processes_signaled": [],
        "resource_snapshot": {
          "available_memory_bytes": 61824778240,
          "available_memory_source": "darwin-vm-stat-free-inactive-speculative",
          "root_disk_available_bytes": 1334513381376,
          "root_disk_total_bytes": 1995218165760,
          "root_disk_used_bytes": 660704784384,
          "sampled_at_utc": "2026-10-07T00:57:27.332506+00:00"
        },
        "resource_snapshot_complete": true,
        "sample_finished_at_utc": "2026-10-07T00:57:27.332303+00:00",
        "sample_started_at_utc": "2026-10-07T00:57:27.297961+00:00",
        "schema": "build-census.v1",
        "scope_note": "Foreign Cargo, rustc, and locald/backend-locald/backend-desktop-looking rows are inspected; inaccessible candidates count as occupied unknown process groups. Same-UID process executable paths are inspected. Cargo argv is read through native process APIs and redacted. Other foreign rows and processes hidden by OS namespaces or permissions are not validated, so this advisory cannot guarantee whole-machine capacity.",
        "slot_reserved": false,
        "snapshot_atomic": false,
        "snapshot_issue_counts": {},
        "snapshot_race_counts": {
          "pid-exited-during-scan": 1
        },
        "visible_process_count": 937
      },
      "census_sha256": "e80788b806c13ab55071684405b12b889db4ce36ba978dc64b034652d2a7362c",
      "collector_finished_at_utc": "2026-10-07T00:57:27.304294+00:00",
      "collector_started_at_utc": "2026-10-07T00:57:25.994518+00:00",
      "host": "h16001mac",
      "return_code": 0,
      "stderr_bytes": 0,
      "transport_complete": true
    },
    "ilo": {
      "census": {
        "argv_budget_exhausted": false,
        "capacity": {
          "conservative_local_occupancy": 1,
          "decision_reason": "local-build-capacity-available",
          "exited_cargo_processes": 0,
          "introspection_processes": 0,
          "known_build_processes": 1,
          "local_build_capacity": 3,
          "reserved_remote_builds": 1,
          "snapshot_allows_new_local_build": true,
          "total_build_capacity": 4,
          "unknown_cargo_processes": 0
        },
        "captured_argv_bytes": 248,
        "captured_argv_processes": 1,
        "compiler_groups": [
          {
            "cargo_pids": [],
            "classification": "runtime-owner",
            "job_limit_known": false,
            "kind": "runtime-owner",
            "pgid": 557079,
            "pids": [
              557079
            ],
            "requested_cargo_jobs": null,
            "runtime_owner_pids": [
              557079
            ],
            "rustc_process_count": 0
          },
          {
            "cargo_pids": [
              3973724
            ],
            "classification": "build",
            "job_limit_known": true,
            "kind": "cargo",
            "pgid": 3973552,
            "pids": [
              3973724,
              3974395,
              3974814,
              3975094
            ],
            "requested_cargo_jobs": 4,
            "runtime_owner_pids": [],
            "rustc_process_count": 3
          }
        ],
        "compiler_groups_omitted_count": 0,
        "complete": true,
        "effective_uid": 0,
        "entries": [
          {
            "ancestry": [
              {
                "pid": 3973552,
                "start_token": "linux:2ead60ad-39e1-4149-89bf-ffaca12e4235:67870506"
              },
              {
                "pid": 3973528,
                "start_token": "linux:2ead60ad-39e1-4149-89bf-ffaca12e4235:67870498"
              },
              {
                "pid": 3973527,
                "start_token": "linux:2ead60ad-39e1-4149-89bf-ffaca12e4235:67870466"
              },
              {
                "pid": 3973522,
                "start_token": "linux:2ead60ad-39e1-4149-89bf-ffaca12e4235:67870328"
              },
              {
                "pid": 276742,
                "start_token": "linux:2ead60ad-39e1-4149-89bf-ffaca12e4235:16525242"
              },
              {
                "pid": 1,
                "start_token": "linux:2ead60ad-39e1-4149-89bf-ffaca12e4235:22"
              }
            ],
            "ancestry_complete": true,
            "argv": {
              "argc": 13,
              "status": "complete",
              "tokens": [
                "cargo",
                "test",
                "--locked",
                "--offline",
                "--release",
                "-j<redacted>",
                "-p",
                "<arg>",
                "--lib",
                "<arg>",
                "--",
                "--test-threads=<redacted>",
                "--nocapture"
              ],
              "truncated": false
            },
            "argv_verb": "test",
            "classification": "build",
            "classification_reason": null,
            "executable": "cargo",
            "identity_validated": true,
            "pgid": 3973552,
            "pid": 3973724,
            "ppid": 3973552,
            "requested_cargo_jobs": 4,
            "start_token": "linux:2ead60ad-39e1-4149-89bf-ffaca12e4235:67870560"
          }
        ],
        "entries_omitted_count": 0,
        "process_scope": "host-visible-process-table",
        "processes_signaled": [],
        "resource_snapshot": {
          "available_memory_bytes": 56094892032,
          "available_memory_source": "linux-proc-meminfo-MemAvailable",
          "root_disk_available_bytes": 225188630528,
          "root_disk_total_bytes": 501864161280,
          "root_disk_used_bytes": 251107004416,
          "sampled_at_utc": "2026-10-07T00:57:28.304895+00:00"
        },
        "resource_snapshot_complete": true,
        "sample_finished_at_utc": "2026-10-07T00:57:28.304784+00:00",
        "sample_started_at_utc": "2026-10-07T00:57:28.279812+00:00",
        "schema": "build-census.v1",
        "scope_note": "Foreign Cargo, rustc, and locald/backend-locald/backend-desktop-looking rows are inspected; inaccessible candidates count as occupied unknown process groups. Same-UID process executable paths are inspected. Cargo argv is read through native process APIs and redacted. Other foreign rows and processes hidden by OS namespaces or permissions are not validated, so this advisory cannot guarantee whole-machine capacity.",
        "slot_reserved": false,
        "snapshot_atomic": false,
        "snapshot_issue_counts": {},
        "snapshot_race_counts": {
          "pid-exited-during-scan": 271
        },
        "visible_process_count": 417
      },
      "census_sha256": "5dd19e8e70e459c3ca43769032f6d180a5cda1575b842eabc0a29bfdf63fafe0",
      "collector_finished_at_utc": "2026-10-07T00:57:28.325874+00:00",
      "collector_started_at_utc": "2026-10-07T00:57:25.993979+00:00",
      "host": "ilo",
      "return_code": 0,
      "stderr_bytes": 0,
      "transport_complete": true
    },
    "local": {
      "census": {
        "argv_budget_exhausted": false,
        "capacity": {
          "conservative_local_occupancy": 0,
          "decision_reason": "local-build-capacity-available",
          "exited_cargo_processes": 0,
          "introspection_processes": 0,
          "known_build_processes": 0,
          "local_build_capacity": 3,
          "reserved_remote_builds": 1,
          "snapshot_allows_new_local_build": true,
          "total_build_capacity": 4,
          "unknown_cargo_processes": 0
        },
        "captured_argv_bytes": 0,
        "captured_argv_processes": 0,
        "compiler_groups": [
          {
            "cargo_pids": [],
            "classification": "runtime-owner",
            "job_limit_known": false,
            "kind": "runtime-owner",
            "pgid": 749,
            "pids": [
              749
            ],
            "requested_cargo_jobs": null,
            "runtime_owner_pids": [
              749
            ],
            "rustc_process_count": 0
          },
          {
            "cargo_pids": [],
            "classification": "runtime-owner",
            "job_limit_known": false,
            "kind": "runtime-owner",
            "pgid": 4707,
            "pids": [
              4707
            ],
            "requested_cargo_jobs": null,
            "runtime_owner_pids": [
              4707
            ],
            "rustc_process_count": 0
          }
        ],
        "compiler_groups_omitted_count": 0,
        "complete": true,
        "effective_uid": 501,
        "entries": [],
        "entries_omitted_count": 0,
        "process_scope": "host-visible-process-table",
        "processes_signaled": [],
        "resource_snapshot": {
          "available_memory_bytes": 10849927168,
          "available_memory_source": "darwin-vm-stat-free-inactive-speculative",
          "root_disk_available_bytes": 168800432128,
          "root_disk_total_bytes": 994662584320,
          "root_disk_used_bytes": 825862152192,
          "sampled_at_utc": "2026-10-07T00:57:26.118226+00:00"
        },
        "resource_snapshot_complete": true,
        "sample_finished_at_utc": "2026-10-07T00:57:26.118036+00:00",
        "sample_started_at_utc": "2026-10-07T00:57:26.066965+00:00",
        "schema": "build-census.v1",
        "scope_note": "Foreign Cargo, rustc, and locald/backend-locald/backend-desktop-looking rows are inspected; inaccessible candidates count as occupied unknown process groups. Same-UID process executable paths are inspected. Cargo argv is read through native process APIs and redacted. Other foreign rows and processes hidden by OS namespaces or permissions are not validated, so this advisory cannot guarantee whole-machine capacity.",
        "slot_reserved": false,
        "snapshot_atomic": false,
        "snapshot_issue_counts": {},
        "snapshot_race_counts": {
          "pid-exited-during-scan": 6
        },
        "visible_process_count": 901
      },
      "census_sha256": "19f3445776f39cb5b2dbf252a8e52a54cead0dec5e4f5272cd8e31c808f53d3e",
      "collector_finished_at_utc": "2026-10-07T00:57:26.131467+00:00",
      "collector_started_at_utc": "2026-10-07T00:57:25.991323+00:00",
      "host": "local",
      "return_code": 0,
      "stderr_bytes": 0,
      "transport_complete": true
    }
  },
  "reasons": [],
  "requested_cargo_jobs": 1,
  "sampled_at_utc": "2026-10-07T00:57:28.326331+00:00",
  "sampler_path": "/Users/mileswirht/Downloads/nudox-active-20261005/corpus-control/.config/scripts/build-census.py",
  "sampler_sha256": "6c71148545544ff162de3063af0da328dc61097891324754e433e6cee1a3e060",
  "schema": "compiler-capacity-admission.v5",
  "slot_reserved": false
}
