{
  "advisory_allowed": true,
  "allow_local_over_cap_for_remote": true,
  "collector_elapsed_seconds": 2.578,
  "collector_started_at_utc": "2026-10-06T20:03:40.845642+00:00",
  "current_fleet_compiler_group_count": 6,
  "destination": "h16001mac",
  "evidence_path": "/private/tmp/sol61-private-store-trace-f6eee1512c-runtime-evidence-attempt02/34a3d6dbeddb43e5a344090f30d973e8.fleet.json",
  "fleet_compiler_group_limit": 16,
  "host_compiler_group_limits": {
    "h16001mac": 8,
    "ilo": 8,
    "local": 5
  },
  "hosts": {
    "h16001mac": {
      "age_seconds": 1.279,
      "available_memory_bytes": 64733822976,
      "available_memory_source": "darwin-vm-stat-free-inactive-speculative",
      "cargo_entries": 0,
      "census_sha256": "eb2cf7e580501bf8784a51019955e7c0fe9c75cdcc01273f9f09e6c00c4ddb98",
      "compiler_group_count": 1,
      "compiler_groups": [
        {
          "cargo_pids": [],
          "classification": "runtime-owner",
          "job_limit_known": false,
          "kind": "runtime-owner",
          "pgid": 63153,
          "pids": [
            63164
          ],
          "requested_cargo_jobs": null,
          "runtime_owner_pids": [
            63164
          ],
          "rustc_process_count": 0
        }
      ],
      "complete": true,
      "host_limit": 8,
      "resource_sampled_at_utc": "2026-10-06T20:03:42.179039+00:00",
      "root_disk_available_bytes": 1416373780480,
      "sample_finished_at_utc": "2026-10-06T20:03:42.178874+00:00",
      "sample_started_at_utc": "2026-10-06T20:03:42.143977+00:00",
      "snapshot_issue_counts": {},
      "snapshot_race_counts": {},
      "visible_process_count": 937
    },
    "ilo": {
      "age_seconds": 0.021,
      "available_memory_bytes": 61622448128,
      "available_memory_source": "linux-proc-meminfo-MemAvailable",
      "cargo_entries": 0,
      "census_sha256": "81ecde6b90234c28b625fef5e1ec168962dbc3c7772f4426c6499c6fe3854b40",
      "compiler_group_count": 1,
      "compiler_groups": [
        {
          "cargo_pids": [],
          "classification": "runtime-owner",
          "job_limit_known": false,
          "kind": "runtime-owner",
          "pgid": 557079,
          "pids": [
            557079
          ],
          "requested_cargo_jobs": null,
          "runtime_owner_pids": [
            557079
          ],
          "rustc_process_count": 0
        }
      ],
      "complete": true,
      "host_limit": 8,
      "resource_sampled_at_utc": "2026-10-06T20:03:43.421939+00:00",
      "root_disk_available_bytes": 182626693120,
      "sample_finished_at_utc": "2026-10-06T20:03:43.421886+00:00",
      "sample_started_at_utc": "2026-10-06T20:03:43.402483+00:00",
      "snapshot_issue_counts": {},
      "snapshot_race_counts": {
        "pid-exited-during-scan": 262
      },
      "visible_process_count": 421
    },
    "local": {
      "age_seconds": 2.502,
      "available_memory_bytes": 10054385664,
      "available_memory_source": "darwin-vm-stat-free-inactive-speculative",
      "cargo_entries": 1,
      "census_sha256": "45030a81f751f169133639f716f9ebcfe837b390d30725f11c1423dd6d019e00",
      "compiler_group_count": 4,
      "compiler_groups": [
        {
          "cargo_pids": [],
          "classification": "runtime-owner",
          "job_limit_known": false,
          "kind": "runtime-owner",
          "pgid": 749,
          "pids": [
            749
          ],
          "requested_cargo_jobs": null,
          "runtime_owner_pids": [
            749
          ],
          "rustc_process_count": 0
        },
        {
          "cargo_pids": [],
          "classification": "runtime-owner",
          "job_limit_known": false,
          "kind": "runtime-owner",
          "pgid": 4707,
          "pids": [
            4707
          ],
          "requested_cargo_jobs": null,
          "runtime_owner_pids": [
            4707
          ],
          "rustc_process_count": 0
        },
        {
          "cargo_pids": [],
          "classification": "runtime-owner",
          "job_limit_known": false,
          "kind": "runtime-owner",
          "pgid": 52849,
          "pids": [
            52849
          ],
          "requested_cargo_jobs": null,
          "runtime_owner_pids": [
            52849
          ],
          "rustc_process_count": 0
        },
        {
          "cargo_pids": [
            94029
          ],
          "classification": "build",
          "job_limit_known": false,
          "kind": "cargo",
          "pgid": 93965,
          "pids": [
            11906,
            94029
          ],
          "requested_cargo_jobs": null,
          "runtime_owner_pids": [],
          "rustc_process_count": 1
        }
      ],
      "complete": true,
      "host_limit": 5,
      "resource_sampled_at_utc": "2026-10-06T20:03:40.973659+00:00",
      "root_disk_available_bytes": 198289186816,
      "sample_finished_at_utc": "2026-10-06T20:03:40.973352+00:00",
      "sample_started_at_utc": "2026-10-06T20:03:40.921086+00:00",
      "snapshot_issue_counts": {},
      "snapshot_race_counts": {
        "pid-exited-during-scan": 9
      },
      "visible_process_count": 907
    }
  },
  "limitations": [
    "local:active-cargo-jobs-unknown-group-counted-conservatively"
  ],
  "managed_host_permit_required": true,
  "max_cargo_jobs_per_group": 4,
  "max_sample_age_seconds": 60,
  "minimum_available_memory_bytes_each_host": 8589934592,
  "minimum_destination_root_disk_bytes": 17179869184,
  "processes_signaled": [],
  "raw_samples": {
    "h16001mac": {
      "census": {
        "argv_budget_exhausted": false,
        "capacity": {
          "conservative_local_occupancy": 0,
          "decision_reason": "local-build-capacity-available",
          "exited_cargo_processes": 0,
          "introspection_processes": 0,
          "known_build_processes": 0,
          "local_build_capacity": 3,
          "reserved_remote_builds": 1,
          "snapshot_allows_new_local_build": true,
          "total_build_capacity": 4,
          "unknown_cargo_processes": 0
        },
        "captured_argv_bytes": 0,
        "captured_argv_processes": 0,
        "compiler_groups": [
          {
            "cargo_pids": [],
            "classification": "runtime-owner",
            "job_limit_known": false,
            "kind": "runtime-owner",
            "pgid": 63153,
            "pids": [
              63164
            ],
            "requested_cargo_jobs": null,
            "runtime_owner_pids": [
              63164
            ],
            "rustc_process_count": 0
          }
        ],
        "compiler_groups_omitted_count": 0,
        "complete": true,
        "effective_uid": 1893584017,
        "entries": [],
        "entries_omitted_count": 0,
        "process_scope": "host-visible-process-table",
        "processes_signaled": [],
        "resource_snapshot": {
          "available_memory_bytes": 64733822976,
          "available_memory_source": "darwin-vm-stat-free-inactive-speculative",
          "root_disk_available_bytes": 1416373780480,
          "root_disk_total_bytes": 1995218165760,
          "root_disk_used_bytes": 578844385280,
          "sampled_at_utc": "2026-10-06T20:03:42.179039+00:00"
        },
        "resource_snapshot_complete": true,
        "sample_finished_at_utc": "2026-10-06T20:03:42.178874+00:00",
        "sample_started_at_utc": "2026-10-06T20:03:42.143977+00:00",
        "schema": "build-census.v1",
        "scope_note": "Foreign Cargo, rustc, and locald/backend-locald/backend-desktop-looking rows are inspected; inaccessible candidates count as occupied unknown process groups. Same-UID process executable paths are inspected. Cargo argv is read through native process APIs and redacted. Other foreign rows and processes hidden by OS namespaces or permissions are not validated, so this advisory cannot guarantee whole-machine capacity.",
        "slot_reserved": false,
        "snapshot_atomic": false,
        "snapshot_issue_counts": {},
        "snapshot_race_counts": {},
        "visible_process_count": 937
      },
      "census_sha256": "eb2cf7e580501bf8784a51019955e7c0fe9c75cdcc01273f9f09e6c00c4ddb98",
      "collector_finished_at_utc": "2026-10-06T20:03:42.190941+00:00",
      "collector_started_at_utc": "2026-10-06T20:03:40.854175+00:00",
      "host": "h16001mac",
      "return_code": 0,
      "stderr_bytes": 0,
      "transport_complete": true
    },
    "ilo": {
      "census": {
        "argv_budget_exhausted": false,
        "capacity": {
          "conservative_local_occupancy": 0,
          "decision_reason": "local-build-capacity-available",
          "exited_cargo_processes": 0,
          "introspection_processes": 0,
          "known_build_processes": 0,
          "local_build_capacity": 3,
          "reserved_remote_builds": 1,
          "snapshot_allows_new_local_build": true,
          "total_build_capacity": 4,
          "unknown_cargo_processes": 0
        },
        "captured_argv_bytes": 0,
        "captured_argv_processes": 0,
        "compiler_groups": [
          {
            "cargo_pids": [],
            "classification": "runtime-owner",
            "job_limit_known": false,
            "kind": "runtime-owner",
            "pgid": 557079,
            "pids": [
              557079
            ],
            "requested_cargo_jobs": null,
            "runtime_owner_pids": [
              557079
            ],
            "rustc_process_count": 0
          }
        ],
        "compiler_groups_omitted_count": 0,
        "complete": true,
        "effective_uid": 0,
        "entries": [],
        "entries_omitted_count": 0,
        "process_scope": "host-visible-process-table",
        "processes_signaled": [],
        "resource_snapshot": {
          "available_memory_bytes": 61622448128,
          "available_memory_source": "linux-proc-meminfo-MemAvailable",
          "root_disk_available_bytes": 182626693120,
          "root_disk_total_bytes": 501864161280,
          "root_disk_used_bytes": 293668941824,
          "sampled_at_utc": "2026-10-06T20:03:43.421939+00:00"
        },
        "resource_snapshot_complete": true,
        "sample_finished_at_utc": "2026-10-06T20:03:43.421886+00:00",
        "sample_started_at_utc": "2026-10-06T20:03:43.402483+00:00",
        "schema": "build-census.v1",
        "scope_note": "Foreign Cargo, rustc, and locald/backend-locald/backend-desktop-looking rows are inspected; inaccessible candidates count as occupied unknown process groups. Same-UID process executable paths are inspected. Cargo argv is read through native process APIs and redacted. Other foreign rows and processes hidden by OS namespaces or permissions are not validated, so this advisory cannot guarantee whole-machine capacity.",
        "slot_reserved": false,
        "snapshot_atomic": false,
        "snapshot_issue_counts": {},
        "snapshot_race_counts": {
          "pid-exited-during-scan": 262
        },
        "visible_process_count": 421
      },
      "census_sha256": "81ecde6b90234c28b625fef5e1ec168962dbc3c7772f4426c6499c6fe3854b40",
      "collector_finished_at_utc": "2026-10-06T20:03:43.423001+00:00",
      "collector_started_at_utc": "2026-10-06T20:03:40.853764+00:00",
      "host": "ilo",
      "return_code": 0,
      "stderr_bytes": 0,
      "transport_complete": true
    },
    "local": {
      "census": {
        "argv_budget_exhausted": false,
        "capacity": {
          "conservative_local_occupancy": 1,
          "decision_reason": "local-build-capacity-available",
          "exited_cargo_processes": 0,
          "introspection_processes": 0,
          "known_build_processes": 1,
          "local_build_capacity": 3,
          "reserved_remote_builds": 1,
          "snapshot_allows_new_local_build": true,
          "total_build_capacity": 4,
          "unknown_cargo_processes": 0
        },
        "captured_argv_bytes": 4652,
        "captured_argv_processes": 1,
        "compiler_groups": [
          {
            "cargo_pids": [],
            "classification": "runtime-owner",
            "job_limit_known": false,
            "kind": "runtime-owner",
            "pgid": 749,
            "pids": [
              749
            ],
            "requested_cargo_jobs": null,
            "runtime_owner_pids": [
              749
            ],
            "rustc_process_count": 0
          },
          {
            "cargo_pids": [],
            "classification": "runtime-owner",
            "job_limit_known": false,
            "kind": "runtime-owner",
            "pgid": 4707,
            "pids": [
              4707
            ],
            "requested_cargo_jobs": null,
            "runtime_owner_pids": [
              4707
            ],
            "rustc_process_count": 0
          },
          {
            "cargo_pids": [],
            "classification": "runtime-owner",
            "job_limit_known": false,
            "kind": "runtime-owner",
            "pgid": 52849,
            "pids": [
              52849
            ],
            "requested_cargo_jobs": null,
            "runtime_owner_pids": [
              52849
            ],
            "rustc_process_count": 0
          },
          {
            "cargo_pids": [
              94029
            ],
            "classification": "build",
            "job_limit_known": false,
            "kind": "cargo",
            "pgid": 93965,
            "pids": [
              11906,
              94029
            ],
            "requested_cargo_jobs": null,
            "runtime_owner_pids": [],
            "rustc_process_count": 1
          }
        ],
        "compiler_groups_omitted_count": 0,
        "complete": true,
        "effective_uid": 501,
        "entries": [
          {
            "ancestry": [
              {
                "pid": 93965,
                "start_token": "darwin:1791316995:931644"
              },
              {
                "pid": 1448,
                "start_token": "darwin:1791242454:044804"
              },
              {
                "pid": 751,
                "start_token": "darwin:1791242438:216673"
              }
            ],
            "ancestry_complete": false,
            "ancestry_error": "missing-parent",
            "argv": {
              "argc": 11,
              "status": "complete",
              "tokens": [
                "cargo",
                "test",
                "-p",
                "<arg>",
                "--test",
                "<arg>",
                "--features",
                "<arg>",
                "<arg>",
                "--",
                "--nocapture"
              ],
              "truncated": false
            },
            "argv_verb": "test",
            "classification": "build",
            "classification_reason": null,
            "executable": "cargo",
            "identity_validated": true,
            "pgid": 93965,
            "pid": 94029,
            "ppid": 93965,
            "requested_cargo_jobs": null,
            "start_token": "darwin:1791316996:020813"
          }
        ],
        "entries_omitted_count": 0,
        "process_scope": "host-visible-process-table",
        "processes_signaled": [],
        "resource_snapshot": {
          "available_memory_bytes": 10054385664,
          "available_memory_source": "darwin-vm-stat-free-inactive-speculative",
          "root_disk_available_bytes": 198289186816,
          "root_disk_total_bytes": 994662584320,
          "root_disk_used_bytes": 796373397504,
          "sampled_at_utc": "2026-10-06T20:03:40.973659+00:00"
        },
        "resource_snapshot_complete": true,
        "sample_finished_at_utc": "2026-10-06T20:03:40.973352+00:00",
        "sample_started_at_utc": "2026-10-06T20:03:40.921086+00:00",
        "schema": "build-census.v1",
        "scope_note": "Foreign Cargo, rustc, and locald/backend-locald/backend-desktop-looking rows are inspected; inaccessible candidates count as occupied unknown process groups. Same-UID process executable paths are inspected. Cargo argv is read through native process APIs and redacted. Other foreign rows and processes hidden by OS namespaces or permissions are not validated, so this advisory cannot guarantee whole-machine capacity.",
        "slot_reserved": false,
        "snapshot_atomic": false,
        "snapshot_issue_counts": {},
        "snapshot_race_counts": {
          "pid-exited-during-scan": 9
        },
        "visible_process_count": 907
      },
      "census_sha256": "45030a81f751f169133639f716f9ebcfe837b390d30725f11c1423dd6d019e00",
      "collector_finished_at_utc": "2026-10-06T20:03:40.991945+00:00",
      "collector_started_at_utc": "2026-10-06T20:03:40.851742+00:00",
      "host": "local",
      "return_code": 0,
      "stderr_bytes": 0,
      "transport_complete": true
    }
  },
  "reasons": [],
  "requested_cargo_jobs": 4,
  "sampled_at_utc": "2026-10-06T20:03:43.423345+00:00",
  "sampler_path": "/Users/mileswirht/Downloads/nudox-active-20261005/corpus-control/.config/scripts/build-census.py",
  "sampler_sha256": "6c71148545544ff162de3063af0da328dc61097891324754e433e6cee1a3e060",
  "schema": "compiler-capacity-admission.v5",
  "slot_reserved": false
}
