error: Result::map_err discards its unused source error
  --> $DIR/erased_map_err.rs:14:20
   |
LL |     result.map_err(|_| ConfigError::Allocation)
   |                    ^^^^^^^^^^^^^^^^^^^^^^^^^^^
   |
   = help: retain the source in the replacement error or pass it to an exact diagnostic function
   = note: requested on the command line with `-F nudox-erased-map-err`

error: Result::map_err discards its unused source error
  --> $DIR/erased_map_err.rs:18:20
   |
LL |     result.map_err(|_source| ConfigError::Allocation)
   |                    ^^^^^^^^^^^^^^^^^^^^^^^^^^^^^^^^^
   |
   = help: retain the source in the replacement error or pass it to an exact diagnostic function

error: Result::map_err discards its unused source error
  --> $DIR/erased_map_err.rs:23:25
   |
LL |         $result.map_err(|_| ConfigError::Allocation)
   |                         ^^^^^^^^^^^^^^^^^^^^^^^^^^^
...
LL |     erase_locally!(result)
   |     ---------------------- in this macro invocation
   |
   = help: retain the source in the replacement error or pass it to an exact diagnostic function
   = note: this error originates in the macro `erase_locally` (in Nightly builds, run with -Z macro-backtrace for more info)

error: Result::map_err discards its unused source error
  --> $DIR/erased_map_err.rs:48:20
   |
LL |     result.map_err(|_| exact_from_bytes(bytes))
   |                    ^^^^^^^^^^^^^^^^^^^^^^^^^^^
   |
   = help: retain the source in the replacement error or pass it to an exact diagnostic function

error: Result::map_err discards its unused source error
  --> $DIR/erased_map_err.rs:52:20
   |
LL |     result.map_err(|_| ConfigError::Tuple(ParseError))
   |                    ^^^^^^^^^^^^^^^^^^^^^^^^^^^^^^^^^^
   |
   = help: retain the source in the replacement error or pass it to an exact diagnostic function

error: aborting due to 5 previous errors

