error: workspace semantic/error enums must remain exhaustively matchable
  --> $DIR/non_exhaustive_semantic_enum.rs:4:1
   |
LL | / enum PublicationCause {
LL | |     Input,
LL | |     Unrecognized,
LL | | }
   | |_^
   |
   = help: remove `#[non_exhaustive]` and add a typed variant when the vocabulary grows
   = note: requested on the command line with `-F nudox-non-exhaustive-semantic-enum`

error: workspace semantic/error enums must remain exhaustively matchable
  --> $DIR/non_exhaustive_semantic_enum.rs:10:1
   |
LL | / pub enum PublishError {
LL | |     Input,
LL | | }
   | |_^
   |
   = help: remove `#[non_exhaustive]` and add a typed variant when the vocabulary grows

error: aborting due to 2 previous errors

