error: semantic state field `step` is stringly typed
  --> $DIR/stringly_state_field.rs:4:5
   |
LL |     step: &'static str,
   |     ^^^^^^^^^^^^^^^^^^
   |
   = help: replace the open string vocabulary with a closed enum or semantic type
   = note: requested on the command line with `-D nudox-stringly-state-field`

error: semantic state field `expected` is stringly typed
  --> $DIR/stringly_state_field.rs:8:5
   |
LL |     expected: String,
   |     ^^^^^^^^^^^^^^^^
   |
   = help: replace the open string vocabulary with a closed enum or semantic type

error: semantic state field `observed` is stringly typed
  --> $DIR/stringly_state_field.rs:14:13
   |
LL |             observed: &'static str,
   |             ^^^^^^^^^^^^^^^^^^^^^^
...
LL | local_state!(ExpandedScenario);
   | ------------------------------ in this macro invocation
   |
   = help: replace the open string vocabulary with a closed enum or semantic type
   = note: this error originates in the macro `local_state` (in Nightly builds, run with -Z macro-backtrace for more info)

error: aborting due to 3 previous errors

