{"label": "tool-node", "exit": 0, "seconds": 0.010215, "stdout_bytes": 9, "fault": null}
{"label": "tool-tsc", "exit": 0, "seconds": 0.112157, "stdout_bytes": 14, "fault": null}
{"label": "tool-python3", "exit": 0, "seconds": 0.003564, "stdout_bytes": 15, "fault": null}
{"label": "tool-pyrefly", "exit": 0, "seconds": 0.002825, "stdout_bytes": 20, "fault": null}
{"label": "tool-go", "exit": 0, "seconds": 0.003489, "stdout_bytes": 32, "fault": null}
{"label": "fresh-health", "exit": 0, "seconds": 6.648746, "stdout_bytes": 802, "fault": null}
{"label": "fresh-add", "exit": 0, "seconds": 6.238963, "stdout_bytes": 356, "fault": null}
{"label": "post-add-health", "exit": 0, "seconds": 0.097209, "stdout_bytes": 804, "fault": null}
{"label": "post-add-packages", "exit": 0, "seconds": 0.011317, "stdout_bytes": 522, "fault": null}
{"label": "post-add-semantic-versions", "exit": 0, "seconds": 0.006326, "stdout_bytes": 1115, "fault": null}
{"label": "query-search-send_async", "exit": 0, "seconds": 0.747931, "stdout_bytes": 2067, "fault": null}
{"label": "query-resolve", "exit": 0, "seconds": 0.011327, "stdout_bytes": 1010, "fault": null}
{"label": "query-outline-bare", "exit": 0, "seconds": 0.032162, "stdout_bytes": 41286, "fault": null}
{"label": "query-outline-dot", "exit": 0, "seconds": 0.032666, "stdout_bytes": 41286, "fault": null}
{"label": "query-outline-absolute", "exit": 0, "seconds": 0.030476, "stdout_bytes": 41286, "fault": null}
{"label": "query-source-5f76341c", "exit": 0, "seconds": 0.012192, "stdout_bytes": 3850, "fault": null}
{"label": "query-show-5f76341c", "exit": 0, "seconds": 0.049441, "stdout_bytes": 8166, "fault": null}
{"label": "query-references-5f76341c", "exit": 0, "seconds": 0.007567, "stdout_bytes": 331, "fault": null}
{"label": "query-graph-5f76341c", "exit": 0, "seconds": 0.015866, "stdout_bytes": 3414, "fault": null}
{"label": "query-related-5f76341c", "exit": 0, "seconds": 0.015711, "stdout_bytes": 3414, "fault": null}
{"label": "after-job-cancel-health", "exit": 0, "seconds": 0.082223, "stdout_bytes": 804, "fault": null}
{"label": "retry-add", "exit": 0, "seconds": 4.228492, "stdout_bytes": 356, "fault": null}
{"label": "retry-health", "exit": 0, "seconds": 0.082547, "stdout_bytes": 804, "fault": null}
{"label": "retry-search-send_async", "exit": 0, "seconds": 0.63288, "stdout_bytes": 2067, "fault": null}
{"label": "retry-resolve", "exit": 0, "seconds": 0.010913, "stdout_bytes": 1010, "fault": null}
{"label": "edit-add", "exit": 0, "seconds": 5.907609, "stdout_bytes": 356, "fault": null}
{"label": "edit-health", "exit": 0, "seconds": 0.084565, "stdout_bytes": 804, "fault": null}
{"label": "edit-resolve", "exit": 0, "seconds": 0.011991, "stdout_bytes": 1010, "fault": null}
{"label": "edit-source-5f76341c", "exit": 0, "seconds": 0.011277, "stdout_bytes": 3852, "fault": null}
{"label": "edit-document-5f76341c", "exit": 0, "seconds": 0.045265, "stdout_bytes": 8168, "fault": null}
{"label": "remove-project", "exit": 0, "seconds": 1.470374, "stdout_bytes": 358, "fault": null}
{"label": "removed-health", "exit": 0, "seconds": 0.08782, "stdout_bytes": 802, "fault": null}
{"label": "removed-source-5f76341c", "exit": 2, "seconds": 0.012121, "stdout_bytes": 369, "fault": {"answer": "fault", "cause": "unproven", "detail": "a frame, DTO, or identity proof failed admission: library record not found", "operand": "/root/nudox-corpus-20261006/runs/fresh-remote-runtime/20261006T121034Z-python-configured-bf2a91fc/project::semantic::1f8d3b82c2dce47eb8caf8e15f5cd97a1b9a9b4ca25ad906955fb9db1fb9f235::send_async", "slug": "protocol"}}
{"label": "removed-show-5f76341c", "exit": 2, "seconds": 0.01147, "stdout_bytes": 369, "fault": {"answer": "fault", "cause": "unproven", "detail": "a frame, DTO, or identity proof failed admission: library record not found", "operand": "/root/nudox-corpus-20261006/runs/fresh-remote-runtime/20261006T121034Z-python-configured-bf2a91fc/project::semantic::1f8d3b82c2dce47eb8caf8e15f5cd97a1b9a9b4ca25ad906955fb9db1fb9f235::send_async", "slug": "protocol"}}
{"label": "removed-references-5f76341c", "exit": 2, "seconds": 0.005589, "stdout_bytes": 158, "fault": {"answer": "fault", "cause": "malformed", "detail": "references target is absent from the selected view", "operand": "", "slug": "invalid-query"}}
{"label": "removed-graph-5f76341c", "exit": 2, "seconds": 0.010858, "stdout_bytes": 425, "fault": {"answer": "fault", "cause": "unproven", "detail": "a frame, DTO, or identity proof failed admission: command execution failed: semantic graph source is absent from the selected view", "operand": "/root/nudox-corpus-20261006/runs/fresh-remote-runtime/20261006T121034Z-python-configured-bf2a91fc/project::semantic::1f8d3b82c2dce47eb8caf8e15f5cd97a1b9a9b4ca25ad906955fb9db1fb9f235::send_async", "slug": "protocol"}}
{"label": "readd-project", "exit": 0, "seconds": 3.27109, "stdout_bytes": 356, "fault": null}
{"label": "readded-health", "exit": 0, "seconds": 0.082251, "stdout_bytes": 805, "fault": null}
{"label": "readded-source-5f76341c", "exit": 0, "seconds": 0.01114, "stdout_bytes": 3852, "fault": null}
{"label": "readded-show-5f76341c", "exit": 0, "seconds": 0.042674, "stdout_bytes": 8168, "fault": null}
{"label": "readded-references-5f76341c", "exit": 0, "seconds": 0.009544, "stdout_bytes": 331, "fault": null}
{"label": "readded-graph-5f76341c", "exit": 0, "seconds": 0.015787, "stdout_bytes": 3414, "fault": null}
{"label": "cold-health", "exit": 0, "seconds": 4.152167, "stdout_bytes": 805, "fault": null}
{"label": "cold-search-send_async", "exit": 0, "seconds": 0.658598, "stdout_bytes": 2067, "fault": null}
{"label": "cold-source-5f76341c", "exit": 0, "seconds": 0.010999, "stdout_bytes": 3852, "fault": null}
{"label": "cold-show-5f76341c", "exit": 0, "seconds": 0.043536, "stdout_bytes": 8168, "fault": null}
{"label": "cold-references-5f76341c", "exit": 0, "seconds": 0.009725, "stdout_bytes": 331, "fault": null}
{"label": "cold-graph-5f76341c", "exit": 0, "seconds": 0.015613, "stdout_bytes": 3414, "fault": null}
{"root": "/root/nudox-corpus-20261006/runs/fresh-remote-runtime/20261006T121034Z-python-configured-bf2a91fc", "source_unchanged": false, "accepted_project_pass": false, "remaining_owned_daemons": [], "journey_error": null}
