{
  "advisory_allowed": true,
  "allow_local_over_cap_for_remote": false,
  "collector_elapsed_seconds": 2.637,
  "collector_started_at_utc": "2026-10-06T21:33:54.855653+00:00",
  "current_fleet_compiler_group_count": 4,
  "destination": "local",
  "evidence_path": "/Users/mileswirht/Downloads/nudox-demo-evidence/httpie-20261006/final-a659/cold-admission.json",
  "fleet_compiler_group_limit": 16,
  "host_compiler_group_limits": {
    "h16001mac": 8,
    "ilo": 8,
    "local": 5
  },
  "hosts": {
    "h16001mac": {
      "age_seconds": 0.956,
      "available_memory_bytes": 65758003200,
      "available_memory_source": "darwin-vm-stat-free-inactive-speculative",
      "cargo_entries": 0,
      "census_sha256": "ff4dc0e8e2034ebbfd4dc1f7ea2dbfff6baee2c72aa2be641b5f021c9a8d0f69",
      "compiler_group_count": 1,
      "compiler_groups": [
        {
          "cargo_pids": [],
          "classification": "runtime-owner",
          "job_limit_known": false,
          "kind": "runtime-owner",
          "pgid": 63153,
          "pids": [
            63164
          ],
          "requested_cargo_jobs": null,
          "runtime_owner_pids": [
            63164
          ],
          "rustc_process_count": 0
        }
      ],
      "complete": true,
      "host_limit": 8,
      "resource_sampled_at_utc": "2026-10-06T21:33:56.567356+00:00",
      "root_disk_available_bytes": 1394885386240,
      "sample_finished_at_utc": "2026-10-06T21:33:56.567240+00:00",
      "sample_started_at_utc": "2026-10-06T21:33:56.536346+00:00",
      "snapshot_issue_counts": {},
      "snapshot_race_counts": {},
      "visible_process_count": 898
    },
    "ilo": {
      "age_seconds": 0.125,
      "available_memory_bytes": 61167288320,
      "available_memory_source": "linux-proc-meminfo-MemAvailable",
      "cargo_entries": 0,
      "census_sha256": "41fc86c3292bee57c767a56df12c6374c11b022900c58f42de7fed93badbf683",
      "compiler_group_count": 1,
      "compiler_groups": [
        {
          "cargo_pids": [],
          "classification": "runtime-owner",
          "job_limit_known": false,
          "kind": "runtime-owner",
          "pgid": 557079,
          "pids": [
            557079
          ],
          "requested_cargo_jobs": null,
          "runtime_owner_pids": [
            557079
          ],
          "rustc_process_count": 0
        }
      ],
      "complete": true,
      "host_limit": 8,
      "resource_sampled_at_utc": "2026-10-06T21:33:57.389381+00:00",
      "root_disk_available_bytes": 171381989376,
      "sample_finished_at_utc": "2026-10-06T21:33:57.389324+00:00",
      "sample_started_at_utc": "2026-10-06T21:33:57.367004+00:00",
      "snapshot_issue_counts": {},
      "snapshot_race_counts": {
        "pid-exited-during-scan": 271
      },
      "visible_process_count": 436
    },
    "local": {
      "age_seconds": 2.509,
      "available_memory_bytes": 10095296512,
      "available_memory_source": "darwin-vm-stat-free-inactive-speculative",
      "cargo_entries": 0,
      "census_sha256": "ad5b5cd731c2d4d297ee8a7d0352e7ee467a8a67ffd0e44e229bb15d471082db",
      "compiler_group_count": 2,
      "compiler_groups": [
        {
          "cargo_pids": [],
          "classification": "runtime-owner",
          "job_limit_known": false,
          "kind": "runtime-owner",
          "pgid": 749,
          "pids": [
            749
          ],
          "requested_cargo_jobs": null,
          "runtime_owner_pids": [
            749
          ],
          "rustc_process_count": 0
        },
        {
          "cargo_pids": [],
          "classification": "runtime-owner",
          "job_limit_known": false,
          "kind": "runtime-owner",
          "pgid": 4707,
          "pids": [
            4707
          ],
          "requested_cargo_jobs": null,
          "runtime_owner_pids": [
            4707
          ],
          "rustc_process_count": 0
        }
      ],
      "complete": true,
      "host_limit": 5,
      "resource_sampled_at_utc": "2026-10-06T21:33:55.050270+00:00",
      "root_disk_available_bytes": 177655668736,
      "sample_finished_at_utc": "2026-10-06T21:33:55.050080+00:00",
      "sample_started_at_utc": "2026-10-06T21:33:54.983273+00:00",
      "snapshot_issue_counts": {},
      "snapshot_race_counts": {
        "pid-exited-during-scan": 8
      },
      "visible_process_count": 867
    }
  },
  "limitations": [],
  "managed_host_permit_required": true,
  "max_cargo_jobs_per_group": 4,
  "max_sample_age_seconds": 60,
  "minimum_available_memory_bytes_each_host": 8589934592,
  "minimum_destination_root_disk_bytes": 17179869184,
  "processes_signaled": [],
  "raw_samples": {
    "h16001mac": {
      "census": {
        "argv_budget_exhausted": false,
        "capacity": {
          "conservative_local_occupancy": 0,
          "decision_reason": "local-build-capacity-available",
          "exited_cargo_processes": 0,
          "introspection_processes": 0,
          "known_build_processes": 0,
          "local_build_capacity": 3,
          "reserved_remote_builds": 1,
          "snapshot_allows_new_local_build": true,
          "total_build_capacity": 4,
          "unknown_cargo_processes": 0
        },
        "captured_argv_bytes": 0,
        "captured_argv_processes": 0,
        "compiler_groups": [
          {
            "cargo_pids": [],
            "classification": "runtime-owner",
            "job_limit_known": false,
            "kind": "runtime-owner",
            "pgid": 63153,
            "pids": [
              63164
            ],
            "requested_cargo_jobs": null,
            "runtime_owner_pids": [
              63164
            ],
            "rustc_process_count": 0
          }
        ],
        "compiler_groups_omitted_count": 0,
        "complete": true,
        "effective_uid": 1893584017,
        "entries": [],
        "entries_omitted_count": 0,
        "process_scope": "host-visible-process-table",
        "processes_signaled": [],
        "resource_snapshot": {
          "available_memory_bytes": 65758003200,
          "available_memory_source": "darwin-vm-stat-free-inactive-speculative",
          "root_disk_available_bytes": 1394885386240,
          "root_disk_total_bytes": 1995218165760,
          "root_disk_used_bytes": 600332779520,
          "sampled_at_utc": "2026-10-06T21:33:56.567356+00:00"
        },
        "resource_snapshot_complete": true,
        "sample_finished_at_utc": "2026-10-06T21:33:56.567240+00:00",
        "sample_started_at_utc": "2026-10-06T21:33:56.536346+00:00",
        "schema": "build-census.v1",
        "scope_note": "Foreign Cargo, rustc, and locald/backend-locald/backend-desktop-looking rows are inspected; inaccessible candidates count as occupied unknown process groups. Same-UID process executable paths are inspected. Cargo argv is read through native process APIs and redacted. Other foreign rows and processes hidden by OS namespaces or permissions are not validated, so this advisory cannot guarantee whole-machine capacity.",
        "slot_reserved": false,
        "snapshot_atomic": false,
        "snapshot_issue_counts": {},
        "snapshot_race_counts": {},
        "visible_process_count": 898
      },
      "census_sha256": "ff4dc0e8e2034ebbfd4dc1f7ea2dbfff6baee2c72aa2be641b5f021c9a8d0f69",
      "collector_finished_at_utc": "2026-10-06T21:33:56.619813+00:00",
      "collector_started_at_utc": "2026-10-06T21:33:54.867600+00:00",
      "host": "h16001mac",
      "return_code": 0,
      "stderr_bytes": 0,
      "transport_complete": true
    },
    "ilo": {
      "census": {
        "argv_budget_exhausted": false,
        "capacity": {
          "conservative_local_occupancy": 0,
          "decision_reason": "local-build-capacity-available",
          "exited_cargo_processes": 0,
          "introspection_processes": 0,
          "known_build_processes": 0,
          "local_build_capacity": 3,
          "reserved_remote_builds": 1,
          "snapshot_allows_new_local_build": true,
          "total_build_capacity": 4,
          "unknown_cargo_processes": 0
        },
        "captured_argv_bytes": 0,
        "captured_argv_processes": 0,
        "compiler_groups": [
          {
            "cargo_pids": [],
            "classification": "runtime-owner",
            "job_limit_known": false,
            "kind": "runtime-owner",
            "pgid": 557079,
            "pids": [
              557079
            ],
            "requested_cargo_jobs": null,
            "runtime_owner_pids": [
              557079
            ],
            "rustc_process_count": 0
          }
        ],
        "compiler_groups_omitted_count": 0,
        "complete": true,
        "effective_uid": 0,
        "entries": [],
        "entries_omitted_count": 0,
        "process_scope": "host-visible-process-table",
        "processes_signaled": [],
        "resource_snapshot": {
          "available_memory_bytes": 61167288320,
          "available_memory_source": "linux-proc-meminfo-MemAvailable",
          "root_disk_available_bytes": 171381989376,
          "root_disk_total_bytes": 501864161280,
          "root_disk_used_bytes": 304913645568,
          "sampled_at_utc": "2026-10-06T21:33:57.389381+00:00"
        },
        "resource_snapshot_complete": true,
        "sample_finished_at_utc": "2026-10-06T21:33:57.389324+00:00",
        "sample_started_at_utc": "2026-10-06T21:33:57.367004+00:00",
        "schema": "build-census.v1",
        "scope_note": "Foreign Cargo, rustc, and locald/backend-locald/backend-desktop-looking rows are inspected; inaccessible candidates count as occupied unknown process groups. Same-UID process executable paths are inspected. Cargo argv is read through native process APIs and redacted. Other foreign rows and processes hidden by OS namespaces or permissions are not validated, so this advisory cannot guarantee whole-machine capacity.",
        "slot_reserved": false,
        "snapshot_atomic": false,
        "snapshot_issue_counts": {},
        "snapshot_race_counts": {
          "pid-exited-during-scan": 271
        },
        "visible_process_count": 436
      },
      "census_sha256": "41fc86c3292bee57c767a56df12c6374c11b022900c58f42de7fed93badbf683",
      "collector_finished_at_utc": "2026-10-06T21:33:57.491622+00:00",
      "collector_started_at_utc": "2026-10-06T21:33:54.864243+00:00",
      "host": "ilo",
      "return_code": 0,
      "stderr_bytes": 0,
      "transport_complete": true
    },
    "local": {
      "census": {
        "argv_budget_exhausted": false,
        "capacity": {
          "conservative_local_occupancy": 0,
          "decision_reason": "local-build-capacity-available",
          "exited_cargo_processes": 0,
          "introspection_processes": 0,
          "known_build_processes": 0,
          "local_build_capacity": 3,
          "reserved_remote_builds": 1,
          "snapshot_allows_new_local_build": true,
          "total_build_capacity": 4,
          "unknown_cargo_processes": 0
        },
        "captured_argv_bytes": 0,
        "captured_argv_processes": 0,
        "compiler_groups": [
          {
            "cargo_pids": [],
            "classification": "runtime-owner",
            "job_limit_known": false,
            "kind": "runtime-owner",
            "pgid": 749,
            "pids": [
              749
            ],
            "requested_cargo_jobs": null,
            "runtime_owner_pids": [
              749
            ],
            "rustc_process_count": 0
          },
          {
            "cargo_pids": [],
            "classification": "runtime-owner",
            "job_limit_known": false,
            "kind": "runtime-owner",
            "pgid": 4707,
            "pids": [
              4707
            ],
            "requested_cargo_jobs": null,
            "runtime_owner_pids": [
              4707
            ],
            "rustc_process_count": 0
          }
        ],
        "compiler_groups_omitted_count": 0,
        "complete": true,
        "effective_uid": 501,
        "entries": [],
        "entries_omitted_count": 0,
        "process_scope": "host-visible-process-table",
        "processes_signaled": [],
        "resource_snapshot": {
          "available_memory_bytes": 10095296512,
          "available_memory_source": "darwin-vm-stat-free-inactive-speculative",
          "root_disk_available_bytes": 177655668736,
          "root_disk_total_bytes": 994662584320,
          "root_disk_used_bytes": 817006915584,
          "sampled_at_utc": "2026-10-06T21:33:55.050270+00:00"
        },
        "resource_snapshot_complete": true,
        "sample_finished_at_utc": "2026-10-06T21:33:55.050080+00:00",
        "sample_started_at_utc": "2026-10-06T21:33:54.983273+00:00",
        "schema": "build-census.v1",
        "scope_note": "Foreign Cargo, rustc, and locald/backend-locald/backend-desktop-looking rows are inspected; inaccessible candidates count as occupied unknown process groups. Same-UID process executable paths are inspected. Cargo argv is read through native process APIs and redacted. Other foreign rows and processes hidden by OS namespaces or permissions are not validated, so this advisory cannot guarantee whole-machine capacity.",
        "slot_reserved": false,
        "snapshot_atomic": false,
        "snapshot_issue_counts": {},
        "snapshot_race_counts": {
          "pid-exited-during-scan": 8
        },
        "visible_process_count": 867
      },
      "census_sha256": "ad5b5cd731c2d4d297ee8a7d0352e7ee467a8a67ffd0e44e229bb15d471082db",
      "collector_finished_at_utc": "2026-10-06T21:33:55.066075+00:00",
      "collector_started_at_utc": "2026-10-06T21:33:54.863717+00:00",
      "host": "local",
      "return_code": 0,
      "stderr_bytes": 0,
      "transport_complete": true
    }
  },
  "reasons": [],
  "requested_cargo_jobs": 1,
  "sampled_at_utc": "2026-10-06T21:33:57.492038+00:00",
  "sampler_path": "/Users/mileswirht/Downloads/nudox-active-20261005/corpus-control/.config/scripts/build-census.py",
  "sampler_sha256": "6c71148545544ff162de3063af0da328dc61097891324754e433e6cee1a3e060",
  "schema": "compiler-capacity-admission.v5",
  "slot_reserved": false
}
